<html>
<body>
<pre>
<h1>킮ision Build Log</h1>
<h2>Project:</h2>
D:\Wiznet\WIZnet_product\WIZ750JR\Firmware\W7500x_Project_dev_WIZ750Jr_20160215_v3\Projects\S2E_Boot\W7500x_S2E.uvproj
Project File Date:  03/18/2016

<h2>Output:</h2>
Rebuild target 'W7500x_S2E_Boot'
assembling startup_W7500x.s...
compiling system_W7500x.c...
compiling W7500x_dualtimer.c...
compiling W7500x_gpio.c...
compiling W7500x_uart.c...
compiling W7500x_wztoe.c...
compiling W7500x_crg.c...
compiling socket.c...
compiling wizchip_conf.c...
compiling W7500x_miim.c...
compiling dhcp.c...
compiling dhcp_cb.c...
compiling W7500x_it.c...
compiling retarget.c...
compiling main.c...
compiling segcp.c...
src\Configuration\segcp.c(139): warning:  #167-D: argument of type "uint8_t *" is incompatible with parameter of type "const char *"
                if(!strncmp(pmsg, *pcmd, strlen(*pcmd))) break;
src\Configuration\segcp.c(139): warning:  #167-D: argument of type "uint8_t *" is incompatible with parameter of type "const char *"
                if(!strncmp(pmsg, *pcmd, strlen(*pcmd))) break;
src\Configuration\segcp.c(139): warning:  #167-D: argument of type "uint8_t *" is incompatible with parameter of type "const char *"
                if(!strncmp(pmsg, *pcmd, strlen(*pcmd))) break;
src\Configuration\segcp.c(181): warning:  #167-D: argument of type "uint8_t *" is incompatible with parameter of type "char *restrict"
                strcpy(param, (uint8_t*)&pmsg[2]);
src\Configuration\segcp.c(181): warning:  #167-D: argument of type "uint8_t *" is incompatible with parameter of type "const char *restrict"
                strcpy(param, (uint8_t*)&pmsg[2]);
src\Configuration\segcp.c(209): warning:  #144-D: a value of type "uint8_t *" cannot be used to initialize an entity of type "char *"
        char* trep = segcp_rep;
src\Configuration\segcp.c(225): warning:  #167-D: argument of type "uint8_t *" is incompatible with parameter of type "char *restrict"
        treq = strtok(segcp_req, SEGCP_DELIMETER);
src\Configuration\segcp.c(225): warning:  #513-D: a value of type "char *" cannot be assigned to an entity of type "uint8_t *"
        treq = strtok(segcp_req, SEGCP_DELIMETER);
src\Configuration\segcp.c(234): warning:  #167-D: argument of type "uint8_t *" is incompatible with parameter of type "const char *"
                        param_len = strlen(param);
src\Configuration\segcp.c(487): warning:  #167-D: argument of type "uint8_t *" is incompatible with parameter of type "const char *restrict"
                                                sscanf(param,"%ld", &tmp_long);
src\Configuration\segcp.c(492): warning:  #167-D: argument of type "uint8_t *" is incompatible with parameter of type "const char *restrict"
                                                sscanf(param,"%ld", &tmp_long);
src\Configuration\segcp.c(497): warning:  #167-D: argument of type "uint8_t *" is incompatible with parameter of type "const char *restrict"
                                                sscanf(param,"%ld", &tmp_long);
src\Configuration\segcp.c(600): warning:  #167-D: argument of type "uint8_t *" is incompatible with parameter of type "const char *restrict"
                                                                sscanf(param, "%s", &dev_config->module_name);
src\Configuration\segcp.c(600): warning:  #181-D: argument is incompatible with corresponding format string conversion
                                                                sscanf(param, "%s", &dev_config->module_name);
src\Configuration\segcp.c(605): warning:  #167-D: argument of type "uint8_t *" is incompatible with parameter of type "const char *restrict"
                                                sscanf(param,"%ld", &tmp_long);
src\Configuration\segcp.c(610): warning:  #167-D: argument of type "uint8_t *" is incompatible with parameter of type "const char *restrict"
                                                sscanf(param,"%ld", &tmp_long);
src\Configuration\segcp.c(627): warning:  #167-D: argument of type "uint8_t *" is incompatible with parameter of type "const char *restrict"
                                                        else strcpy(dev_config->options.dns_domain_name, param);
src\Configuration\segcp.c(632): warning:  #167-D: argument of type "uint8_t *" is incompatible with parameter of type "const char *restrict"
                                                sscanf(param, "%d", &tmp_int);
src\Configuration\segcp.c(632): warning:  #181-D: argument is incompatible with corresponding format string conversion
                                                sscanf(param, "%d", &tmp_int);
src\Configuration\segcp.c(670): warning:  #167-D: argument of type "uint8_t *" is incompatible with parameter of type "const char *restrict"
                                                sscanf(param, "%ld", &tmp_long);
src\Configuration\segcp.c(675): warning:  #167-D: argument of type "uint8_t *" is incompatible with parameter of type "const char *restrict"
                                                sscanf(param, "%ld", &tmp_long);
src\Configuration\segcp.c(680): warning:  #167-D: argument of type "uint8_t *" is incompatible with parameter of type "const char *restrict"
                                                sscanf(param, "%d", &tmp_int);
src\Configuration\segcp.c(680): warning:  #181-D: argument is incompatible with corresponding format string conversion
                                                sscanf(param, "%d", &tmp_int);
src\Configuration\segcp.c(691): warning:  #167-D: argument of type "uint8_t *" is incompatible with parameter of type "const char *restrict"
                                                        sscanf(param,"%x", &tmp_int);
src\Configuration\segcp.c(691): warning:  #181-D: argument is incompatible with corresponding format string conversion
                                                        sscanf(param,"%x", &tmp_int);
src\Configuration\segcp.c(721): warning:  #167-D: argument of type "uint8_t *" is incompatible with parameter of type "const char *restrict"
                                                        else sscanf(param,"%s", &dev_config->options.pw_connect[0]);
src\Configuration\segcp.c(732): warning:  #167-D: argument of type "uint8_t *" is incompatible with parameter of type "const char *restrict"
                                                        else sscanf(param,"%s", &dev_config->options.pw_search);
src\Configuration\segcp.c(732): warning:  #181-D: argument is incompatible with corresponding format string conversion
                                                        else sscanf(param,"%s", &dev_config->options.pw_search);
src\Configuration\segcp.c(736): warning:  #167-D: argument of type "uint8_t *" is incompatible with parameter of type "const char *restrict"
                                                sscanf(param, "%ld", &tmp_long);
src\Configuration\segcp.c(759): warning:  #224-D: the format string requires additional arguments
                                                        ,dev_config->network_info_common.local_ip[2] , dev_config->network_info_common.local_ip[3], (uint16_t)DEVICE_FWUP_PORT);
src\Configuration\segcp.c(815): warning:  #513-D: a value of type "char *" cannot be assigned to an entity of type "uint8_t *"
                treq = strtok(NULL, SEGCP_DELIMETER);
src\Configuration\segcp.c(204): warning:  #177-D: variable "i" was declared but never referenced
        uint8_t  i = 0;
src\Configuration\segcp.c(217): warning:  #177-D: variable "tmp_ip_cnt" was declared but never referenced
        uint8_t tmp_ip_cnt = 0;
src\Configuration\segcp.c(862): warning:  #167-D: argument of type "uint8_t *" is incompatible with parameter of type "char *restrict"
                                                sprintf(trep,"%s%c%c%c%c%c%c\r\n",tbSEGCPCMD[SEGCP_MA],
src\Configuration\segcp.c(871): warning:  #167-D: argument of type "uint8_t *" is incompatible with parameter of type "const char *"
                                                        if((tpar[0] == SEGCP_NULL && dev_config->options.pw_search[0] == 0) || !strcmp(tpar, dev_config->options.pw_search))
src\Configuration\segcp.c(873): warning:  #167-D: argument of type "uint8_t *" is incompatible with parameter of type "const char *"
                                                                memcpy(trep,treq, strlen(tpar)+4);  // "PWxxxx\r\n"
src\Configuration\segcp.c(874): warning:  #167-D: argument of type "uint8_t *" is incompatible with parameter of type "const char *"
                                                                treq += (strlen(tpar) + 4);
src\Configuration\segcp.c(875): warning:  #167-D: argument of type "uint8_t *" is incompatible with parameter of type "const char *"
                                                                trep += (strlen(tpar) + 4);
src\Configuration\segcp.c(877): warning:  #167-D: argument of type "uint8_t *" is incompatible with parameter of type "const char *"
                                                                sendto(SEGCP_UDP_SOCK, segcp_rep, 14+strlen(tpar)+strlen(trep), "\xFF\xFF\xFF\xFF", destport);
src\Configuration\segcp.c(877): warning:  #167-D: argument of type "uint8_t *" is incompatible with parameter of type "const char *"
                                                                sendto(SEGCP_UDP_SOCK, segcp_rep, 14+strlen(tpar)+strlen(trep), "\xFF\xFF\xFF\xFF", destport);
src\Configuration\segcp.c(834): warning:  #177-D: variable "i" was declared but never referenced
        uint16_t i = 0;
src\Configuration\segcp.c: 41 warnings, 0 errors
compiling util.c...
src\Configuration\util.c(139): warning:  #181-D: argument is incompatible with corresponding format string conversion
                sscanf(tmp_hexstr, "%x", hexarray++);
src\Configuration\util.c: 1 warning, 0 errors
compiling flashHandler.c...
compiling storageHandler.c...
compiling timerHandler.c...
compiling uartHandler.c...
compiling deviceHandler.c...
compiling eepromHandler.c...
compiling i2cHandler.c...
compiling W7500x_board.c...
compiling ConfigData.c...
linking...
Program Size: Code=25544 RO-data=1076 RW-data=500 ZI-data=8556  
FromELF: creating hex file...
After Build - User command #1: fromelf --bin -o "D:\Wiznet\WIZnet_product\WIZ750JR\Firmware\W7500x_Project_dev_WIZ750Jr_20160215_v3\Projects\S2E_Boot\obj\W7500x_S2E_Boot.bin" "D:\Wiznet\WIZnet_product\WIZ750JR\Firmware\W7500x_Project_dev_WIZ750Jr_20160215_v3\Projects\S2E_Boot\obj\W7500x_S2E_Boot.axf"
After Build - User command #2: w7500_s2e_boot_gen_production_hex2bin.bat
D:\Wiznet\WIZnet_product\WIZ750JR\Firmware\W7500x_Project_dev_WIZ750Jr_20160215_v3\Projects\S2E_Boot>copy /b /y obj\W7500x_S2E_Boot.bin bin\ 
        1개 파일이 복사되었습니다.
D:\Wiznet\WIZnet_product\WIZ750JR\Firmware\W7500x_Project_dev_WIZ750Jr_20160215_v3\Projects\S2E_Boot>copy /b /y obj\W7500x_S2E_Boot.hex bin\ 
        1개 파일이 복사되었습니다.
D:\Wiznet\WIZnet_product\WIZ750JR\Firmware\W7500x_Project_dev_WIZ750Jr_20160215_v3\Projects\S2E_Boot>copy /b /y bin\W7500x_S2E_Boot.hex + ..\S2E_App\bin\W7500x_S2E_App.hex ..\W7500x_S2E_Production.hex 
bin\W7500x_S2E_Boot.hex
..\S2E_App\bin\W7500x_S2E_App.hex
        1개 파일이 복사되었습니다.
D:\Wiznet\WIZnet_product\WIZ750JR\Firmware\W7500x_Project_dev_WIZ750Jr_20160215_v3\Projects\S2E_Boot>..\hex2bin.exe ..\W7500x_S2E_Production.hex 
hex2bin v1.0.4, Copyright (C) 1998 Jacques Pelletier
checksum extensions Copyright (C) 2004 Rockwell Automation
Lowest address  = 00000000
Highest address = 0001197B
Pad Byte        = FF
8-bit Checksum = 50
".\obj\W7500x_S2E_Boot.axf" - 0 Error(s), 42 Warning(s).
