Product: MDK-ARM Standard 5.10
Component: ARM Compiler 5.04 update 1 (build 49)
Tool: armlink [5040049]

==============================================================================

Section Cross References

    startup_w7500x.o(STACK) refers (Special) to heapauxi.o(.text) for __use_two_region_memory
    startup_w7500x.o(HEAP) refers (Special) to heapauxi.o(.text) for __use_two_region_memory
    startup_w7500x.o(RESET) refers (Special) to heapauxi.o(.text) for __use_two_region_memory
    startup_w7500x.o(RESET) refers to startup_w7500x.o(STACK) for __initial_sp
    startup_w7500x.o(RESET) refers to startup_w7500x.o(.text) for Reset_Handler
    startup_w7500x.o(RESET) refers to w7500x_it.o(.text) for NMI_Handler
    startup_w7500x.o(.text) refers (Special) to heapauxi.o(.text) for __use_two_region_memory
    startup_w7500x.o(.text) refers to system_w7500x.o(.text) for SystemInit
    startup_w7500x.o(.text) refers to __main.o(!!!main) for __main
    startup_w7500x.o(.text) refers to startup_w7500x.o(HEAP) for Heap_Mem
    startup_w7500x.o(.text) refers to startup_w7500x.o(STACK) for Stack_Mem
    system_w7500x.o(.text) refers to aeabi_sdiv.o(.text) for __aeabi_uidivmod
    system_w7500x.o(.text) refers to system_w7500x.o(.data) for .data
    w7500x_uart.o(.text) refers to system_w7500x.o(.text) for GetPLLSource
    w7500x_uart.o(.text) refers to aeabi_sdiv.o(.text) for __aeabi_uidivmod
    w7500x_uart.o(.text) refers to fflti.o(.text) for __aeabi_ui2f
    w7500x_uart.o(.text) refers to fdiv.o(.text) for __aeabi_fdiv
    w7500x_uart.o(.text) refers to ffixui.o(.text) for __aeabi_f2uiz
    w7500x_uart.o(.text) refers to faddsub.o(x$fpl$frsb) for __aeabi_frsub
    w7500x_uart.o(.text) refers to fscalbn.o(.text) for __ARM_scalbnf
    w7500x_uart.o(.text) refers to f2d.o(.text) for __aeabi_f2d
    w7500x_uart.o(.text) refers to daddsub.o(.text) for __aeabi_dadd
    w7500x_uart.o(.text) refers to dfixui.o(.text) for __aeabi_d2uiz
    socket.o(.text) refers to w7500x_wztoe.o(.text) for WIZCHIP_WRITE
    socket.o(.text) refers to socket.o(.data) for .data
    socket.o(.text) refers to socket.o(.bss) for .bss
    socket.o(.text) refers to socket.o(i.__ARM_common_switch8) for __ARM_common_switch8
    wizchip_conf.o(.text) refers to w7500x_wztoe.o(.text) for WIZCHIP_READ
    wizchip_conf.o(.text) refers to socket.o(i.__ARM_common_switch8) for __ARM_common_switch8
    wizchip_conf.o(.text) refers to wizchip_conf.o(.data) for .data
    wizchip_conf.o(.data) refers to wizchip_conf.o(.text) for wizchip_cris_enter
    w7500x_miim.o(.text) refers to w7500x_gpio.o(.text) for GPIO_SetBits
    w7500x_miim.o(.text) refers to main.o(.text) for delay
    w7500x_miim.o(.text) refers to noretval__2printf.o(.text) for __2printf
    w7500x_miim.o(.text) refers to w7500x_miim.o(.data) for .data
    dhcp.o(.text) refers to w7500x_wztoe.o(.text) for WIZCHIP_WRITE
    dhcp.o(.text) refers to socket.o(.text) for sendto
    dhcp.o(.text) refers to dhcp.o(.data) for .data
    dhcp.o(.text) refers to socket.o(i.__ARM_common_switch8) for __ARM_common_switch8
    dhcp.o(.data) refers to dhcp.o(.text) for default_ip_assign
    dhcp_cb.o(.text) refers to configdata.o(.text) for get_DevConfig_pointer
    dhcp_cb.o(.text) refers to dhcp.o(.text) for getIPfromDHCP
    dhcp_cb.o(.text) refers to wizchip_conf.o(.text) for ctlnetwork
    retarget.o(.rev16_text) refers (Special) to use_no_semi.o(.text) for __use_no_semihosting_swi
    retarget.o(.revsh_text) refers (Special) to use_no_semi.o(.text) for __use_no_semihosting_swi
    retarget.o(.text) refers (Special) to use_no_semi.o(.text) for __use_no_semihosting_swi
    retarget.o(.text) refers to w7500x_uart.o(.text) for S_UartPutc
    retarget.o(.data) refers (Special) to use_no_semi.o(.text) for __use_no_semihosting_swi
    retarget.o(.data) refers (Special) to use_no_semi.o(.text) for __use_no_semihosting_swi
    main.o(.text) refers to _printf_percent.o(.ARM.Collect$$_printf_percent$$00000000) for _printf_percent
    main.o(.text) refers to _printf_u.o(.ARM.Collect$$_printf_percent$$0000000A) for _printf_u
    main.o(.text) refers to _printf_dec.o(.text) for _printf_int_dec
    main.o(.text) refers to _printf_s.o(.ARM.Collect$$_printf_percent$$00000014) for _printf_s
    main.o(.text) refers to _printf_str.o(.text) for _printf_str
    main.o(.text) refers to _printf_d.o(.ARM.Collect$$_printf_percent$$00000009) for _printf_d
    main.o(.text) refers to configdata.o(.text) for get_DevConfig_pointer
    main.o(.text) refers to noretval__2printf.o(.text) for __2printf
    main.o(.text) refers to dhcp.o(.text) for getDHCPLeasetime
    main.o(.text) refers to segcp.o(.text) for do_segcp
    main.o(.text) refers to timerhandler.o(.text) for Time_Counter
    main.o(.text) refers to flashhandler.o(.text) for DO_IAP
    main.o(.text) refers to rt_memclr.o(.text) for __aeabi_memclr4
    main.o(.text) refers to storagehandler.o(.text) for read_storage
[...]
    .ARM.Collect$$rtentry$$00000002          0x0000015e   Section        0  rtentry2.o(.ARM.Collect$$rtentry$$00000002)
    .ARM.Collect$$rtentry$$00000004          0x0000015e   Section        6  rtentry4.o(.ARM.Collect$$rtentry$$00000004)
    .ARM.Collect$$rtentry$$00000009          0x00000164   Section        0  rtentry2.o(.ARM.Collect$$rtentry$$00000009)
    .ARM.Collect$$rtentry$$0000000A          0x00000164   Section        4  rtentry2.o(.ARM.Collect$$rtentry$$0000000A)
    .ARM.Collect$$rtentry$$0000000C          0x00000168   Section        0  rtentry2.o(.ARM.Collect$$rtentry$$0000000C)
    .ARM.Collect$$rtentry$$0000000D          0x00000168   Section        8  rtentry2.o(.ARM.Collect$$rtentry$$0000000D)
    .ARM.Collect$$rtexit$$00000000           0x00000170   Section        2  rtexit.o(.ARM.Collect$$rtexit$$00000000)
    .ARM.Collect$$rtexit$$00000002           0x00000172   Section        0  rtexit2.o(.ARM.Collect$$rtexit$$00000002)
    .ARM.Collect$$rtexit$$00000003           0x00000172   Section        4  rtexit2.o(.ARM.Collect$$rtexit$$00000003)
    .ARM.Collect$$rtexit$$00000004           0x00000176   Section        6  rtexit2.o(.ARM.Collect$$rtexit$$00000004)
    .emb_text                                0x0000017c   Section       56  rt_memcpy.o(.emb_text)
    .text                                    0x000001b4   Section       56  startup_w7500x.o(.text)
    .text                                    0x000001ec   Section        0  system_w7500x.o(.text)
    .text                                    0x000002e0   Section        0  w7500x_dualtimer.o(.text)
    .text                                    0x000003e8   Section        0  w7500x_gpio.o(.text)
    .text                                    0x00000700   Section        0  w7500x_uart.o(.text)
    .text                                    0x00000974   Section        0  w7500x_wztoe.o(.text)
    .text                                    0x00000a28   Section        0  socket.o(.text)
    .text                                    0x000014dc   Section        0  wizchip_conf.o(.text)
    .text                                    0x00001aa8   Section        0  w7500x_miim.o(.text)
    .text                                    0x00001d0c   Section        0  dhcp.o(.text)
    .text                                    0x000028b8   Section        0  dhcp_cb.o(.text)
    .text                                    0x00002942   Section        0  w7500x_it.o(.text)
    .text                                    0x0000297e   Section        0  retarget.o(.text)
    .text                                    0x000029a8   Section        0  main.o(.text)
    .text                                    0x00002de0   Section        0  segcp.o(.text)
    .text                                    0x000039e0   Section        0  util.o(.text)
    .text                                    0x00003bec   Section        0  flashhandler.o(.text)
    .text                                    0x00003cc8   Section        0  storagehandler.o(.text)
    .text                                    0x00003da0   Section        0  timerhandler.o(.text)
    .text                                    0x00003e88   Section        0  uarthandler.o(.text)
    .text                                    0x00003eac   Section        0  devicehandler.o(.text)
    .text                                    0x00004318   Section        0  w7500x_board.o(.text)
    .text                                    0x000044ac   Section        0  configdata.o(.text)
    .text                                    0x00004a74   Section        2  use_no_semi.o(.text)
    .text                                    0x00004a78   Section       16  rt_ctype_table.o(.text)
    .text                                    0x00004a88   Section        0  noretval__2printf.o(.text)
    .text                                    0x00004aa4   Section        0  noretval__2sprintf.o(.text)
    .text                                    0x00004acc   Section        0  _printf_pad.o(.text)
    .text                                    0x00004b1a   Section        0  _printf_str.o(.text)
    .text                                    0x00004b6c   Section        0  _printf_dec.o(.text)
    .text                                    0x00004bd8   Section        0  _printf_hex_int.o(.text)
    .text                                    0x00004c30   Section        0  __printf_flags_wp.o(.text)
    .text                                    0x00004d68   Section        0  __0sscanf.o(.text)
    .text                                    0x00004da8   Section        0  _scanf_int.o(.text)
    .text                                    0x00004ef2   Section        0  _scanf_str.o(.text)
    .text                                    0x00004fd6   Section        0  atoi.o(.text)
    .text                                    0x00004ff0   Section        0  strtok.o(.text)
    .text                                    0x00005000   Section        0  strchr.o(.text)
    .text                                    0x00005014   Section        0  memcmp.o(.text)
    .text                                    0x00005070   Section        0  strcpy.o(.text)
    .text                                    0x000050bc   Section        0  strlen.o(.text)
    .text                                    0x00005100   Section        0  strncmp.o(.text)
    .text                                    0x000051a0   Section        0  strcat.o(.text)
    .text                                    0x000051b8   Section        0  rt_memcpy.o(.text)
    .text                                    0x0000523a   Section        0  rt_memclr.o(.text)
    .text                                    0x0000527c   Section        0  strcmp.o(.text)
    .text                                    0x00005304   Section        0  uread4.o(.text)
    .text                                    0x00005326   Section        0  uwrite4.o(.text)
    .text                                    0x00005336   Section      346  aeabi_sdiv.o(.text)
    .text                                    0x00005490   Section        0  heapauxi.o(.text)
    .text                                    0x00005498   Section        0  daddsub.o(.text)
    _dadd1                                   0x00005499   Thumb Code   290  daddsub.o(.text)
    _dsub1                                   0x000055bb   Thumb Code   470  daddsub.o(.text)
    .text                                    0x000057e8   Section        0  dfixui.o(.text)
    .text                                    0x0000582c   Section        0  f2d.o(.text)
    .text                                    0x00005880   Section        0  fdiv.o(.text)
    .text                                    0x000059e0   Section        0  ffixui.o(.text)
    .text                                    0x00005a10   Section        0  fflti.o(.text)
    .text                                    0x00005a70   Section        0  fscalbn.o(.text)
    .text                                    0x00005ab4   Section        8  rt_locale_intlibspace.o(.text)
    .text                                    0x00005abc   Section        8  rt_errno_addr_intlibspace.o(.text)
    .text                                    0x00005ac4   Section        0  _printf_intcommon.o(.text)
    .text                                    0x00005b74   Section        0  _printf_char_common.o(.text)
    _printf_input_char                       0x00005b75   Thumb Code    10  _printf_char_common.o(.text)
    .text                                    0x00005ba4   Section        0  _sputc.o(.text)
    .text                                    0x00005bae   Section        0  _printf_char.o(.text)
    .text                                    0x00005bdc   Section        0  _printf_char_file.o(.text)
    .text                                    0x00005c04   Section        0  _chval.o(.text)
    .text                                    0x00005c24   Section        0  scanf_char.o(.text)
    _scanf_char_input                        0x00005c25   Thumb Code    12  scanf_char.o(.text)
    .text                                    0x00005c54   Section        0  _sgetc.o(.text)
    .text                                    0x00005c98   Section        0  strtol.o(.text)
    .text                                    0x00005d08   Section        0  strtok_int.o(.text)
    .text                                    0x00005d50   Section        0  rtudiv10.o(.text)
    .text                                    0x00005d78   Section        8  libspace.o(.text)
    .text                                    0x00005d80   Section        0  isspace.o(.text)
    .text                                    0x00005d94   Section        0  _scanf.o(.text)
    .text                                    0x00006120   Section        0  _strtoul.o(.text)
    .text                                    0x000061c6   Section        0  strcspn.o(.text)
    .text                                    0x000061e8   Section        0  strspn.o(.text)
    .text                                    0x00006208   Section       62  sys_stackheap_outer.o(.text)
    .text                                    0x00006246   Section        0  exit.o(.text)
    .text                                    0x00006252   Section        0  __dczerorl2.o(.text)
    i.__ARM_common_switch8                   0x000062a8   Section        0  socket.o(i.__ARM_common_switch8)
    i._is_digit                              0x000062c2   Section        0  __printf_wp.o(i._is_digit)
    locale$$code                             0x000062d0   Section       44  lc_ctype_c.o(locale$$code)
    x$fpl$fadd                               0x000062fc   Section      140  faddsub.o(x$fpl$fadd)
    _fadd1                                   0x00006309   Thumb Code     0  faddsub.o(x$fpl$fadd)
    x$fpl$frsb                               0x00006388   Section       24  faddsub.o(x$fpl$frsb)
    x$fpl$fsub                               0x000063a0   Section      208  faddsub.o(x$fpl$fsub)
    _fsub1                                   0x000063ad   Thumb Code     0  faddsub.o(x$fpl$fsub)
    .constdata                               0x00006470   Section        4  w7500x_board.o(.constdata)
    x$fpl$usenofp                            0x00006470   Section        0  usenofp.o(x$fpl$usenofp)
    .constdata                               0x00006474   Section       40  _printf_hex_int.o(.constdata)
    uc_hextab                                0x00006474   Data          20  _printf_hex_int.o(.constdata)
    lc_hextab                                0x00006488   Data          20  _printf_hex_int.o(.constdata)
    .constdata                               0x0000649c   Section       17  __printf_flags_wp.o(.constdata)
    maptable                                 0x0000649c   Data          17  __printf_flags_wp.o(.constdata)
    .constdata                               0x000064ad   Section       64  fdiv.o(.constdata)
    fdiv_tab                                 0x000064ad   Data          64  fdiv.o(.constdata)
    .conststring                             0x000064f0   Section      347  segcp.o(.conststring)
    .conststring                             0x0000664c   Section       23  uarthandler.o(.conststring)
    .conststring                             0x00006664   Section      102  devicehandler.o(.conststring)
    locale$$data                             0x000066ec   Section      272  lc_ctype_c.o(locale$$data)
    __lcctype_c_name                         0x000066f0   Data           2  lc_ctype_c.o(locale$$data)
    __lcctype_c_start                        0x000066f8   Data           0  lc_ctype_c.o(locale$$data)
    __lcctype_c_end                          0x000067fc   Data           0  lc_ctype_c.o(locale$$data)
    .data                                    0x20000000   Section        8  system_w7500x.o(.data)
    .data                                    0x20000008   Section       14  socket.o(.data)
    sock_any_port                            0x20000008   Data           2  socket.o(.data)
    sock_io_mode                             0x2000000a   Data           2  socket.o(.data)
    sock_is_sending                          0x2000000c   Data           2  socket.o(.data)
    sock_pack_info                           0x2000000e   Data           8  socket.o(.data)
    .data                                    0x20000018   Section       40  wizchip_conf.o(.data)
    _DHCP_                                   0x20000018   Data           1  wizchip_conf.o(.data)
    _DNS_                                    0x20000019   Data           4  wizchip_conf.o(.data)
    .data                                    0x20000040   Section        8  w7500x_miim.o(.data)
    MDIO                                     0x20000040   Data           2  w7500x_miim.o(.data)
    MDC                                      0x20000042   Data           2  w7500x_miim.o(.data)
    .data                                    0x20000048   Section       74  dhcp.o(.data)
    .data                                    0x20000094   Section        4  retarget.o(.data)
    .data                                    0x20000098   Section        2  main.o(.data)
    .data                                    0x2000009c   Section      284  segcp.o(.data)
    .data                                    0x200001b8   Section       16  timerhandler.o(.data)
    msec_cnt                                 0x200001ba   Data           2  timerhandler.o(.data)
    sec_cnt                                  0x200001bc   Data           2  timerhandler.o(.data)
    uptime_min                               0x200001c0   Data           4  timerhandler.o(.data)
    time_cnt                                 0x200001c4   Data           4  timerhandler.o(.data)
    .data                                    0x200001c8   Section        8  uarthandler.o(.data)
    .data                                    0x200001d0   Section       16  devicehandler.o(.data)
    write_fw_len                             0x200001d8   Data           4  devicehandler.o(.data)
    recv_fwsize                              0x200001dc   Data           4  devicehandler.o(.data)
    .data                                    0x200001e0   Section       16  w7500x_board.o(.data)
    .data                                    0x200001f0   Section        4  strtok.o(.data)
    _strtok_saves1                           0x200001f0   Data           4  strtok.o(.data)
    .bss                                     0x200001f4   Section       16  socket.o(.bss)
    sock_remained_size                       0x200001f4   Data          16  socket.o(.bss)
    .bss                                     0x20000204   Section     2048  main.o(.bss)
    .bss                                     0x20000a04   Section     2048  main.o(.bss)
    .bss                                     0x20001204   Section     1024  segcp.o(.bss)
    gSEGCPREQ                                0x20001204   Data         512  segcp.o(.bss)
    gSEGCPREP                                0x20001404   Data         512  segcp.o(.bss)
    .bss                                     0x20001604   Section      249  configdata.o(.bss)
    dev_config                               0x20001604   Data         249  configdata.o(.bss)
    .bss                                     0x20001700   Section       96  libspace.o(.bss)
    HEAP                                     0x20001760   Section     1024  startup_w7500x.o(HEAP)
    Heap_Mem                                 0x20001760   Data        1024  startup_w7500x.o(HEAP)
    STACK                                    0x20001b60   Section     2048  startup_w7500x.o(STACK)
    Stack_Mem                                0x20001b60   Data        2048  startup_w7500x.o(STACK)
    __initial_sp                             0x20002360   Data           0  startup_w7500x.o(STACK)

    Global Symbols

    Symbol Name                              Value     Ov Type        Size  Object(Section)

    BuildAttributes$$THM_ISAv3M$S$PE$A:L22$X:L11$S22$IEEE1$IW$USESV6$~STKCKD$USESV7$~SHL$OSPACE$ROPI$EBA8$UX$STANDARDLIB$REQ8$PRES8$EABIv2 0x00000000   Number         0  anon$$obj.o ABSOLUTE
    __ARM_use_no_argv                        0x00000000   Number         0  main.o ABSOLUTE
    __Vectors                                0x00000000   Data           4  startup_w7500x.o(RESET)
    _printf_flags                            0x00000000   Number         0  printf_stubs.o ABSOLUTE
    _printf_return_value                     0x00000000   Number         0  printf_stubs.o ABSOLUTE
    _printf_sizespec                         0x00000000   Number         0  printf_stubs.o ABSOLUTE
    _printf_widthprec                        0x00000000   Number         0  printf_stubs.o ABSOLUTE
    __ARM_exceptions_init                     - Undefined Weak Reference
    __alloca_initialize                       - Undefined Weak Reference
    __cpp_initialize__aeabi_                  - Undefined Weak Reference
    __cxa_finalize                            - Undefined Weak Reference
    __sigvec_lookup                           - Undefined Weak Reference
    _atexit_init                              - Undefined Weak Reference
    _call_atexit_fns                          - Undefined Weak Reference
    _clock_init                               - Undefined Weak Reference
    _fp_trap_init                             - Undefined Weak Reference
    _fp_trap_shutdown                         - Undefined Weak Reference
    _get_lc_collate                           - Undefined Weak Reference
    _get_lc_monetary                          - Undefined Weak Reference
    _get_lc_numeric                           - Undefined Weak Reference
    _get_lc_time                              - Undefined Weak Reference
    _getenv_init                              - Undefined Weak Reference
    _handle_redirection                       - Undefined Weak Reference
    _init_alloc                               - Undefined Weak Reference
    _init_user_alloc                          - Undefined Weak Reference
    _initio                                   - Undefined Weak Reference
    _printf_mbtowc                            - Undefined Weak Reference
    _printf_truncate_signed                   - Undefined Weak Reference
    _printf_truncate_unsigned                 - Undefined Weak Reference
    _rand_init                                - Undefined Weak Reference
    _scanf_longlong                           - Undefined Weak Reference
    _scanf_mbtowc                             - Undefined Weak Reference
    _scanf_real                               - Undefined Weak Reference
    _scanf_wctomb                             - Undefined Weak Reference
    _scanf_wstring                            - Undefined Weak Reference
    _signal_finish                            - Undefined Weak Reference
    _signal_init                              - Undefined Weak Reference
    _terminate_alloc                          - Undefined Weak Reference
    _terminate_user_alloc                     - Undefined Weak Reference
    _terminateio                              - Undefined Weak Reference
    __Vectors_End                            0x000000a8   Data           0  startup_w7500x.o(RESET)
    __Vectors_Size                           0x000000a8   Number         0  startup_w7500x.o ABSOLUTE
    __main                                   0x000000a9   Thumb Code     8  __main.o(!!!main)
    __scatterload                            0x000000b1   Thumb Code     0  __scatter.o(!!!scatter)
    __scatterload_rt2                        0x000000b1   Thumb Code    52  __scatter.o(!!!scatter)
    __scatterload_rt2_thumb_only             0x000000b1   Thumb Code     0  __scatter.o(!!!scatter)
    __scatterload_null                       0x000000c1   Thumb Code     0  __scatter.o(!!!scatter)
    __scatterload_zeroinit                   0x000000ed   Thumb Code    28  __scatter_zi.o(!!handler_zi)
    _printf_percent                          0x00000109   Thumb Code     0  _printf_percent.o(.ARM.Collect$$_printf_percent$$00000000)
    _printf_d                                0x0000010b   Thumb Code     0  _printf_d.o(.ARM.Collect$$_printf_percent$$00000009)
    _printf_u                                0x00000115   Thumb Code     0  _printf_u.o(.ARM.Collect$$_printf_percent$$0000000A)
    _printf_x                                0x0000011f   Thumb Code     0  _printf_x.o(.ARM.Collect$$_printf_percent$$0000000C)
    _printf_c                                0x00000129   Thumb Code     0  _printf_c.o(.ARM.Collect$$_printf_percent$$00000013)
    _printf_s                                0x00000133   Thumb Code     0  _printf_s.o(.ARM.Collect$$_printf_percent$$00000014)
    _printf_percent_end                      0x0000013d   Thumb Code     0  _printf_percent_end.o(.ARM.Collect$$_printf_percent$$00000017)
    __rt_lib_init                            0x00000141   Thumb Code     0  libinit.o(.ARM.Collect$$libinit$$00000000)
    __rt_lib_init_fp_1                       0x00000143   Thumb Code     0  libinit2.o(.ARM.Collect$$libinit$$00000001)
    __rt_lib_init_heap_1                     0x00000147   Thumb Code     0  libinit2.o(.ARM.Collect$$libinit$$00000008)
    __rt_lib_init_lc_common                  0x00000147   Thumb Code     0  libinit2.o(.ARM.Collect$$libinit$$0000000D)
    __rt_lib_init_rand_1                     0x00000147   Thumb Code     0  libinit2.o(.ARM.Collect$$libinit$$0000000C)
    __rt_lib_init_user_alloc_1               0x00000147   Thumb Code     0  libinit2.o(.ARM.Collect$$libinit$$0000000A)
    __rt_lib_init_lc_collate_1               0x0000014d   Thumb Code     0  libinit2.o(.ARM.Collect$$libinit$$0000000F)
    __rt_lib_init_lc_ctype_2                 0x0000014d   Thumb Code     0  libinit2.o(.ARM.Collect$$libinit$$00000010)
    __rt_lib_init_alloca_1                   0x00000159   Thumb Code     0  libinit2.o(.ARM.Collect$$libinit$$0000002C)
    __rt_lib_init_argv_1                     0x00000159   Thumb Code     0  libinit2.o(.ARM.Collect$$libinit$$0000002A)
    __rt_lib_init_atexit_1                   0x00000159   Thumb Code     0  libinit2.o(.ARM.Collect$$libinit$$00000019)
    __rt_lib_init_clock_1                    0x00000159   Thumb Code     0  libinit2.o(.ARM.Collect$$libinit$$0000001F)
    __rt_lib_init_cpp_1                      0x00000159   Thumb Code     0  libinit2.o(.ARM.Collect$$libinit$$00000030)
    __rt_lib_init_exceptions_1               0x00000159   Thumb Code     0  libinit2.o(.ARM.Collect$$libinit$$0000002E)
    __rt_lib_init_fp_trap_1                  0x00000159   Thumb Code     0  libinit2.o(.ARM.Collect$$libinit$$0000001D)
    __rt_lib_init_getenv_1                   0x00000159   Thumb Code     0  libinit2.o(.ARM.Collect$$libinit$$00000021)
    __rt_lib_init_lc_ctype_1                 0x00000159   Thumb Code     0  libinit2.o(.ARM.Collect$$libinit$$00000011)
    __rt_lib_init_lc_monetary_1              0x00000159   Thumb Code     0  libinit2.o(.ARM.Collect$$libinit$$00000013)
    __rt_lib_init_lc_numeric_1               0x00000159   Thumb Code     0  libinit2.o(.ARM.Collect$$libinit$$00000015)
    __rt_lib_init_lc_time_1                  0x00000159   Thumb Code     0  libinit2.o(.ARM.Collect$$libinit$$00000017)
    __rt_lib_init_return                     0x00000159   Thumb Code     0  libinit2.o(.ARM.Collect$$libinit$$00000031)
    __rt_lib_init_signal_1                   0x00000159   Thumb Code     0  libinit2.o(.ARM.Collect$$libinit$$0000001B)
    __rt_lib_init_stdio_1                    0x00000159   Thumb Code     0  libinit2.o(.ARM.Collect$$libinit$$00000023)
    __rt_lib_shutdown                        0x0000015b   Thumb Code     0  libshutdown.o(.ARM.Collect$$libshutdown$$00000000)
    __rt_lib_shutdown_fp_trap_1              0x0000015d   Thumb Code     0  libshutdown2.o(.ARM.Collect$$libshutdown$$00000006)
    __rt_lib_shutdown_heap_1                 0x0000015d   Thumb Code     0  libshutdown2.o(.ARM.Collect$$libshutdown$$0000000E)
    __rt_lib_shutdown_return                 0x0000015d   Thumb Code     0  libshutdown2.o(.ARM.Collect$$libshutdown$$0000000F)
    __rt_lib_shutdown_signal_1               0x0000015d   Thumb Code     0  libshutdown2.o(.ARM.Collect$$libshutdown$$00000009)
    __rt_lib_shutdown_stdio_1                0x0000015d   Thumb Code     0  libshutdown2.o(.ARM.Collect$$libshutdown$$00000003)
    __rt_lib_shutdown_user_alloc_1           0x0000015d   Thumb Code     0  libshutdown2.o(.ARM.Collect$$libshutdown$$0000000B)
    __rt_entry                               0x0000015f   Thumb Code     0  rtentry.o(.ARM.Collect$$rtentry$$00000000)
    __rt_entry_presh_1                       0x0000015f   Thumb Code     0  rtentry2.o(.ARM.Collect$$rtentry$$00000002)
    __rt_entry_sh                            0x0000015f   Thumb Code     0  rtentry4.o(.ARM.Collect$$rtentry$$00000004)
    __rt_entry_li                            0x00000165   Thumb Code     0  rtentry2.o(.ARM.Collect$$rtentry$$0000000A)
    __rt_entry_postsh_1                      0x00000165   Thumb Code     0  rtentry2.o(.ARM.Collect$$rtentry$$00000009)
    __rt_entry_main                          0x00000169   Thumb Code     0  rtentry2.o(.ARM.Collect$$rtentry$$0000000D)
    __rt_entry_postli_1                      0x00000169   Thumb Code     0  rtentry2.o(.ARM.Collect$$rtentry$$0000000C)
    __rt_exit                                0x00000171   Thumb Code     0  rtexit.o(.ARM.Collect$$rtexit$$00000000)
    __rt_exit_ls                             0x00000173   Thumb Code     0  rtexit2.o(.ARM.Collect$$rtexit$$00000003)
    __rt_exit_prels_1                        0x00000173   Thumb Code     0  rtexit2.o(.ARM.Collect$$rtexit$$00000002)
    __rt_exit_exit                           0x00000177   Thumb Code     0  rtexit2.o(.ARM.Collect$$rtexit$$00000004)
    __aeabi_memcpy4                          0x0000017d   Thumb Code    56  rt_memcpy.o(.emb_text)
    __aeabi_memcpy8                          0x0000017d   Thumb Code     0  rt_memcpy.o(.emb_text)
    Reset_Handler                            0x000001b5   Thumb Code     8  startup_w7500x.o(.text)
    RTC_Handler                              0x000001c7   Thumb Code     0  startup_w7500x.o(.text)
    __user_initial_stackheap                 0x000001c9   Thumb Code    10  startup_w7500x.o(.text)
    GetSystemClock                           0x000001ed   Thumb Code     6  system_w7500x.o(.text)
    GetSourceClock                           0x000001f3   Thumb Code     6  system_w7500x.o(.text)
    GetPLLSource                             0x000001f9   Thumb Code     6  system_w7500x.o(.text)
    SystemInit                               0x000001ff   Thumb Code    68  system_w7500x.o(.text)
    SystemCoreClockUpdate_User               0x00000243   Thumb Code   114  system_w7500x.o(.text)
    SystemInit_User                          0x000002b5   Thumb Code    20  system_w7500x.o(.text)
    DUALTIMER_ClockEnable                    0x000002e1   Thumb Code    48  w7500x_dualtimer.o(.text)
    DUALTIMER_ClockDisable                   0x00000311   Thumb Code    50  w7500x_dualtimer.o(.text)
    DUALTIMER_Stop                           0x00000343   Thumb Code    10  w7500x_dualtimer.o(.text)
    DUALTIMER_DeInit                         0x0000034d   Thumb Code    20  w7500x_dualtimer.o(.text)
    DUALTIMER_Init                           0x00000361   Thumb Code    44  w7500x_dualtimer.o(.text)
    DUALTIMER_IntConfig                      0x0000038d   Thumb Code    18  w7500x_dualtimer.o(.text)
    DUALTIMER_IntClear                       0x0000039f   Thumb Code     6  w7500x_dualtimer.o(.text)
    DUALTIMER_GetIntStatus                   0x000003a5   Thumb Code     6  w7500x_dualtimer.o(.text)
    DUALTIMER_GetIntEnableStatus             0x000003ab   Thumb Code     8  w7500x_dualtimer.o(.text)
    DUALTIMER_Start                          0x000003b3   Thumb Code    10  w7500x_dualtimer.o(.text)
    DUALTIMER_GetTimerLoad                   0x000003bd   Thumb Code     4  w7500x_dualtimer.o(.text)
    DUALTIMER_SetTimerLoad                   0x000003c1   Thumb Code     4  w7500x_dualtimer.o(.text)
    DUALTIMER_GetTimerValue                  0x000003c5   Thumb Code     4  w7500x_dualtimer.o(.text)
    DUALTIMER_GetTimerControl                0x000003c9   Thumb Code     4  w7500x_dualtimer.o(.text)
    DUALTIMER_SetTimerControl                0x000003cd   Thumb Code     4  w7500x_dualtimer.o(.text)
    DUALTIMER_GetTimerRIS                    0x000003d1   Thumb Code     4  w7500x_dualtimer.o(.text)
    DUALTIMER_GetTimerMIS                    0x000003d5   Thumb Code     4  w7500x_dualtimer.o(.text)
    DUALTIMER_GetTimerBGLoad                 0x000003d9   Thumb Code     4  w7500x_dualtimer.o(.text)
    DUALTIMER_SetTimerBGLoad                 0x000003dd   Thumb Code     4  w7500x_dualtimer.o(.text)
    GPIO_DeInit                              0x000003e9   Thumb Code    78  w7500x_gpio.o(.text)
    GPIO_Init                                0x00000437   Thumb Code   194  w7500x_gpio.o(.text)
    GPIO_StructInit                          0x000004f9   Thumb Code    14  w7500x_gpio.o(.text)
    GPIO_ReadInputDataBit                    0x00000507   Thumb Code    14  w7500x_gpio.o(.text)
    GPIO_ReadInputData                       0x00000515   Thumb Code     6  w7500x_gpio.o(.text)
    GPIO_ReadOutputDataBit                   0x0000051b   Thumb Code    14  w7500x_gpio.o(.text)
    GPIO_ReadOutputData                      0x00000529   Thumb Code     6  w7500x_gpio.o(.text)
    GPIO_SetBits                             0x0000052f   Thumb Code    28  w7500x_gpio.o(.text)
    GPIO_ResetBits                           0x0000054b   Thumb Code    32  w7500x_gpio.o(.text)
    GPIO_WriteBit                            0x0000056b   Thumb Code    30  w7500x_gpio.o(.text)
    GPIO_Write                               0x00000589   Thumb Code     4  w7500x_gpio.o(.text)
    GPIO_INT_Enable_Bits                     0x0000058d   Thumb Code    26  w7500x_gpio.o(.text)
    GPIO_INT_Enable                          0x000005a7   Thumb Code    16  w7500x_gpio.o(.text)
    GPIO_INT_Polarity_Bits                   0x000005b7   Thumb Code    20  w7500x_gpio.o(.text)
    GPIO_INT_Polarity                        0x000005cb   Thumb Code    14  w7500x_gpio.o(.text)
    GPIO_INT_Clear                           0x000005d9   Thumb Code     6  w7500x_gpio.o(.text)
    GPIO_Read_INTstatus                      0x000005df   Thumb Code    14  w7500x_gpio.o(.text)
    PAD_AFConfig                             0x000005ed   Thumb Code    80  w7500x_gpio.o(.text)
    GPIO_Configuration                       0x0000063d   Thumb Code    64  w7500x_gpio.o(.text)
    GPIO_INT_Configuration                   0x0000067d   Thumb Code   116  w7500x_gpio.o(.text)
    UART_StructInit                          0x00000701   Thumb Code    26  w7500x_uart.o(.text)
    UART_DeInit                              0x0000071b   Thumb Code     2  w7500x_uart.o(.text)
    UART_Init                                0x0000071d   Thumb Code   182  w7500x_uart.o(.text)
    UART_FIFO_Enable                         0x000007d3   Thumb Code    24  w7500x_uart.o(.text)
    UART_FIFO_Disable                        0x000007eb   Thumb Code    10  w7500x_uart.o(.text)
    UART_SendData                            0x000007f5   Thumb Code     4  w7500x_uart.o(.text)
    UART_ReceiveData                         0x000007f9   Thumb Code     6  w7500x_uart.o(.text)
    UART_SendBreak                           0x000007ff   Thumb Code    10  w7500x_uart.o(.text)
    UART_GetRecvStatus                       0x00000809   Thumb Code    14  w7500x_uart.o(.text)
    UART_ClearRecvStatus                     0x00000817   Thumb Code     4  w7500x_uart.o(.text)
    UART_GetFlagStatus                       0x0000081b   Thumb Code    14  w7500x_uart.o(.text)
    UART_ITConfig                            0x00000829   Thumb Code    20  w7500x_uart.o(.text)
    UART_GetITStatus                         0x0000083d   Thumb Code    14  w7500x_uart.o(.text)
    UART_ClearITPendingBit                   0x0000084b   Thumb Code     8  w7500x_uart.o(.text)
    S_UART_DeInit                            0x00000853   Thumb Code     2  w7500x_uart.o(.text)
    S_UART_SetBaud                           0x00000855   Thumb Code    40  w7500x_uart.o(.text)
    S_UART_Init                              0x0000087d   Thumb Code    24  w7500x_uart.o(.text)
    S_UART_SendData                          0x00000895   Thumb Code    12  w7500x_uart.o(.text)
    S_UART_ReceiveData                       0x000008a1   Thumb Code     8  w7500x_uart.o(.text)
    S_UART_GetFlagStatus                     0x000008a9   Thumb Code    16  w7500x_uart.o(.text)
    S_UART_SetCTRL                           0x000008b9   Thumb Code    18  w7500x_uart.o(.text)
    S_UART_ITConfig                          0x000008cb   Thumb Code    18  w7500x_uart.o(.text)
    S_UART_GetITStatus                       0x000008dd   Thumb Code    16  w7500x_uart.o(.text)
    S_UART_ClearITPendingBit                 0x000008ed   Thumb Code    10  w7500x_uart.o(.text)
    UartPutc                                 0x000008f7   Thumb Code    12  w7500x_uart.o(.text)
    UartPuts                                 0x00000903   Thumb Code    28  w7500x_uart.o(.text)
    UartGetc                                 0x0000091f   Thumb Code    12  w7500x_uart.o(.text)
    S_UartPutc                               0x0000092b   Thumb Code    12  w7500x_uart.o(.text)
    S_UartPuts                               0x00000937   Thumb Code    24  w7500x_uart.o(.text)
    S_UartGetc                               0x0000094f   Thumb Code    14  w7500x_uart.o(.text)
    WIZCHIP_READ                             0x00000975   Thumb Code     4  w7500x_wztoe.o(.text)
    WIZCHIP_WRITE                            0x00000979   Thumb Code     4  w7500x_wztoe.o(.text)
    WIZCHIP_READ_BUF                         0x0000097d   Thumb Code    24  w7500x_wztoe.o(.text)
    WIZCHIP_WRITE_BUF                        0x00000995   Thumb Code    24  w7500x_wztoe.o(.text)
    wiz_send_data                            0x000009ad   Thumb Code    40  w7500x_wztoe.o(.text)
    wiz_recv_data                            0x000009d5   Thumb Code    40  w7500x_wztoe.o(.text)
    wiz_recv_ignore                          0x000009fd   Thumb Code    32  w7500x_wztoe.o(.text)
    close                                    0x00000a29   Thumb Code    96  socket.o(.text)
    socket                                   0x00000a89   Thumb Code   214  socket.o(.text)
    listen                                   0x00000b5f   Thumb Code   110  socket.o(.text)
    connect                                  0x00000bcd   Thumb Code   264  socket.o(.text)
    disconnect                               0x00000cd5   Thumb Code   132  socket.o(.text)
    send                                     0x00000d59   Thumb Code   288  socket.o(.text)
    recv                                     0x00000e79   Thumb Code   206  socket.o(.text)
    sendto                                   0x00000f47   Thumb Code   348  socket.o(.text)
    recvfrom                                 0x000010a3   Thumb Code   450  socket.o(.text)
    ctlsocket                                0x00001265   Thumb Code   170  socket.o(.text)
    setsockopt                               0x0000130f   Thumb Code   208  socket.o(.text)
    getsockopt                               0x000013df   Thumb Code   234  socket.o(.text)
    wizchip_cris_enter                       0x000014dd   Thumb Code     2  wizchip_conf.o(.text)
    wizchip_cris_exit                        0x000014df   Thumb Code     2  wizchip_conf.o(.text)
    wizchip_cs_select                        0x000014e1   Thumb Code     2  wizchip_conf.o(.text)
    wizchip_cs_deselect                      0x000014e3   Thumb Code     2  wizchip_conf.o(.text)
    wizchip_bus_readbyte                     0x000014e5   Thumb Code     4  wizchip_conf.o(.text)
    wizchip_bus_writebyte                    0x000014e9   Thumb Code     4  wizchip_conf.o(.text)
    wizchip_spi_readbyte                     0x000014ed   Thumb Code     4  wizchip_conf.o(.text)
    wizchip_spi_writebyte                    0x000014f1   Thumb Code     2  wizchip_conf.o(.text)
    reg_wizchip_cris_cbfunc                  0x000014f3   Thumb Code    26  wizchip_conf.o(.text)
    reg_wizchip_cs_cbfunc                    0x0000150d   Thumb Code    26  wizchip_conf.o(.text)
    reg_wizchip_bus_cbfunc                   0x00001527   Thumb Code    34  wizchip_conf.o(.text)
    reg_wizchip_spi_cbfunc                   0x00001549   Thumb Code    34  wizchip_conf.o(.text)
    wizphy_getphylink                        0x0000156b   Thumb Code     6  wizchip_conf.o(.text)
    wizphy_getphypmode                       0x00001571   Thumb Code     6  wizchip_conf.o(.text)
    wizchip_getinterruptmask                 0x00001577   Thumb Code    26  wizchip_conf.o(.text)
    wizchip_setinterruptmask                 0x00001591   Thumb Code    28  wizchip_conf.o(.text)
    wizchip_getinterrupt                     0x000015ad   Thumb Code    28  wizchip_conf.o(.text)
    wizchip_clrinterrupt                     0x000015c9   Thumb Code    30  wizchip_conf.o(.text)
    wizchip_sw_reset                         0x000015e7   Thumb Code   332  wizchip_conf.o(.text)
    wizchip_init                             0x00001733   Thumb Code   118  wizchip_conf.o(.text)
    ctlwizchip                               0x000017a9   Thumb Code   114  wizchip_conf.o(.text)
    wizchip_gettimeout                       0x0000181b   Thumb Code    24  wizchip_conf.o(.text)
    wizchip_settimeout                       0x00001833   Thumb Code    24  wizchip_conf.o(.text)
    wizchip_getnetmode                       0x0000184b   Thumb Code    10  wizchip_conf.o(.text)
    wizchip_setnetmode                       0x00001855   Thumb Code    38  wizchip_conf.o(.text)
    wizchip_getnetinfo                       0x0000187b   Thumb Code   264  wizchip_conf.o(.text)
    wizchip_setnetinfo                       0x00001983   Thumb Code   210  wizchip_conf.o(.text)
    ctlnetwork                               0x00001a55   Thumb Code    74  wizchip_conf.o(.text)
    idle_MDIO                                0x00001aa9   Thumb Code    40  w7500x_miim.o(.text)
    input_MDIO                               0x00001ad1   Thumb Code    58  w7500x_miim.o(.text)
    turnaround_MDIO                          0x00001b0b   Thumb Code    46  w7500x_miim.o(.text)
    output_MDIO                              0x00001b39   Thumb Code    74  w7500x_miim.o(.text)
    mdio_read                                0x00001b83   Thumb Code    72  w7500x_miim.o(.text)
    link                                     0x00001bcb   Thumb Code    18  w7500x_miim.o(.text)
    mdio_write                               0x00001bdd   Thumb Code    78  w7500x_miim.o(.text)
    set_link                                 0x00001c2b   Thumb Code    24  w7500x_miim.o(.text)
    phy_id                                   0x00001c43   Thumb Code    98  w7500x_miim.o(.text)
    mdio_init                                0x00001ca5   Thumb Code    66  w7500x_miim.o(.text)
    default_ip_assign                        0x00001d0d   Thumb Code   128  dhcp.o(.text)
    default_ip_update                        0x00001d8d   Thumb Code    88  dhcp.o(.text)
    default_ip_conflict                      0x00001de5   Thumb Code    84  dhcp.o(.text)
    reg_dhcp_cbfunc                          0x00001e39   Thumb Code    38  dhcp.o(.text)
    makeDHCPMSG                              0x00001e5f   Thumb Code   190  dhcp.o(.text)
    send_DHCP_DISCOVER                       0x00001f1d   Thumb Code   358  dhcp.o(.text)
    send_DHCP_REQUEST                        0x00002083   Thumb Code   558  dhcp.o(.text)
    send_DHCP_DECLINE                        0x000022b1   Thumb Code   256  dhcp.o(.text)
    parseDHCPMSG                             0x000023b1   Thumb Code   304  dhcp.o(.text)
    reset_DHCP_timeout                       0x000024e1   Thumb Code    16  dhcp.o(.text)
    check_DHCP_timeout                       0x000024f1   Thumb Code   104  dhcp.o(.text)
    check_DHCP_leasedIP                      0x00002559   Thumb Code   112  dhcp.o(.text)
    DHCP_run                                 0x000025c9   Thumb Code   284  dhcp.o(.text)
    DHCP_stop                                0x000026e5   Thumb Code    16  dhcp.o(.text)
    DHCP_init                                0x000026f5   Thumb Code   332  dhcp.o(.text)
    DHCP_time_handler                        0x00002841   Thumb Code    10  dhcp.o(.text)
    getIPfromDHCP                            0x0000284b   Thumb Code    22  dhcp.o(.text)
    getGWfromDHCP                            0x00002861   Thumb Code    22  dhcp.o(.text)
    getSNfromDHCP                            0x00002877   Thumb Code    22  dhcp.o(.text)
    getDNSfromDHCP                           0x0000288d   Thumb Code    22  dhcp.o(.text)
    getDHCPLeasetime                         0x000028a3   Thumb Code     6  dhcp.o(.text)
    w7500x_dhcp_assign                       0x000028b9   Thumb Code   136  dhcp_cb.o(.text)
    w7500x_dhcp_conflict                     0x00002941   Thumb Code     2  dhcp_cb.o(.text)
    NMI_Handler                              0x00002943   Thumb Code     2  w7500x_it.o(.text)
    HardFault_Handler                        0x00002945   Thumb Code     2  w7500x_it.o(.text)
    SVC_Handler                              0x00002947   Thumb Code     2  w7500x_it.o(.text)
    PendSV_Handler                           0x00002949   Thumb Code     2  w7500x_it.o(.text)
    SysTick_Handler                          0x0000294b   Thumb Code     2  w7500x_it.o(.text)
    SSP0_Handler                             0x0000294d   Thumb Code     2  w7500x_it.o(.text)
    SSP1_Handler                             0x0000294f   Thumb Code     2  w7500x_it.o(.text)
    UART0_Handler                            0x00002951   Thumb Code     2  w7500x_it.o(.text)
    UART1_Handler                            0x00002953   Thumb Code     2  w7500x_it.o(.text)
    UART2_Handler                            0x00002955   Thumb Code     2  w7500x_it.o(.text)
    I2C0_Handler                             0x00002957   Thumb Code     2  w7500x_it.o(.text)
    I2C1_Handler                             0x00002959   Thumb Code     2  w7500x_it.o(.text)
    PORT0_Handler                            0x0000295b   Thumb Code     2  w7500x_it.o(.text)
    PORT1_Handler                            0x0000295d   Thumb Code     2  w7500x_it.o(.text)
    PORT2_Handler                            0x0000295f   Thumb Code     2  w7500x_it.o(.text)
    PORT3_Handler                            0x00002961   Thumb Code     2  w7500x_it.o(.text)
    DMA_Handler                              0x00002963   Thumb Code     2  w7500x_it.o(.text)
    DUALTIMER0_Handler                       0x00002965   Thumb Code     2  w7500x_it.o(.text)
    DUALTIMER1_Handler                       0x00002967   Thumb Code     2  w7500x_it.o(.text)
    PWM0_Handler                             0x00002969   Thumb Code     2  w7500x_it.o(.text)
    PWM1_Handler                             0x0000296b   Thumb Code     2  w7500x_it.o(.text)
    PWM2_Handler                             0x0000296d   Thumb Code     2  w7500x_it.o(.text)
    PWM3_Handler                             0x0000296f   Thumb Code     2  w7500x_it.o(.text)
    PWM4_Handler                             0x00002971   Thumb Code     2  w7500x_it.o(.text)
    PWM5_Handler                             0x00002973   Thumb Code     2  w7500x_it.o(.text)
    PWM6_Handler                             0x00002975   Thumb Code     2  w7500x_it.o(.text)
    PWM7_Handler                             0x00002977   Thumb Code     2  w7500x_it.o(.text)
    ADC_Handler                              0x00002979   Thumb Code     2  w7500x_it.o(.text)
    WZTOE_Handler                            0x0000297b   Thumb Code     2  w7500x_it.o(.text)
    EXTI_Handler                             0x0000297d   Thumb Code     2  w7500x_it.o(.text)
    fputc                                    0x0000297f   Thumb Code    10  retarget.o(.text)
    fgetc                                    0x00002989   Thumb Code    12  retarget.o(.text)
    ferror                                   0x00002995   Thumb Code     6  retarget.o(.text)
    _ttywrch                                 0x0000299b   Thumb Code    10  retarget.o(.text)
    _sys_exit                                0x000029a5   Thumb Code     2  retarget.o(.text)
    display_Dev_Info_dhcp                    0x000029a9   Thumb Code    44  main.o(.text)
    process_dhcp                             0x000029d5   Thumb Code    62  main.o(.text)
    display_Dev_Info_header                  0x00002a13   Thumb Code    54  main.o(.text)
    application_jump                         0x00002a49   Thumb Code     8  main.o(.text)
    Copy_Interrupt_VectorTable               0x00002a51   Thumb Code    76  main.o(.text)
    check_mac_address                        0x00002a9d   Thumb Code   212  main.o(.text)
    delay                                    0x00002b71   Thumb Code    30  main.o(.text)
    main                                     0x00002b8f   Thumb Code   274  main.o(.text)
    Backup_Boot_Interrupt_VectorTable        0x00002ca1   Thumb Code    40  main.o(.text)
    parse_SEGCP                              0x00002de1   Thumb Code   138  segcp.o(.text)
    proc_SEGCP                               0x00002e6b   Thumb Code  2312  segcp.o(.text)
    proc_SEGCP_udp                           0x00003773   Thumb Code   324  segcp.o(.text)
    do_segcp                                 0x000038b7   Thumb Code   116  segcp.o(.text)
    segcp_timer_msec                         0x0000392b   Thumb Code    46  segcp.o(.text)
    is_ipaddr                                0x000039e1   Thumb Code   150  util.o(.text)
    is_hexstr                                0x00003a77   Thumb Code    48  util.o(.text)
    is_hex                                   0x00003aa7   Thumb Code    60  util.o(.text)
    str_to_hex                               0x00003ae3   Thumb Code    86  util.o(.text)
    is_macaddr                               0x00003b39   Thumb Code   108  util.o(.text)
    conv_hexstr                              0x00003ba5   Thumb Code    66  util.o(.text)
    DO_IAP                                   0x00003bed   Thumb Code    18  flashhandler.o(.text)
    erase_flash_sector                       0x00003bff   Thumb Code    60  flashhandler.o(.text)
    erase_flash_block                        0x00003c3b   Thumb Code    24  flashhandler.o(.text)
    write_flash                              0x00003c53   Thumb Code    76  flashhandler.o(.text)
    read_flash                               0x00003c9f   Thumb Code    20  flashhandler.o(.text)
    read_storage                             0x00003cc9   Thumb Code    50  storagehandler.o(.text)
    erase_storage                            0x00003cfb   Thumb Code    92  storagehandler.o(.text)
    write_storage                            0x00003d57   Thumb Code    64  storagehandler.o(.text)
    Time_Counter_Configuration               0x00003da1   Thumb Code     8  timerhandler.o(.text)
    Timer_IRQ_Handler                        0x00003da9   Thumb Code    94  timerhandler.o(.text)
    Time_Counter                             0x00003e07   Thumb Code    24  timerhandler.o(.text)
    Timer_Configuration                      0x00003e1f   Thumb Code    70  timerhandler.o(.text)
    getDeviceUptime_min                      0x00003e65   Thumb Code     6  timerhandler.o(.text)
    getDeviceUptime_sec                      0x00003e6b   Thumb Code     6  timerhandler.o(.text)
    getDeviceUptime_msec                     0x00003e71   Thumb Code     6  timerhandler.o(.text)
    set_phylink_time_check                   0x00003e77   Thumb Code     2  timerhandler.o(.text)
    UART1_Configuration                      0x00003e89   Thumb Code    18  uarthandler.o(.text)
    UART2_Configuration                      0x00003e9b   Thumb Code    12  uarthandler.o(.text)
    device_set_factory_default               0x00003ead   Thumb Code    12  devicehandler.o(.text)
    device_socket_termination                0x00003eb9   Thumb Code    38  devicehandler.o(.text)
    device_reboot                            0x00003edf   Thumb Code    20  devicehandler.o(.text)
    reset_fw_update_timer                    0x00003ef3   Thumb Code    18  devicehandler.o(.text)
    get_firmware_from_network                0x00003f05   Thumb Code   238  devicehandler.o(.text)
    device_firmware_update                   0x00003ff3   Thumb Code   402  devicehandler.o(.text)
    device_timer_msec                        0x00004185   Thumb Code    80  devicehandler.o(.text)
    LED_Init                                 0x00004319   Thumb Code    60  w7500x_board.o(.text)
    init_boot_entry_pin                      0x00004355   Thumb Code    24  w7500x_board.o(.text)
    init_phylink_in_pin                      0x0000436d   Thumb Code    18  w7500x_board.o(.text)
    get_hw_trig_pin                          0x0000437f   Thumb Code    46  w7500x_board.o(.text)
    init_hw_trig_pin                         0x000043ad   Thumb Code    24  w7500x_board.o(.text)
    W7500x_Board_Init                        0x000043c5   Thumb Code    74  w7500x_board.o(.text)
    Supervisory_IC_Init                      0x0000440f   Thumb Code    12  w7500x_board.o(.text)
    get_phylink_in_pin                       0x0000441b   Thumb Code    14  w7500x_board.o(.text)
    init_uart_if_sel_pin                     0x00004429   Thumb Code     2  w7500x_board.o(.text)
    get_uart_if_sel_pin                      0x0000442b   Thumb Code     4  w7500x_board.o(.text)
    get_boot_entry_pin                       0x0000442f   Thumb Code    16  w7500x_board.o(.text)
    LED_On                                   0x0000443f   Thumb Code    24  w7500x_board.o(.text)
    LED_Off                                  0x00004457   Thumb Code    24  w7500x_board.o(.text)
    LED_Toggle                               0x0000446f   Thumb Code    24  w7500x_board.o(.text)
    get_LED_Status                           0x00004487   Thumb Code    20  w7500x_board.o(.text)
    get_DevConfig_pointer                    0x000044ad   Thumb Code     4  configdata.o(.text)
    set_DevConfig_to_factory_value           0x000044b1   Thumb Code   364  configdata.o(.text)
    load_DevConfig_from_storage              0x0000461d   Thumb Code    80  configdata.o(.text)
    save_DevConfig_to_storage                0x0000466d   Thumb Code    16  configdata.o(.text)
    get_DevConfig_value                      0x0000467d   Thumb Code     8  configdata.o(.text)
    set_DevConfig_value                      0x00004685   Thumb Code     8  configdata.o(.text)
    set_DevConfig                            0x0000468d   Thumb Code    90  configdata.o(.text)
    get_DevConfig                            0x000046e7   Thumb Code    88  configdata.o(.text)
    display_Net_Info                         0x0000473f   Thumb Code   252  configdata.o(.text)
    Mac_Conf                                 0x0000483b   Thumb Code    64  configdata.o(.text)
    Net_Conf                                 0x0000487b   Thumb Code   470  configdata.o(.text)
    set_dhcp_mode                            0x00004a51   Thumb Code     8  configdata.o(.text)
    set_static_mode                          0x00004a59   Thumb Code     8  configdata.o(.text)
    set_mac                                  0x00004a61   Thumb Code    16  configdata.o(.text)
    __I$use$semihosting                      0x00004a75   Thumb Code     0  use_no_semi.o(.text)
    __use_no_semihosting_swi                 0x00004a75   Thumb Code     2  use_no_semi.o(.text)
    __rt_ctype_table                         0x00004a79   Thumb Code    16  rt_ctype_table.o(.text)
    __2printf                                0x00004a89   Thumb Code    22  noretval__2printf.o(.text)
    __2sprintf                               0x00004aa5   Thumb Code    36  noretval__2sprintf.o(.text)
    _printf_pre_padding                      0x00004acd   Thumb Code    44  _printf_pad.o(.text)
    _printf_post_padding                     0x00004af9   Thumb Code    34  _printf_pad.o(.text)
    _printf_str                              0x00004b1b   Thumb Code    82  _printf_str.o(.text)
    _printf_int_dec                          0x00004b6d   Thumb Code    90  _printf_dec.o(.text)
    _printf_int_hex                          0x00004bd9   Thumb Code    84  _printf_hex_int.o(.text)
    _printf_longlong_hex                     0x00004bd9   Thumb Code     0  _printf_hex_int.o(.text)
    __printf                                 0x00004c31   Thumb Code   306  __printf_flags_wp.o(.text)
    __0sscanf                                0x00004d69   Thumb Code    54  __0sscanf.o(.text)
    _scanf_int                               0x00004da9   Thumb Code   330  _scanf_int.o(.text)
    _scanf_string                            0x00004ef3   Thumb Code   228  _scanf_str.o(.text)
    atoi                                     0x00004fd7   Thumb Code    26  atoi.o(.text)
    strtok                                   0x00004ff1   Thumb Code    10  strtok.o(.text)
    strchr                                   0x00005001   Thumb Code    20  strchr.o(.text)
    memcmp                                   0x00005015   Thumb Code    90  memcmp.o(.text)
    strcpy                                   0x00005071   Thumb Code    70  strcpy.o(.text)
    strlen                                   0x000050bd   Thumb Code    62  strlen.o(.text)
    strncmp                                  0x00005101   Thumb Code   154  strncmp.o(.text)
    strcat                                   0x000051a1   Thumb Code    24  strcat.o(.text)
    __aeabi_memcpy                           0x000051b9   Thumb Code   130  rt_memcpy.o(.text)
    __rt_memcpy                              0x000051b9   Thumb Code     0  rt_memcpy.o(.text)
    _memset_w                                0x0000523b   Thumb Code    26  rt_memclr.o(.text)
    _memset                                  0x00005255   Thumb Code    30  rt_memclr.o(.text)
    __aeabi_memclr                           0x00005273   Thumb Code     4  rt_memclr.o(.text)
    __rt_memclr                              0x00005273   Thumb Code     0  rt_memclr.o(.text)
    __aeabi_memclr4                          0x00005277   Thumb Code     0  rt_memclr.o(.text)
    __aeabi_memclr8                          0x00005277   Thumb Code     0  rt_memclr.o(.text)
    __rt_memclr_w                            0x00005277   Thumb Code     4  rt_memclr.o(.text)
    strcmp                                   0x0000527d   Thumb Code   132  strcmp.o(.text)
    __aeabi_uread4                           0x00005305   Thumb Code    34  uread4.o(.text)
    __rt_uread4                              0x00005305   Thumb Code     0  uread4.o(.text)
    __aeabi_uwrite4                          0x00005327   Thumb Code    16  uwrite4.o(.text)
    __rt_uwrite4                             0x00005327   Thumb Code     0  uwrite4.o(.text)
    __aeabi_uidiv                            0x00005337   Thumb Code     0  aeabi_sdiv.o(.text)
    __aeabi_uidivmod                         0x00005337   Thumb Code    20  aeabi_sdiv.o(.text)
    __aeabi_idiv                             0x0000534b   Thumb Code     0  aeabi_sdiv.o(.text)
    __aeabi_idivmod                          0x0000534b   Thumb Code   326  aeabi_sdiv.o(.text)
    __use_two_region_memory                  0x00005491   Thumb Code     2  heapauxi.o(.text)
    __rt_heap_escrow$2region                 0x00005493   Thumb Code     2  heapauxi.o(.text)
    __rt_heap_expand$2region                 0x00005495   Thumb Code     2  heapauxi.o(.text)
    __aeabi_dadd                             0x00005791   Thumb Code     0  daddsub.o(.text)
    _dadd                                    0x00005791   Thumb Code    22  daddsub.o(.text)
    __aeabi_dsub                             0x000057a7   Thumb Code     0  daddsub.o(.text)
    _dsub                                    0x000057a7   Thumb Code    22  daddsub.o(.text)
    __aeabi_drsub                            0x000057bd   Thumb Code     0  daddsub.o(.text)
    _drsb                                    0x000057bd   Thumb Code    24  daddsub.o(.text)
    __aeabi_d2uiz                            0x000057e9   Thumb Code     0  dfixui.o(.text)
    _dfixu                                   0x000057e9   Thumb Code    64  dfixui.o(.text)
    __aeabi_f2d                              0x0000582d   Thumb Code     0  f2d.o(.text)
    _f2d                                     0x0000582d   Thumb Code    80  f2d.o(.text)
    __aeabi_fdiv                             0x00005881   Thumb Code     0  fdiv.o(.text)
    _fdiv                                    0x00005881   Thumb Code   336  fdiv.o(.text)
    _frdiv                                   0x000059d1   Thumb Code     8  fdiv.o(.text)
    __aeabi_f2uiz                            0x000059e1   Thumb Code     0  ffixui.o(.text)
    _ffixu                                   0x000059e1   Thumb Code    48  ffixui.o(.text)
    __aeabi_i2f_normalise                    0x00005a11   Thumb Code    72  fflti.o(.text)
    __aeabi_i2f                              0x00005a59   Thumb Code    16  fflti.o(.text)
    _fflt                                    0x00005a59   Thumb Code     0  fflti.o(.text)
    __aeabi_ui2f                             0x00005a69   Thumb Code     6  fflti.o(.text)
    _ffltu                                   0x00005a69   Thumb Code     0  fflti.o(.text)
    __ARM_scalbnf                            0x00005a71   Thumb Code    64  fscalbn.o(.text)
    __rt_locale                              0x00005ab5   Thumb Code     8  rt_locale_intlibspace.o(.text)
    __aeabi_errno_addr                       0x00005abd   Thumb Code     8  rt_errno_addr_intlibspace.o(.text)
    __errno$intlibspace                      0x00005abd   Thumb Code     0  rt_errno_addr_intlibspace.o(.text)
    __rt_errno_addr$intlibspace              0x00005abd   Thumb Code     0  rt_errno_addr_intlibspace.o(.text)
    _printf_int_common                       0x00005ac5   Thumb Code   176  _printf_intcommon.o(.text)
    _printf_char_common                      0x00005b7f   Thumb Code    32  _printf_char_common.o(.text)
    _sputc                                   0x00005ba5   Thumb Code    10  _sputc.o(.text)
    _printf_cs_common                        0x00005baf   Thumb Code    22  _printf_char.o(.text)
    _printf_char                             0x00005bc5   Thumb Code    16  _printf_char.o(.text)
    _printf_string                           0x00005bd5   Thumb Code     8  _printf_char.o(.text)
    _printf_char_file                        0x00005bdd   Thumb Code    34  _printf_char_file.o(.text)
    _chval                                   0x00005c05   Thumb Code    30  _chval.o(.text)
    __vfscanf_char                           0x00005c31   Thumb Code    28  scanf_char.o(.text)
    _sgetc                                   0x00005c55   Thumb Code    32  _sgetc.o(.text)
    _sbackspace                              0x00005c75   Thumb Code    36  _sgetc.o(.text)
    strtol                                   0x00005c99   Thumb Code   108  strtol.o(.text)
    __strtok_internal                        0x00005d09   Thumb Code    66  strtok_int.o(.text)
    __rt_udiv10                              0x00005d51   Thumb Code    40  rtudiv10.o(.text)
    __user_libspace                          0x00005d79   Thumb Code     8  libspace.o(.text)
    __user_perproc_libspace                  0x00005d79   Thumb Code     0  libspace.o(.text)
    __user_perthread_libspace                0x00005d79   Thumb Code     0  libspace.o(.text)
    isspace                                  0x00005d81   Thumb Code    18  isspace.o(.text)
    __vfscanf                                0x00005d95   Thumb Code   892  _scanf.o(.text)
    _strtoul                                 0x00006121   Thumb Code   166  _strtoul.o(.text)
    strcspn                                  0x000061c7   Thumb Code    34  strcspn.o(.text)
    strspn                                   0x000061e9   Thumb Code    32  strspn.o(.text)
    __user_setup_stackheap                   0x00006209   Thumb Code    62  sys_stackheap_outer.o(.text)
    exit                                     0x00006247   Thumb Code    12  exit.o(.text)
    __decompress                             0x00006253   Thumb Code     0  __dczerorl2.o(.text)
    __decompress1                            0x00006253   Thumb Code    86  __dczerorl2.o(.text)
    __ARM_common_switch8                     0x000062a9   Thumb Code    26  socket.o(i.__ARM_common_switch8)
    _is_digit                                0x000062c3   Thumb Code    14  __printf_wp.o(i._is_digit)
    _get_lc_ctype                            0x000062d1   Thumb Code    44  lc_ctype_c.o(locale$$code)
    __aeabi_fadd                             0x000062fd   Thumb Code     0  faddsub.o(x$fpl$fadd)
    _fadd                                    0x000062fd   Thumb Code   134  faddsub.o(x$fpl$fadd)
    __aeabi_frsub                            0x00006389   Thumb Code     0  faddsub.o(x$fpl$frsb)
    _frsb                                    0x00006389   Thumb Code    24  faddsub.o(x$fpl$frsb)
    __aeabi_fsub                             0x000063a1   Thumb Code     0  faddsub.o(x$fpl$fsub)
    _fsub                                    0x000063a1   Thumb Code   204  faddsub.o(x$fpl$fsub)
    LED_PIN                                  0x00006470   Data           4  w7500x_board.o(.constdata)
    __I$use$fp                               0x00006470   Number         0  usenofp.o(x$fpl$usenofp)
    Region$$Table$$Base                      0x000066cc   Number         0  anon$$obj.o(Region$$Table)
    Region$$Table$$Limit                     0x000066ec   Number         0  anon$$obj.o(Region$$Table)
    __ctype                                  0x000066f9   Data           0  lc_ctype_c.o(locale$$data)
    SystemFrequency                          0x20000000   Data           4  system_w7500x.o(.data)
    SourceFrequency                          0x20000004   Data           4  system_w7500x.o(.data)
    WIZCHIP                                  0x20000020   Data          32  wizchip_conf.o(.data)
    PHY_ADDR                                 0x20000044   Data           4  w7500x_miim.o(.data)
    dhcp_state                               0x20000048   Data           1  dhcp.o(.data)
    dhcp_retry_count                         0x20000049   Data           1  dhcp.o(.data)
    DHCP_SOCKET                              0x2000004a   Data           1  dhcp.o(.data)
    OLD_allocated_ip                         0x2000004b   Data           4  dhcp.o(.data)
    DHCP_allocated_ip                        0x2000004f   Data           4  dhcp.o(.data)
    DHCP_allocated_gw                        0x20000053   Data           4  dhcp.o(.data)
    DHCP_allocated_sn                        0x20000057   Data           4  dhcp.o(.data)
    DHCP_allocated_dns                       0x2000005b   Data           4  dhcp.o(.data)
    dhcp_lease_time                          0x20000060   Data           4  dhcp.o(.data)
    dhcp_tick_1s                             0x20000064   Data           4  dhcp.o(.data)
    dhcp_tick_next                           0x20000068   Data           4  dhcp.o(.data)
    dhcp_ip_assign                           0x2000006c   Data           4  dhcp.o(.data)
    dhcp_ip_update                           0x20000070   Data           4  dhcp.o(.data)
    dhcp_ip_conflict                         0x20000074   Data           4  dhcp.o(.data)
    DHCP_SIP                                 0x20000078   Data           4  dhcp.o(.data)
    DHCP_XID                                 0x2000007c   Data           4  dhcp.o(.data)
    pDHCPMSG                                 0x20000080   Data           4  dhcp.o(.data)
    DHCP_CHADDR                              0x20000084   Data           6  dhcp.o(.data)
    HOST_NAME                                0x2000008a   Data           8  dhcp.o(.data)
    __stdout                                 0x20000094   Data           4  retarget.o(.data)
    flag_s2e_application_running             0x20000098   Data           1  main.o(.data)
    flag_process_dhcp_success                0x20000099   Data           1  main.o(.data)
    gSEGCPPRIVILEGE                          0x2000009c   Data           1  segcp.o(.data)
    enable_configtool_keepalive_timer        0x2000009d   Data           1  segcp.o(.data)
    flag_send_configtool_keepalive           0x2000009e   Data           1  segcp.o(.data)
    configtool_keepalive_time                0x200000a0   Data           2  segcp.o(.data)
    strDEVSTATUS                             0x200000a4   Data          28  segcp.o(.data)
    tbSEGCPCMD                               0x200000c0   Data         220  segcp.o(.data)
    tbSEGCPERR                               0x2000019c   Data          28  segcp.o(.data)
    flag_check_main_routine                  0x200001b8   Data           1  timerhandler.o(.data)
    main_routine_check_time_msec             0x200001be   Data           2  timerhandler.o(.data)
    uart_if_table                            0x200001c8   Data           8  uarthandler.o(.data)
    enable_fw_update_timer                   0x200001d0   Data           1  devicehandler.o(.data)
    flag_fw_update_timeout                   0x200001d1   Data           1  devicehandler.o(.data)
    enable_fw_from_network_timer             0x200001d2   Data           1  devicehandler.o(.data)
    flag_fw_from_network_timeout             0x200001d3   Data           1  devicehandler.o(.data)
    fw_update_time                           0x200001d4   Data           2  devicehandler.o(.data)
    fw_from_network_time                     0x200001d6   Data           2  devicehandler.o(.data)
    flag_hw_trig_enable                      0x200001e0   Data           1  w7500x_board.o(.data)
    LED_PAD                                  0x200001e1   Data           2  w7500x_board.o(.data)
    LED_PAD_AF                               0x200001e3   Data           2  w7500x_board.o(.data)
    LED_PORT                                 0x200001e8   Data           8  w7500x_board.o(.data)
    g_send_buf                               0x20000204   Data        2048  main.o(.bss)
    g_recv_buf                               0x20000a04   Data        2048  main.o(.bss)
    __libspace_start                         0x20001700   Data          96  libspace.o(.bss)
    __temporary_stack_top$libspace           0x20001760   Data           0  libspace.o(.bss)



==============================================================================

Memory Map of the image

  Image Entry point : 0x000000a9

  Load Region LR_IROM1 (Base: 0x00000000, Size: 0x000069f0, Max: 0x00007000, ABSOLUTE, COMPRESSED[0x0000690c])

    Execution Region ER_IROM1 (Base: 0x00000000, Size: 0x000067fc, Max: 0x00007000, ABSOLUTE)

    Base Addr    Size         Type   Attr      Idx    E Section Name        Object

    0x00000000   0x000000a8   Data   RO            3    RESET               startup_w7500x.o
    0x000000a8   0x00000008   Code   RO          849  * !!!main             c_p.l(__main.o)
    0x000000b0   0x0000003c   Code   RO         1081    !!!scatter          c_p.l(__scatter.o)
    0x000000ec   0x0000001c   Code   RO         1083    !!handler_zi        c_p.l(__scatter_zi.o)
    0x00000108   0x00000002   Code   RO          805    .ARM.Collect$$_printf_percent$$00000000  c_p.l(_printf_percent.o)
    0x0000010a   0x0000000a   Code   RO          803    .ARM.Collect$$_printf_percent$$00000009  c_p.l(_printf_d.o)
    0x00000114   0x0000000a   Code   RO          804    .ARM.Collect$$_printf_percent$$0000000A  c_p.l(_printf_u.o)
    0x0000011e   0x0000000a   Code   RO          802    .ARM.Collect$$_printf_percent$$0000000C  c_p.l(_printf_x.o)
    0x00000128   0x0000000a   Code   RO          800    .ARM.Collect$$_printf_percent$$00000013  c_p.l(_printf_c.o)
    0x00000132   0x0000000a   Code   RO          801    .ARM.Collect$$_printf_percent$$00000014  c_p.l(_printf_s.o)
    0x0000013c   0x00000004   Code   RO          897    .ARM.Collect$$_printf_percent$$00000017  c_p.l(_printf_percent_end.o)
    0x00000140   0x00000002   Code   RO         1005    .ARM.Collect$$libinit$$00000000  c_p.l(libinit.o)
    0x00000142   0x00000004   Code   RO          946    .ARM.Collect$$libinit$$00000001  c_p.l(libinit2.o)
    0x00000146   0x00000000   Code   RO          950    .ARM.Collect$$libinit$$00000008  c_p.l(libinit2.o)
    0x00000146   0x00000000   Code   RO          952    .ARM.Collect$$libinit$$0000000A  c_p.l(libinit2.o)
    0x00000146   0x00000000   Code   RO          954    .ARM.Collect$$libinit$$0000000C  c_p.l(libinit2.o)
    0x00000146   0x00000006   Code   RO          955    .ARM.Collect$$libinit$$0000000D  c_p.l(libinit2.o)
    0x0000014c   0x00000000   Code   RO          957    .ARM.Collect$$libinit$$0000000F  c_p.l(libinit2.o)
    0x0000014c   0x0000000c   Code   RO          958    .ARM.Collect$$libinit$$00000010  c_p.l(libinit2.o)
    0x00000158   0x00000000   Code   RO          959    .ARM.Collect$$libinit$$00000011  c_p.l(libinit2.o)
    0x00000158   0x00000000   Code   RO          961    .ARM.Collect$$libinit$$00000013  c_p.l(libinit2.o)
    0x00000158   0x00000000   Code   RO          963    .ARM.Collect$$libinit$$00000015  c_p.l(libinit2.o)
    0x00000158   0x00000000   Code   RO          965    .ARM.Collect$$libinit$$00000017  c_p.l(libinit2.o)
    0x00000158   0x00000000   Code   RO          967    .ARM.Collect$$libinit$$00000019  c_p.l(libinit2.o)
    0x00000158   0x00000000   Code   RO          969    .ARM.Collect$$libinit$$0000001B  c_p.l(libinit2.o)
    0x00000158   0x00000000   Code   RO          971    .ARM.Collect$$libinit$$0000001D  c_p.l(libinit2.o)
    0x00000158   0x00000000   Code   RO          973    .ARM.Collect$$libinit$$0000001F  c_p.l(libinit2.o)
    0x00000158   0x00000000   Code   RO          975    .ARM.Collect$$libinit$$00000021  c_p.l(libinit2.o)
    0x00000158   0x00000000   Code   RO          977    .ARM.Collect$$libinit$$00000023  c_p.l(libinit2.o)
    0x00000158   0x00000000   Code   RO          981    .ARM.Collect$$libinit$$0000002A  c_p.l(libinit2.o)
    0x00000158   0x00000000   Code   RO          983    .ARM.Collect$$libinit$$0000002C  c_p.l(libinit2.o)
    0x00000158   0x00000000   Code   RO          985    .ARM.Collect$$libinit$$0000002E  c_p.l(libinit2.o)
    0x00000158   0x00000000   Code   RO          987    .ARM.Collect$$libinit$$00000030  c_p.l(libinit2.o)
    0x00000158   0x00000002   Code   RO          988    .ARM.Collect$$libinit$$00000031  c_p.l(libinit2.o)
    0x0000015a   0x00000002   Code   RO         1047    .ARM.Collect$$libshutdown$$00000000  c_p.l(libshutdown.o)
    0x0000015c   0x00000000   Code   RO         1064    .ARM.Collect$$libshutdown$$00000003  c_p.l(libshutdown2.o)
    0x0000015c   0x00000000   Code   RO         1067    .ARM.Collect$$libshutdown$$00000006  c_p.l(libshutdown2.o)
    0x0000015c   0x00000000   Code   RO         1070    .ARM.Collect$$libshutdown$$00000009  c_p.l(libshutdown2.o)
    0x0000015c   0x00000000   Code   RO         1072    .ARM.Collect$$libshutdown$$0000000B  c_p.l(libshutdown2.o)
    0x0000015c   0x00000000   Code   RO         1075    .ARM.Collect$$libshutdown$$0000000E  c_p.l(libshutdown2.o)
    0x0000015c   0x00000002   Code   RO         1076    .ARM.Collect$$libshutdown$$0000000F  c_p.l(libshutdown2.o)
    0x0000015e   0x00000000   Code   RO          872    .ARM.Collect$$rtentry$$00000000  c_p.l(rtentry.o)
    0x0000015e   0x00000000   Code   RO          918    .ARM.Collect$$rtentry$$00000002  c_p.l(rtentry2.o)
    0x0000015e   0x00000006   Code   RO          930    .ARM.Collect$$rtentry$$00000004  c_p.l(rtentry4.o)
    0x00000164   0x00000000   Code   RO          920    .ARM.Collect$$rtentry$$00000009  c_p.l(rtentry2.o)
    0x00000164   0x00000004   Code   RO          921    .ARM.Collect$$rtentry$$0000000A  c_p.l(rtentry2.o)
    0x00000168   0x00000000   Code   RO          923    .ARM.Collect$$rtentry$$0000000C  c_p.l(rtentry2.o)
    0x00000168   0x00000008   Code   RO          924    .ARM.Collect$$rtentry$$0000000D  c_p.l(rtentry2.o)
    0x00000170   0x00000002   Code   RO         1009    .ARM.Collect$$rtexit$$00000000  c_p.l(rtexit.o)
    0x00000172   0x00000000   Code   RO         1024    .ARM.Collect$$rtexit$$00000002  c_p.l(rtexit2.o)
    0x00000172   0x00000004   Code   RO         1025    .ARM.Collect$$rtexit$$00000003  c_p.l(rtexit2.o)
    0x00000176   0x00000006   Code   RO         1026    .ARM.Collect$$rtexit$$00000004  c_p.l(rtexit2.o)
    0x0000017c   0x00000038   Code   RO          829    .emb_text           c_p.l(rt_memcpy.o)
    0x000001b4   0x00000038   Code   RO            4    .text               startup_w7500x.o
    0x000001ec   0x000000f4   Code   RO           12    .text               system_w7500x.o
    0x000002e0   0x00000108   Code   RO           55    .text               w7500x_dualtimer.o
    0x000003e8   0x00000318   Code   RO           79    .text               w7500x_gpio.o
    0x00000700   0x00000274   Code   RO          106    .text               w7500x_uart.o
    0x00000974   0x000000b4   Code   RO          130    .text               w7500x_wztoe.o
    0x00000a28   0x00000ab4   Code   RO          181    .text               socket.o
    0x000014dc   0x000005cc   Code   RO          213    .text               wizchip_conf.o
    0x00001aa8   0x00000264   Code   RO          247    .text               w7500x_miim.o
    0x00001d0c   0x00000bac   Code   RO          274    .text               dhcp.o
    0x000028b8   0x0000008a   Code   RO          301    .text               dhcp_cb.o
    0x00002942   0x0000003c   Code   RO          324    .text               w7500x_it.o
    0x0000297e   0x00000028   Code   RO          355    .text               retarget.o
    0x000029a6   0x00000002   PAD
    0x000029a8   0x00000438   Code   RO          389    .text               main.o
    0x00002de0   0x00000c00   Code   RO          448    .text               segcp.o
    0x000039e0   0x0000020c   Code   RO          481    .text               util.o
    0x00003bec   0x000000dc   Code   RO          504    .text               flashhandler.o
    0x00003cc8   0x000000d8   Code   RO          529    .text               storagehandler.o
    0x00003da0   0x000000e8   Code   RO          549    .text               timerhandler.o
    0x00003e88   0x00000024   Code   RO          576    .text               uarthandler.o
    0x00003eac   0x0000046c   Code   RO          606    .text               devicehandler.o
    0x00004318   0x00000194   Code   RO          686    .text               w7500x_board.o
    0x000044ac   0x000005c8   Code   RO          716    .text               configdata.o
    0x00004a74   0x00000002   Code   RO          739    .text               c_p.l(use_no_semi.o)
    0x00004a76   0x00000002   PAD
    0x00004a78   0x00000010   Code   RO          741    .text               c_p.l(rt_ctype_table.o)
    0x00004a88   0x0000001c   Code   RO          747    .text               c_p.l(noretval__2printf.o)
    0x00004aa4   0x00000028   Code   RO          749    .text               c_p.l(noretval__2sprintf.o)
    0x00004acc   0x0000004e   Code   RO          753    .text               c_p.l(_printf_pad.o)
    0x00004b1a   0x00000052   Code   RO          755    .text               c_p.l(_printf_str.o)
    0x00004b6c   0x0000006c   Code   RO          757    .text               c_p.l(_printf_dec.o)
    0x00004bd8   0x00000058   Code   RO          762    .text               c_p.l(_printf_hex_int.o)
    0x00004c30   0x00000138   Code   RO          792    .text               c_p.l(__printf_flags_wp.o)
    0x00004d68   0x00000040   Code   RO          806    .text               c_p.l(__0sscanf.o)
    0x00004da8   0x0000014a   Code   RO          808    .text               c_p.l(_scanf_int.o)
    0x00004ef2   0x000000e4   Code   RO          810    .text               c_p.l(_scanf_str.o)
    0x00004fd6   0x0000001a   Code   RO          812    .text               c_p.l(atoi.o)
    0x00004ff0   0x00000010   Code   RO          814    .text               c_p.l(strtok.o)
    0x00005000   0x00000014   Code   RO          817    .text               c_p.l(strchr.o)
    0x00005014   0x0000005a   Code   RO          819    .text               c_p.l(memcmp.o)
    0x0000506e   0x00000002   PAD
    0x00005070   0x0000004c   Code   RO          821    .text               c_p.l(strcpy.o)
    0x000050bc   0x00000044   Code   RO          823    .text               c_p.l(strlen.o)
    0x00005100   0x000000a0   Code   RO          825    .text               c_p.l(strncmp.o)
    0x000051a0   0x00000018   Code   RO          827    .text               c_p.l(strcat.o)
    0x000051b8   0x00000082   Code   RO          830    .text               c_p.l(rt_memcpy.o)
    0x0000523a   0x00000040   Code   RO          835    .text               c_p.l(rt_memclr.o)
    0x0000527a   0x00000002   PAD
    0x0000527c   0x00000088   Code   RO          837    .text               c_p.l(strcmp.o)
    0x00005304   0x00000022   Code   RO          839    .text               c_p.l(uread4.o)
    0x00005326   0x00000010   Code   RO          841    .text               c_p.l(uwrite4.o)
    0x00005336   0x0000015a   Code   RO          843    .text               c_p.l(aeabi_sdiv.o)
    0x00005490   0x00000006   Code   RO          847    .text               c_p.l(heapauxi.o)
    0x00005496   0x00000002   PAD
    0x00005498   0x00000350   Code   RO          851    .text               fz_ps.l(daddsub.o)
    0x000057e8   0x00000044   Code   RO          853    .text               fz_ps.l(dfixui.o)
    0x0000582c   0x00000054   Code   RO          855    .text               fz_ps.l(f2d.o)
    0x00005880   0x00000160   Code   RO          863    .text               fz_ps.l(fdiv.o)
    0x000059e0   0x00000030   Code   RO          866    .text               fz_ps.l(ffixui.o)
    0x00005a10   0x0000005e   Code   RO          868    .text               fz_ps.l(fflti.o)
    0x00005a6e   0x00000002   PAD
    0x00005a70   0x00000044   Code   RO          870    .text               fz_ps.l(fscalbn.o)
    0x00005ab4   0x00000008   Code   RO          880    .text               c_p.l(rt_locale_intlibspace.o)
    0x00005abc   0x00000008   Code   RO          885    .text               c_p.l(rt_errno_addr_intlibspace.o)
    0x00005ac4   0x000000b0   Code   RO          887    .text               c_p.l(_printf_intcommon.o)
    0x00005b74   0x00000030   Code   RO          889    .text               c_p.l(_printf_char_common.o)
    0x00005ba4   0x0000000a   Code   RO          891    .text               c_p.l(_sputc.o)
    0x00005bae   0x0000002e   Code   RO          893    .text               c_p.l(_printf_char.o)
    0x00005bdc   0x00000028   Code   RO          895    .text               c_p.l(_printf_char_file.o)
    0x00005c04   0x0000001e   Code   RO          898    .text               c_p.l(_chval.o)
    0x00005c22   0x00000002   PAD
    0x00005c24   0x00000030   Code   RO          900    .text               c_p.l(scanf_char.o)
    0x00005c54   0x00000044   Code   RO          902    .text               c_p.l(_sgetc.o)
    0x00005c98   0x00000070   Code   RO          904    .text               c_p.l(strtol.o)
    0x00005d08   0x00000048   Code   RO          909    .text               c_p.l(strtok_int.o)
    0x00005d50   0x00000028   Code   RO          911    .text               c_p.l(rtudiv10.o)
    0x00005d78   0x00000008   Code   RO          914    .text               c_p.l(libspace.o)
    0x00005d80   0x00000012   Code   RO          934    .text               c_p.l(isspace.o)
    0x00005d92   0x00000002   PAD
    0x00005d94   0x0000038c   Code   RO          938    .text               c_p.l(_scanf.o)
    0x00006120   0x000000a6   Code   RO          940    .text               c_p.l(_strtoul.o)
    0x000061c6   0x00000022   Code   RO          942    .text               c_p.l(strcspn.o)
    0x000061e8   0x00000020   Code   RO          944    .text               c_p.l(strspn.o)
    0x00006208   0x0000003e   Code   RO          989    .text               c_p.l(sys_stackheap_outer.o)
    0x00006246   0x0000000c   Code   RO          992    .text               c_p.l(exit.o)
    0x00006252   0x00000056   Code   RO         1079    .text               c_p.l(__dczerorl2.o)
    0x000062a8   0x0000001a   Code   RO          199    i.__ARM_common_switch8  socket.o
    0x000062c2   0x0000000e   Code   RO          790    i._is_digit         c_p.l(__printf_wp.o)
    0x000062d0   0x0000002c   Code   RO          907    locale$$code        c_p.l(lc_ctype_c.o)
    0x000062fc   0x0000008c   Code   RO          857    x$fpl$fadd          fz_ps.l(faddsub.o)
    0x00006388   0x00000018   Code   RO          858    x$fpl$frsb          fz_ps.l(faddsub.o)
    0x000063a0   0x000000d0   Code   RO          859    x$fpl$fsub          fz_ps.l(faddsub.o)
    0x00006470   0x00000000   Code   RO          913    x$fpl$usenofp       fz_ps.l(usenofp.o)
    0x00006470   0x00000004   Data   RO          687    .constdata          w7500x_board.o
    0x00006474   0x00000028   Data   RO          763    .constdata          c_p.l(_printf_hex_int.o)
    0x0000649c   0x00000011   Data   RO          793    .constdata          c_p.l(__printf_flags_wp.o)
    0x000064ad   0x00000040   Data   RO          864    .constdata          fz_ps.l(fdiv.o)
    0x000064ed   0x00000003   PAD
    0x000064f0   0x0000015b   Data   RO          450    .conststring        segcp.o
    0x0000664b   0x00000001   PAD
    0x0000664c   0x00000017   Data   RO          577    .conststring        uarthandler.o
    0x00006663   0x00000001   PAD
    0x00006664   0x00000066   Data   RO          607    .conststring        devicehandler.o
    0x000066ca   0x00000002   PAD
    0x000066cc   0x00000020   Data   RO         1077    Region$$Table       anon$$obj.o
    0x000066ec   0x00000110   Data   RO          906    locale$$data        c_p.l(lc_ctype_c.o)


    Execution Region RW_IRAM1 (Base: 0x20000000, Size: 0x00002360, Max: 0x00004000, ABSOLUTE, COMPRESSED[0x00000110])

    Base Addr    Size         Type   Attr      Idx    E Section Name        Object

    0x20000000   0x00000008   Data   RW           13    .data               system_w7500x.o
    0x20000008   0x0000000e   Data   RW          183    .data               socket.o
    0x20000016   0x00000002   PAD
    0x20000018   0x00000028   Data   RW          214    .data               wizchip_conf.o
    0x20000040   0x00000008   Data   RW          248    .data               w7500x_miim.o
    0x20000048   0x0000004a   Data   RW          275    .data               dhcp.o
    0x20000092   0x00000002   PAD
    0x20000094   0x00000004   Data   RW          356    .data               retarget.o
    0x20000098   0x00000002   Data   RW          392    .data               main.o
    0x2000009a   0x00000002   PAD
    0x2000009c   0x0000011c   Data   RW          451    .data               segcp.o
    0x200001b8   0x00000010   Data   RW          550    .data               timerhandler.o
    0x200001c8   0x00000008   Data   RW          578    .data               uarthandler.o
    0x200001d0   0x00000010   Data   RW          608    .data               devicehandler.o
    0x200001e0   0x00000010   Data   RW          688    .data               w7500x_board.o
    0x200001f0   0x00000004   Data   RW          815    .data               c_p.l(strtok.o)
    0x200001f4   0x00000010   Zero   RW          182    .bss                socket.o
    0x20000204   0x00000800   Zero   RW          390    .bss                main.o
    0x20000a04   0x00000800   Zero   RW          391    .bss                main.o
    0x20001204   0x00000400   Zero   RW          449    .bss                segcp.o
    0x20001604   0x000000f9   Zero   RW          717    .bss                configdata.o
    0x200016fd   0x00000003   PAD
    0x20001700   0x00000060   Zero   RW          915    .bss                c_p.l(libspace.o)
    0x20001760   0x00000400   Zero   RW            2    HEAP                startup_w7500x.o
    0x20001b60   0x00000800   Zero   RW            1    STACK               startup_w7500x.o


==============================================================================

Image component sizes


      Code (inc. data)   RO Data    RW Data    ZI Data      Debug   Object Name

      1480        370          0          0        249       4296   configdata.o
      1132        324        102         16          0       9841   devicehandler.o
      2988         84          0         74          0       9347   dhcp.o
       138          0          0          0          0       3534   dhcp_cb.o
       220         22          0          0          0       2103   flashhandler.o
      1080        280          0          2       4096       5717   main.o
        40          0          0          4          0       3014   retarget.o
      3072        410        347        284       1024       5238   segcp.o
      2766        102          0         14         16      11449   socket.o
        56         26        168          0       3072        824   startup_w7500x.o
       216         10          0          0          0       1831   storagehandler.o
       244         24          0          8          0      23485   system_w7500x.o
       232         16          0         16          0       2922   timerhandler.o
        36          6         23          8          0       1558   uarthandler.o
       524          6          0          0          0       3223   util.o
       404         18          4         16          0       6525   w7500x_board.o
       264          8          0          0          0       5119   w7500x_dualtimer.o
       792         16          0          0          0      13523   w7500x_gpio.o
        60          0          0          0          0       3098   w7500x_it.o
       612         38          0          8          0       3982   w7500x_miim.o
       628         24          0          0          0      12420   w7500x_uart.o
       180         12          0          0          0       2314   w7500x_wztoe.o
      1484         82          0         40          0       9706   wizchip_conf.o

    ----------------------------------------------------------------------
     18650       1878        680        496       8460     145069   Object Totals
         0          0         32          0          0          0   (incl. Generated)
         2          0          4          6          3          0   (incl. Padding)

    ----------------------------------------------------------------------

      Code (inc. data)   RO Data    RW Data    ZI Data      Debug   Library Member Name

        64         10          0          0          0         84   __0sscanf.o
        86          0          0          0          0          0   __dczerorl2.o
         8          0          0          0          0         68   __main.o
       312          6         17          0          0         76   __printf_flags_wp.o
        14          0          0          0          0         60   __printf_wp.o
        60          8          0          0          0          0   __scatter.o
        28          0          0          0          0          0   __scatter_zi.o
        30          0          0          0          0         60   _chval.o
        10          0          0          0          0          0   _printf_c.o
        46          0          0          0          0        100   _printf_char.o
        48          6          0          0          0         88   _printf_char_common.o
        40          6          0          0          0         72   _printf_char_file.o
        10          0          0          0          0          0   _printf_d.o
       108         18          0          0          0         76   _printf_dec.o
        88          4         40          0          0         72   _printf_hex_int.o
       176          0          0          0          0         84   _printf_intcommon.o
        78          0          0          0          0        100   _printf_pad.o
         2          0          0          0          0          0   _printf_percent.o
         4          0          0          0          0          0   _printf_percent_end.o
        10          0          0          0          0          0   _printf_s.o
        82          0          0          0          0         72   _printf_str.o
        10          0          0          0          0          0   _printf_u.o
        10          0          0          0          0          0   _printf_x.o
       908         16          0          0          0         84   _scanf.o
       330          0          0          0          0         84   _scanf_int.o
       228          0          0          0          0         84   _scanf_str.o
        68          0          0          0          0         76   _sgetc.o
        10          0          0          0          0         60   _sputc.o
       166          0          0          0          0         84   _strtoul.o
       346          0          0          0          0         92   aeabi_sdiv.o
        26          0          0          0          0         72   atoi.o
        12          0          0          0          0         64   exit.o
         6          0          0          0          0        136   heapauxi.o
        18          0          0          0          0         68   isspace.o
        44         10        272          0          0         76   lc_ctype_c.o
         2          0          0          0          0          0   libinit.o
        24          0          0          0          0          0   libinit2.o
         2          0          0          0          0          0   libshutdown.o
         2          0          0          0          0          0   libshutdown2.o
         8          4          0          0         96         68   libspace.o
        90          0          0          0          0         68   memcmp.o
        28          6          0          0          0         84   noretval__2printf.o
        40          4          0          0          0         84   noretval__2sprintf.o
        16          4          0          0          0         76   rt_ctype_table.o
         8          4          0          0          0         68   rt_errno_addr_intlibspace.o
         8          4          0          0          0         68   rt_locale_intlibspace.o
        64          0          0          0          0        108   rt_memclr.o
       186          0          0          0          0        144   rt_memcpy.o
         0          0          0          0          0          0   rtentry.o
        12          0          0          0          0          0   rtentry2.o
         6          0          0          0          0          0   rtentry4.o
         2          0          0          0          0          0   rtexit.o
        10          0          0          0          0          0   rtexit2.o
        40          0          0          0          0         60   rtudiv10.o
        48          8          0          0          0         84   scanf_char.o
        24          0          0          0          0         60   strcat.o
        20          0          0          0          0         60   strchr.o
       136          4          0          0          0         72   strcmp.o
        76          6          0          0          0         72   strcpy.o
        34          0          0          0          0         72   strcspn.o
        68          6          0          0          0         72   strlen.o
       160          6          0          0          0         76   strncmp.o
        32          0          0          0          0         72   strspn.o
        16          6          0          4          0         68   strtok.o
        72          6          0          0          0         76   strtok_int.o
       112          4          0          0          0         76   strtol.o
        62          0          0          0          0         80   sys_stackheap_outer.o
        34          0          0          0          0         60   uread4.o
         2          0          0          0          0         68   use_no_semi.o
        16          0          0          0          0         60   uwrite4.o
       848         20          0          0          0        228   daddsub.o
        68          4          0          0          0         68   dfixui.o
        84          4          0          0          0         60   f2d.o
       372          8          0          0          0        240   faddsub.o
       352          8         64          0          0         88   fdiv.o
        48          0          0          0          0         60   ffixui.o
        94          0          0          0          0         92   fflti.o
        68          4          0          0          0         68   fscalbn.o
         0          0          0          0          0          0   usenofp.o

    ----------------------------------------------------------------------
      6894        204        396          4         96       4852   Library Totals
        14          0          3          0          0          0   (incl. Padding)

    ----------------------------------------------------------------------

      Code (inc. data)   RO Data    RW Data    ZI Data      Debug   Library Name

      4946        156        329          4         96       3948   c_p.l
      1934         48         64          0          0        904   fz_ps.l

    ----------------------------------------------------------------------
      6894        204        396          4         96       4852   Library Totals

    ----------------------------------------------------------------------

==============================================================================


      Code (inc. data)   RO Data    RW Data    ZI Data      Debug   

     25544       2082       1076        500       8556     144877   Grand Totals
     25544       2082       1076        272       8556     144877   ELF Image Totals (compressed)
     25544       2082       1076        272          0          0   ROM Totals

==============================================================================

    Total RO  Size (Code + RO Data)                26620 (  26.00kB)
    Total RW  Size (RW Data + ZI Data)              9056 (   8.84kB)
    Total ROM Size (Code + RO Data + RW Data)      26892 (  26.26kB)

==============================================================================

