<!doctype html public "-//w3c//dtd html 4.0 transitional//en">
<html><head>
<title>Static Call Graph - [.\obj\W7500x_S2E_App.axf]</title></head>
<body><HR>
<H1>Static Call Graph for image .\obj\W7500x_S2E_App.axf</H1><HR>
<BR><P>#&#060CALLGRAPH&#062# ARM Linker, 5040049: Last Updated: Wed Apr 19 15:50:00 2017
<BR><P>
<H3>Maximum Stack Usage =        560 bytes + Unknown(Cycles, Untraceable Function Pointers)</H3><H3>
Call chain for Maximum Stack Depth:</H3>
__rt_entry_main &rArr; main &rArr; process_dns &rArr; do_segcp &rArr; proc_SEGCP_udp &rArr; proc_SEGCP &rArr; __0sscanf &rArr; __vfscanf_char &rArr; __vfscanf &rArr; _scanf_string
<P>
<H3>
Mutually Recursive functions
</H3> <LI><a href="#[2a]">RTC_Handler</a>&nbsp;&nbsp;&nbsp;&rArr;&nbsp;&nbsp;&nbsp;<a href="#[2a]">RTC_Handler</a><BR>
 <LI><a href="#[59]">_sys_exit</a>&nbsp;&nbsp;&nbsp;&rArr;&nbsp;&nbsp;&nbsp;<a href="#[59]">_sys_exit</a><BR>
</UL>
<P>
<H3>
Function Pointers
</H3><UL>
 <LI><a href="#[2b]">ADC_Handler</a> from w7500x_it.o(.text) referenced from startup_w7500x.o(RESET)
 <LI><a href="#[1f]">DMA_Handler</a> from w7500x_it.o(.text) referenced from startup_w7500x.o(RESET)
 <LI><a href="#[20]">DUALTIMER0_Handler</a> from w7500x_it.o(.text) referenced from startup_w7500x.o(RESET)
 <LI><a href="#[21]">DUALTIMER1_Handler</a> from w7500x_it.o(.text) referenced from startup_w7500x.o(RESET)
 <LI><a href="#[2d]">EXTI_Handler</a> from w7500x_it.o(.text) referenced from startup_w7500x.o(RESET)
 <LI><a href="#[10]">HardFault_Handler</a> from w7500x_it.o(.text) referenced from startup_w7500x.o(RESET)
 <LI><a href="#[19]">I2C0_Handler</a> from w7500x_it.o(.text) referenced from startup_w7500x.o(RESET)
 <LI><a href="#[1a]">I2C1_Handler</a> from w7500x_it.o(.text) referenced from startup_w7500x.o(RESET)
 <LI><a href="#[f]">NMI_Handler</a> from w7500x_it.o(.text) referenced from startup_w7500x.o(RESET)
 <LI><a href="#[1b]">PORT0_Handler</a> from w7500x_it.o(.text) referenced from startup_w7500x.o(RESET)
 <LI><a href="#[1c]">PORT1_Handler</a> from w7500x_it.o(.text) referenced from startup_w7500x.o(RESET)
 <LI><a href="#[1d]">PORT2_Handler</a> from w7500x_it.o(.text) referenced from startup_w7500x.o(RESET)
 <LI><a href="#[1e]">PORT3_Handler</a> from w7500x_it.o(.text) referenced from startup_w7500x.o(RESET)
 <LI><a href="#[22]">PWM0_Handler</a> from w7500x_it.o(.text) referenced from startup_w7500x.o(RESET)
 <LI><a href="#[23]">PWM1_Handler</a> from w7500x_it.o(.text) referenced from startup_w7500x.o(RESET)
 <LI><a href="#[24]">PWM2_Handler</a> from w7500x_it.o(.text) referenced from startup_w7500x.o(RESET)
 <LI><a href="#[25]">PWM3_Handler</a> from w7500x_it.o(.text) referenced from startup_w7500x.o(RESET)
 <LI><a href="#[26]">PWM4_Handler</a> from w7500x_it.o(.text) referenced from startup_w7500x.o(RESET)
 <LI><a href="#[27]">PWM5_Handler</a> from w7500x_it.o(.text) referenced from startup_w7500x.o(RESET)
 <LI><a href="#[28]">PWM6_Handler</a> from w7500x_it.o(.text) referenced from startup_w7500x.o(RESET)
 <LI><a href="#[29]">PWM7_Handler</a> from w7500x_it.o(.text) referenced from startup_w7500x.o(RESET)
 <LI><a href="#[12]">PendSV_Handler</a> from w7500x_it.o(.text) referenced from startup_w7500x.o(RESET)
 <LI><a href="#[2a]">RTC_Handler</a> from startup_w7500x.o(.text) referenced from startup_w7500x.o(RESET)
 <LI><a href="#[e]">Reset_Handler</a> from startup_w7500x.o(.text) referenced from startup_w7500x.o(RESET)
 <LI><a href="#[14]">SSP0_Handler</a> from w7500x_it.o(.text) referenced from startup_w7500x.o(RESET)
 <LI><a href="#[15]">SSP1_Handler</a> from w7500x_it.o(.text) referenced from startup_w7500x.o(RESET)
 <LI><a href="#[11]">SVC_Handler</a> from w7500x_it.o(.text) referenced from startup_w7500x.o(RESET)
 <LI><a href="#[13]">SysTick_Handler</a> from w7500x_it.o(.text) referenced from startup_w7500x.o(RESET)
 <LI><a href="#[2e]">SystemInit</a> from system_w7500x.o(.text) referenced from startup_w7500x.o(.text)
 <LI><a href="#[16]">UART0_Handler</a> from w7500x_it.o(.text) referenced from startup_w7500x.o(RESET)
 <LI><a href="#[17]">UART1_Handler</a> from w7500x_it.o(.text) referenced from startup_w7500x.o(RESET)
 <LI><a href="#[18]">UART2_Handler</a> from w7500x_it.o(.text) referenced from startup_w7500x.o(RESET)
 <LI><a href="#[2c]">WZTOE_Handler</a> from w7500x_it.o(.text) referenced from startup_w7500x.o(RESET)
 <LI><a href="#[3c]">__main</a> from __main.o(!!!main) referenced from startup_w7500x.o(.text)
 <LI><a href="#[34]">_get_lc_ctype</a> from lc_ctype_c.o(locale$$code) referenced from rt_ctype_table.o(.text)
 <LI><a href="#[38]">_printf_input_char</a> from _printf_char_common.o(.text) referenced from _printf_char_common.o(.text)
 <LI><a href="#[37]">_sbackspace</a> from _sgetc.o(.text) referenced from __0sscanf.o(.text)
 <LI><a href="#[3a]">_scanf_char_input</a> from scanf_char.o(.text) referenced from scanf_char.o(.text)
 <LI><a href="#[36]">_sgetc</a> from _sgetc.o(.text) referenced from __0sscanf.o(.text)
 <LI><a href="#[35]">_sputc</a> from _sputc.o(.text) referenced from __2sprintf.o(.text)
 <LI><a href="#[b]">default_ip_assign</a> from dhcp.o(.text) referenced 2 times from dhcp.o(.data)
 <LI><a href="#[b]">default_ip_assign</a> from dhcp.o(.text) referenced from dhcp.o(.text)
 <LI><a href="#[d]">default_ip_conflict</a> from dhcp.o(.text) referenced 2 times from dhcp.o(.data)
 <LI><a href="#[d]">default_ip_conflict</a> from dhcp.o(.text) referenced from dhcp.o(.text)
 <LI><a href="#[c]">default_ip_update</a> from dhcp.o(.text) referenced 2 times from dhcp.o(.data)
 <LI><a href="#[c]">default_ip_update</a> from dhcp.o(.text) referenced from dhcp.o(.text)
 <LI><a href="#[39]">fputc</a> from retarget.o(.text) referenced from _printf_char_file.o(.text)
 <LI><a href="#[3b]">isspace</a> from isspace.o(.text) referenced from scanf_char.o(.text)
 <LI><a href="#[33]">w7500x_dhcp_assign</a> from dhcp_cb.o(.text) referenced from main.o(.text)
 <LI><a href="#[32]">w7500x_dhcp_conflict</a> from dhcp_cb.o(.text) referenced from main.o(.text)
 <LI><a href="#[9]">wizchip_bus_readbyte</a> from wizchip_conf.o(.text) referenced 2 times from wizchip_conf.o(.data)
 <LI><a href="#[9]">wizchip_bus_readbyte</a> from wizchip_conf.o(.text) referenced from wizchip_conf.o(.text)
 <LI><a href="#[a]">wizchip_bus_writebyte</a> from wizchip_conf.o(.text) referenced 2 times from wizchip_conf.o(.data)
 <LI><a href="#[a]">wizchip_bus_writebyte</a> from wizchip_conf.o(.text) referenced from wizchip_conf.o(.text)
 <LI><a href="#[5]">wizchip_cris_enter</a> from wizchip_conf.o(.text) referenced 2 times from wizchip_conf.o(.data)
 <LI><a href="#[5]">wizchip_cris_enter</a> from wizchip_conf.o(.text) referenced from wizchip_conf.o(.text)
 <LI><a href="#[6]">wizchip_cris_exit</a> from wizchip_conf.o(.text) referenced 2 times from wizchip_conf.o(.data)
 <LI><a href="#[6]">wizchip_cris_exit</a> from wizchip_conf.o(.text) referenced from wizchip_conf.o(.text)
 <LI><a href="#[8]">wizchip_cs_deselect</a> from wizchip_conf.o(.text) referenced 2 times from wizchip_conf.o(.data)
 <LI><a href="#[8]">wizchip_cs_deselect</a> from wizchip_conf.o(.text) referenced from wizchip_conf.o(.text)
 <LI><a href="#[7]">wizchip_cs_select</a> from wizchip_conf.o(.text) referenced 2 times from wizchip_conf.o(.data)
 <LI><a href="#[7]">wizchip_cs_select</a> from wizchip_conf.o(.text) referenced from wizchip_conf.o(.text)
 <LI><a href="#[30]">wizchip_spi_readbyte</a> from wizchip_conf.o(.text) referenced from wizchip_conf.o(.text)
 <LI><a href="#[31]">wizchip_spi_writebyte</a> from wizchip_conf.o(.text) referenced from wizchip_conf.o(.text)
</UL>
<P>
<H3>
Global Symbols
</H3>
<P><STRONG><a name="[3c]"></a>__main</STRONG> (Thumb, 8 bytes, Stack size 0 bytes, __main.o(!!!main))
<BR><BR>[Calls]<UL><LI><a href="#[3e]">&gt;&gt;</a>&nbsp;&nbsp;&nbsp;__rt_entry
<LI><a href="#[3d]">&gt;&gt;</a>&nbsp;&nbsp;&nbsp;__scatterload
</UL>

<P><STRONG><a name="[3d]"></a>__scatterload</STRONG> (Thumb, 0 bytes, Stack size unknown bytes, __scatter.o(!!!scatter))
<BR><BR>[Called By]<UL><LI><a href="#[3c]">&gt;&gt;</a>&nbsp;&nbsp;&nbsp;__main
</UL>

<P><STRONG><a name="[3f]"></a>__scatterload_rt2</STRONG> (Thumb, 52 bytes, Stack size unknown bytes, __scatter.o(!!!scatter), UNUSED)
<BR><BR>[Calls]<UL><LI><a href="#[3e]">&gt;&gt;</a>&nbsp;&nbsp;&nbsp;__rt_entry
</UL>

<P><STRONG><a name="[1b7]"></a>__scatterload_rt2_thumb_only</STRONG> (Thumb, 0 bytes, Stack size unknown bytes, __scatter.o(!!!scatter), UNUSED)

<P><STRONG><a name="[1b8]"></a>__scatterload_null</STRONG> (Thumb, 0 bytes, Stack size unknown bytes, __scatter.o(!!!scatter), UNUSED)

<P><STRONG><a name="[1b9]"></a>__scatterload_zeroinit</STRONG> (Thumb, 28 bytes, Stack size unknown bytes, __scatter_zi.o(!!handler_zi), UNUSED)

<P><STRONG><a name="[18d]"></a>_printf_percent</STRONG> (Thumb, 0 bytes, Stack size unknown bytes, _printf_percent.o(.ARM.Collect$$_printf_percent$$00000000))
<BR><BR>[Called By]<UL><LI><a href="#[18b]">&gt;&gt;</a>&nbsp;&nbsp;&nbsp;__printf
</UL>

<P><STRONG><a name="[40]"></a>_printf_d</STRONG> (Thumb, 0 bytes, Stack size unknown bytes, _printf_d.o(.ARM.Collect$$_printf_percent$$00000009))
<BR><BR>[Stack]<UL><LI>Max Depth = 88 + Unknown Stack Size
<LI>Call Chain = _printf_d &rArr; _printf_u &rArr; _printf_int_dec &rArr; _printf_int_common &rArr; _printf_post_padding
</UL>
<BR>[Calls]<UL><LI><a href="#[41]">&gt;&gt;</a>&nbsp;&nbsp;&nbsp;_printf_u
<LI><a href="#[42]">&gt;&gt;</a>&nbsp;&nbsp;&nbsp;_printf_int_dec
</UL>

<P><STRONG><a name="[41]"></a>_printf_u</STRONG> (Thumb, 0 bytes, Stack size unknown bytes, _printf_u.o(.ARM.Collect$$_printf_percent$$0000000A))
<BR><BR>[Stack]<UL><LI>Max Depth = 88 + Unknown Stack Size
<LI>Call Chain = _printf_u &rArr; _printf_int_dec &rArr; _printf_int_common &rArr; _printf_post_padding
</UL>
<BR>[Calls]<UL><LI><a href="#[43]">&gt;&gt;</a>&nbsp;&nbsp;&nbsp;_printf_x
<LI><a href="#[42]">&gt;&gt;</a>&nbsp;&nbsp;&nbsp;_printf_int_dec
</UL>
<BR>[Called By]<UL><LI><a href="#[40]">&gt;&gt;</a>&nbsp;&nbsp;&nbsp;_printf_d
</UL>

<P><STRONG><a name="[43]"></a>_printf_x</STRONG> (Thumb, 0 bytes, Stack size unknown bytes, _printf_x.o(.ARM.Collect$$_printf_percent$$0000000C))
<BR><BR>[Stack]<UL><LI>Max Depth = 72 + Unknown Stack Size
<LI>Call Chain = _printf_x &rArr; _printf_int_hex &rArr; _printf_int_common &rArr; _printf_post_padding
</UL>
<BR>[Calls]<UL><LI><a href="#[44]">&gt;&gt;</a>&nbsp;&nbsp;&nbsp;_printf_c
<LI><a href="#[45]">&gt;&gt;</a>&nbsp;&nbsp;&nbsp;_printf_int_hex
</UL>
<BR>[Called By]<UL><LI><a href="#[41]">&gt;&gt;</a>&nbsp;&nbsp;&nbsp;_printf_u
</UL>

<P><STRONG><a name="[44]"></a>_printf_c</STRONG> (Thumb, 0 bytes, Stack size unknown bytes, _printf_c.o(.ARM.Collect$$_printf_percent$$00000013))
<BR><BR>[Stack]<UL><LI>Max Depth = 40 + Unknown Stack Size
<LI>Call Chain = _printf_c &rArr; _printf_char &rArr; _printf_cs_common &rArr; _printf_str &rArr; _printf_post_padding
</UL>
<BR>[Calls]<UL><LI><a href="#[47]">&gt;&gt;</a>&nbsp;&nbsp;&nbsp;_printf_char
<LI><a href="#[46]">&gt;&gt;</a>&nbsp;&nbsp;&nbsp;_printf_s
</UL>
<BR>[Called By]<UL><LI><a href="#[43]">&gt;&gt;</a>&nbsp;&nbsp;&nbsp;_printf_x
</UL>

<P><STRONG><a name="[46]"></a>_printf_s</STRONG> (Thumb, 0 bytes, Stack size unknown bytes, _printf_s.o(.ARM.Collect$$_printf_percent$$00000014))
<BR><BR>[Stack]<UL><LI>Max Depth = 40 + Unknown Stack Size
<LI>Call Chain = _printf_s &rArr; _printf_string &rArr; _printf_cs_common &rArr; _printf_str &rArr; _printf_post_padding
</UL>
<BR>[Calls]<UL><LI><a href="#[48]">&gt;&gt;</a>&nbsp;&nbsp;&nbsp;_printf_percent_end
<LI><a href="#[49]">&gt;&gt;</a>&nbsp;&nbsp;&nbsp;_printf_string
</UL>
<BR>[Called By]<UL><LI><a href="#[44]">&gt;&gt;</a>&nbsp;&nbsp;&nbsp;_printf_c
</UL>

<P><STRONG><a name="[48]"></a>_printf_percent_end</STRONG> (Thumb, 0 bytes, Stack size unknown bytes, _printf_percent_end.o(.ARM.Collect$$_printf_percent$$00000017))
<BR><BR>[Called By]<UL><LI><a href="#[46]">&gt;&gt;</a>&nbsp;&nbsp;&nbsp;_printf_s
</UL>

<P><STRONG><a name="[52]"></a>__rt_lib_init</STRONG> (Thumb, 0 bytes, Stack size unknown bytes, libinit.o(.ARM.Collect$$libinit$$00000000))
<BR><BR>[Called By]<UL><LI><a href="#[51]">&gt;&gt;</a>&nbsp;&nbsp;&nbsp;__rt_entry_li
</UL>

<P><STRONG><a name="[1ba]"></a>__rt_lib_init_fp_1</STRONG> (Thumb, 0 bytes, Stack size unknown bytes, libinit2.o(.ARM.Collect$$libinit$$00000001))

<P><STRONG><a name="[1bb]"></a>__rt_lib_init_heap_1</STRONG> (Thumb, 0 bytes, Stack size unknown bytes, libinit2.o(.ARM.Collect$$libinit$$00000008))

<P><STRONG><a name="[4a]"></a>__rt_lib_init_rand_2</STRONG> (Thumb, 0 bytes, Stack size unknown bytes, libinit2.o(.ARM.Collect$$libinit$$0000000B))
<BR><BR>[Stack]<UL><LI>Max Depth = 12 + Unknown Stack Size
<LI>Call Chain = __rt_lib_init_rand_2 &rArr; _rand_init &rArr; srand
</UL>
<BR>[Calls]<UL><LI><a href="#[4b]">&gt;&gt;</a>&nbsp;&nbsp;&nbsp;_rand_init
</UL>

<P><STRONG><a name="[1bc]"></a>__rt_lib_init_user_alloc_1</STRONG> (Thumb, 0 bytes, Stack size unknown bytes, libinit2.o(.ARM.Collect$$libinit$$0000000A))

<P><STRONG><a name="[4c]"></a>__rt_lib_init_lc_common</STRONG> (Thumb, 0 bytes, Stack size unknown bytes, libinit2.o(.ARM.Collect$$libinit$$0000000D))
<BR><BR>[Calls]<UL><LI><a href="#[4d]">&gt;&gt;</a>&nbsp;&nbsp;&nbsp;__rt_locale
</UL>

<P><STRONG><a name="[1bd]"></a>__rt_lib_init_rand_1</STRONG> (Thumb, 0 bytes, Stack size unknown bytes, libinit2.o(.ARM.Collect$$libinit$$0000000C))

<P><STRONG><a name="[1be]"></a>__rt_lib_init_lc_collate_1</STRONG> (Thumb, 0 bytes, Stack size unknown bytes, libinit2.o(.ARM.Collect$$libinit$$0000000F))

<P><STRONG><a name="[4e]"></a>__rt_lib_init_lc_ctype_2</STRONG> (Thumb, 0 bytes, Stack size unknown bytes, libinit2.o(.ARM.Collect$$libinit$$00000010))
<BR><BR>[Stack]<UL><LI>Max Depth = 24 + Unknown Stack Size
<LI>Call Chain = __rt_lib_init_lc_ctype_2 &rArr; _get_lc_ctype &rArr; strcmp
</UL>
<BR>[Calls]<UL><LI><a href="#[34]">&gt;&gt;</a>&nbsp;&nbsp;&nbsp;_get_lc_ctype
</UL>

<P><STRONG><a name="[1bf]"></a>__rt_lib_init_alloca_1</STRONG> (Thumb, 0 bytes, Stack size unknown bytes, libinit2.o(.ARM.Collect$$libinit$$0000002C))

<P><STRONG><a name="[1c0]"></a>__rt_lib_init_argv_1</STRONG> (Thumb, 0 bytes, Stack size unknown bytes, libinit2.o(.ARM.Collect$$libinit$$0000002A))

<P><STRONG><a name="[1c1]"></a>__rt_lib_init_atexit_1</STRONG> (Thumb, 0 bytes, Stack size unknown bytes, libinit2.o(.ARM.Collect$$libinit$$00000019))

<P><STRONG><a name="[1c2]"></a>__rt_lib_init_clock_1</STRONG> (Thumb, 0 bytes, Stack size unknown bytes, libinit2.o(.ARM.Collect$$libinit$$0000001F))

<P><STRONG><a name="[1c3]"></a>__rt_lib_init_cpp_1</STRONG> (Thumb, 0 bytes, Stack size unknown bytes, libinit2.o(.ARM.Collect$$libinit$$00000030))

<P><STRONG><a name="[1c4]"></a>__rt_lib_init_exceptions_1</STRONG> (Thumb, 0 bytes, Stack size unknown bytes, libinit2.o(.ARM.Collect$$libinit$$0000002E))

<P><STRONG><a name="[1c5]"></a>__rt_lib_init_fp_trap_1</STRONG> (Thumb, 0 bytes, Stack size unknown bytes, libinit2.o(.ARM.Collect$$libinit$$0000001D))

<P><STRONG><a name="[1c6]"></a>__rt_lib_init_getenv_1</STRONG> (Thumb, 0 bytes, Stack size unknown bytes, libinit2.o(.ARM.Collect$$libinit$$00000021))

<P><STRONG><a name="[1c7]"></a>__rt_lib_init_lc_ctype_1</STRONG> (Thumb, 0 bytes, Stack size unknown bytes, libinit2.o(.ARM.Collect$$libinit$$00000011))

<P><STRONG><a name="[1c8]"></a>__rt_lib_init_lc_monetary_1</STRONG> (Thumb, 0 bytes, Stack size unknown bytes, libinit2.o(.ARM.Collect$$libinit$$00000013))

<P><STRONG><a name="[1c9]"></a>__rt_lib_init_lc_numeric_1</STRONG> (Thumb, 0 bytes, Stack size unknown bytes, libinit2.o(.ARM.Collect$$libinit$$00000015))

<P><STRONG><a name="[1ca]"></a>__rt_lib_init_lc_time_1</STRONG> (Thumb, 0 bytes, Stack size unknown bytes, libinit2.o(.ARM.Collect$$libinit$$00000017))

<P><STRONG><a name="[1cb]"></a>__rt_lib_init_return</STRONG> (Thumb, 0 bytes, Stack size unknown bytes, libinit2.o(.ARM.Collect$$libinit$$00000031))

<P><STRONG><a name="[1cc]"></a>__rt_lib_init_signal_1</STRONG> (Thumb, 0 bytes, Stack size unknown bytes, libinit2.o(.ARM.Collect$$libinit$$0000001B))

<P><STRONG><a name="[1cd]"></a>__rt_lib_init_stdio_1</STRONG> (Thumb, 0 bytes, Stack size unknown bytes, libinit2.o(.ARM.Collect$$libinit$$00000023))

<P><STRONG><a name="[57]"></a>__rt_lib_shutdown</STRONG> (Thumb, 0 bytes, Stack size unknown bytes, libshutdown.o(.ARM.Collect$$libshutdown$$00000000))
<BR><BR>[Called By]<UL><LI><a href="#[56]">&gt;&gt;</a>&nbsp;&nbsp;&nbsp;__rt_exit_ls
</UL>

<P><STRONG><a name="[1ce]"></a>__rt_lib_shutdown_fp_trap_1</STRONG> (Thumb, 0 bytes, Stack size unknown bytes, libshutdown2.o(.ARM.Collect$$libshutdown$$00000006))

<P><STRONG><a name="[1cf]"></a>__rt_lib_shutdown_heap_1</STRONG> (Thumb, 0 bytes, Stack size unknown bytes, libshutdown2.o(.ARM.Collect$$libshutdown$$0000000E))

<P><STRONG><a name="[1d0]"></a>__rt_lib_shutdown_return</STRONG> (Thumb, 0 bytes, Stack size unknown bytes, libshutdown2.o(.ARM.Collect$$libshutdown$$0000000F))

<P><STRONG><a name="[1d1]"></a>__rt_lib_shutdown_signal_1</STRONG> (Thumb, 0 bytes, Stack size unknown bytes, libshutdown2.o(.ARM.Collect$$libshutdown$$00000009))

<P><STRONG><a name="[1d2]"></a>__rt_lib_shutdown_stdio_1</STRONG> (Thumb, 0 bytes, Stack size unknown bytes, libshutdown2.o(.ARM.Collect$$libshutdown$$00000003))

<P><STRONG><a name="[1d3]"></a>__rt_lib_shutdown_user_alloc_1</STRONG> (Thumb, 0 bytes, Stack size unknown bytes, libshutdown2.o(.ARM.Collect$$libshutdown$$0000000B))

<P><STRONG><a name="[3e]"></a>__rt_entry</STRONG> (Thumb, 0 bytes, Stack size unknown bytes, rtentry.o(.ARM.Collect$$rtentry$$00000000))
<BR><BR>[Called By]<UL><LI><a href="#[3c]">&gt;&gt;</a>&nbsp;&nbsp;&nbsp;__main
<LI><a href="#[3f]">&gt;&gt;</a>&nbsp;&nbsp;&nbsp;__scatterload_rt2
</UL>

<P><STRONG><a name="[1d4]"></a>__rt_entry_presh_1</STRONG> (Thumb, 0 bytes, Stack size unknown bytes, rtentry2.o(.ARM.Collect$$rtentry$$00000002))

<P><STRONG><a name="[4f]"></a>__rt_entry_sh</STRONG> (Thumb, 0 bytes, Stack size unknown bytes, rtentry4.o(.ARM.Collect$$rtentry$$00000004))
<BR><BR>[Stack]<UL><LI>Max Depth = 8 + Unknown Stack Size
<LI>Call Chain = __rt_entry_sh &rArr; __user_setup_stackheap
</UL>
<BR>[Calls]<UL><LI><a href="#[50]">&gt;&gt;</a>&nbsp;&nbsp;&nbsp;__user_setup_stackheap
</UL>

<P><STRONG><a name="[51]"></a>__rt_entry_li</STRONG> (Thumb, 0 bytes, Stack size unknown bytes, rtentry2.o(.ARM.Collect$$rtentry$$0000000A))
<BR><BR>[Calls]<UL><LI><a href="#[52]">&gt;&gt;</a>&nbsp;&nbsp;&nbsp;__rt_lib_init
</UL>

<P><STRONG><a name="[1d5]"></a>__rt_entry_postsh_1</STRONG> (Thumb, 0 bytes, Stack size unknown bytes, rtentry2.o(.ARM.Collect$$rtentry$$00000009))

<P><STRONG><a name="[53]"></a>__rt_entry_main</STRONG> (Thumb, 0 bytes, Stack size unknown bytes, rtentry2.o(.ARM.Collect$$rtentry$$0000000D))
<BR><BR>[Stack]<UL><LI>Max Depth = 560 + Unknown Stack Size
<LI>Call Chain = __rt_entry_main &rArr; main &rArr; process_dns &rArr; do_segcp &rArr; proc_SEGCP_udp &rArr; proc_SEGCP &rArr; __0sscanf &rArr; __vfscanf_char &rArr; __vfscanf &rArr; _scanf_string
</UL>
<BR>[Calls]<UL><LI><a href="#[54]">&gt;&gt;</a>&nbsp;&nbsp;&nbsp;main
<LI><a href="#[55]">&gt;&gt;</a>&nbsp;&nbsp;&nbsp;exit
</UL>

<P><STRONG><a name="[1d6]"></a>__rt_entry_postli_1</STRONG> (Thumb, 0 bytes, Stack size unknown bytes, rtentry2.o(.ARM.Collect$$rtentry$$0000000C))

<P><STRONG><a name="[1b1]"></a>__rt_exit</STRONG> (Thumb, 0 bytes, Stack size unknown bytes, rtexit.o(.ARM.Collect$$rtexit$$00000000))
<BR><BR>[Called By]<UL><LI><a href="#[55]">&gt;&gt;</a>&nbsp;&nbsp;&nbsp;exit
</UL>

<P><STRONG><a name="[56]"></a>__rt_exit_ls</STRONG> (Thumb, 0 bytes, Stack size unknown bytes, rtexit2.o(.ARM.Collect$$rtexit$$00000003))
<BR><BR>[Calls]<UL><LI><a href="#[57]">&gt;&gt;</a>&nbsp;&nbsp;&nbsp;__rt_lib_shutdown
</UL>

<P><STRONG><a name="[1d7]"></a>__rt_exit_prels_1</STRONG> (Thumb, 0 bytes, Stack size unknown bytes, rtexit2.o(.ARM.Collect$$rtexit$$00000002))

<P><STRONG><a name="[58]"></a>__rt_exit_exit</STRONG> (Thumb, 0 bytes, Stack size unknown bytes, rtexit2.o(.ARM.Collect$$rtexit$$00000004))
<BR><BR>[Calls]<UL><LI><a href="#[59]">&gt;&gt;</a>&nbsp;&nbsp;&nbsp;_sys_exit
</UL>

<P><STRONG><a name="[110]"></a>rand</STRONG> (Thumb, 52 bytes, Stack size 0 bytes, rand.o(.emb_text))
<BR><BR>[Called By]<UL><LI><a href="#[10d]">&gt;&gt;</a>&nbsp;&nbsp;&nbsp;get_tcp_any_port
</UL>

<P><STRONG><a name="[e0]"></a>__aeabi_memcpy4</STRONG> (Thumb, 56 bytes, Stack size 0 bytes, rt_memcpy.o(.emb_text))
<BR><BR>[Called By]<UL><LI><a href="#[167]">&gt;&gt;</a>&nbsp;&nbsp;&nbsp;serial_info_init
<LI><a href="#[df]">&gt;&gt;</a>&nbsp;&nbsp;&nbsp;display_Dev_Info_main
<LI><a href="#[ff]">&gt;&gt;</a>&nbsp;&nbsp;&nbsp;__aeabi_memcpy
</UL>

<P><STRONG><a name="[1d8]"></a>__aeabi_memcpy8</STRONG> (Thumb, 0 bytes, Stack size 0 bytes, rt_memcpy.o(.emb_text), UNUSED)

<P><STRONG><a name="[e]"></a>Reset_Handler</STRONG> (Thumb, 8 bytes, Stack size 0 bytes, startup_w7500x.o(.text))
<BR>[Address Reference Count : 1]<UL><LI> startup_w7500x.o(RESET)
</UL>
<P><STRONG><a name="[2a]"></a>RTC_Handler</STRONG> (Thumb, 0 bytes, Stack size 0 bytes, startup_w7500x.o(.text))
<BR><BR>[Calls]<UL><LI><a href="#[2a]">&gt;&gt;</a>&nbsp;&nbsp;&nbsp;RTC_Handler
</UL>
<BR>[Called By]<UL><LI><a href="#[2a]">&gt;&gt;</a>&nbsp;&nbsp;&nbsp;RTC_Handler
</UL>
<BR>[Address Reference Count : 1]<UL><LI> startup_w7500x.o(RESET)
</UL>
<P><STRONG><a name="[1af]"></a>__user_initial_stackheap</STRONG> (Thumb, 10 bytes, Stack size 0 bytes, startup_w7500x.o(.text))
<BR><BR>[Called By]<UL><LI><a href="#[50]">&gt;&gt;</a>&nbsp;&nbsp;&nbsp;__user_setup_stackheap
</UL>

<P><STRONG><a name="[69]"></a>GetSystemClock</STRONG> (Thumb, 6 bytes, Stack size 0 bytes, system_w7500x.o(.text))
<BR><BR>[Called By]<UL><LI><a href="#[72]">&gt;&gt;</a>&nbsp;&nbsp;&nbsp;S_UART_SetBaud
<LI><a href="#[67]">&gt;&gt;</a>&nbsp;&nbsp;&nbsp;UART_Init
<LI><a href="#[ef]">&gt;&gt;</a>&nbsp;&nbsp;&nbsp;Timer_Configuration
<LI><a href="#[54]">&gt;&gt;</a>&nbsp;&nbsp;&nbsp;main
<LI><a href="#[e4]">&gt;&gt;</a>&nbsp;&nbsp;&nbsp;W7500x_Init
</UL>

<P><STRONG><a name="[73]"></a>GetSourceClock</STRONG> (Thumb, 6 bytes, Stack size 0 bytes, system_w7500x.o(.text))
<BR><BR>[Called By]<UL><LI><a href="#[72]">&gt;&gt;</a>&nbsp;&nbsp;&nbsp;S_UART_SetBaud
</UL>

<P><STRONG><a name="[68]"></a>GetPLLSource</STRONG> (Thumb, 6 bytes, Stack size 0 bytes, system_w7500x.o(.text))
<BR><BR>[Called By]<UL><LI><a href="#[67]">&gt;&gt;</a>&nbsp;&nbsp;&nbsp;UART_Init
</UL>

<P><STRONG><a name="[2e]"></a>SystemInit</STRONG> (Thumb, 68 bytes, Stack size 8 bytes, system_w7500x.o(.text))
<BR><BR>[Stack]<UL><LI>Max Depth = 8<LI>Call Chain = SystemInit
</UL>
<BR>[Calls]<UL><LI><a href="#[5a]">&gt;&gt;</a>&nbsp;&nbsp;&nbsp;__aeabi_uidivmod
</UL>
<BR>[Address Reference Count : 1]<UL><LI> startup_w7500x.o(.text)
</UL>
<P><STRONG><a name="[5b]"></a>SystemCoreClockUpdate_User</STRONG> (Thumb, 114 bytes, Stack size 24 bytes, system_w7500x.o(.text))
<BR><BR>[Stack]<UL><LI>Max Depth = 24<LI>Call Chain = SystemCoreClockUpdate_User
</UL>
<BR>[Calls]<UL><LI><a href="#[5a]">&gt;&gt;</a>&nbsp;&nbsp;&nbsp;__aeabi_uidivmod
</UL>
<BR>[Called By]<UL><LI><a href="#[5c]">&gt;&gt;</a>&nbsp;&nbsp;&nbsp;SystemInit_User
<LI><a href="#[da]">&gt;&gt;</a>&nbsp;&nbsp;&nbsp;do_segcp
</UL>

<P><STRONG><a name="[5c]"></a>SystemInit_User</STRONG> (Thumb, 20 bytes, Stack size 8 bytes, system_w7500x.o(.text))
<BR><BR>[Stack]<UL><LI>Max Depth = 32<LI>Call Chain = SystemInit_User &rArr; SystemCoreClockUpdate_User
</UL>
<BR>[Calls]<UL><LI><a href="#[5b]">&gt;&gt;</a>&nbsp;&nbsp;&nbsp;SystemCoreClockUpdate_User
</UL>
<BR>[Called By]<UL><LI><a href="#[e4]">&gt;&gt;</a>&nbsp;&nbsp;&nbsp;W7500x_Init
</UL>

<P><STRONG><a name="[5e]"></a>ADC_PowerDownEnable</STRONG> (Thumb, 18 bytes, Stack size 0 bytes, w7500x_adc.o(.text))
<BR><BR>[Called By]<UL><LI><a href="#[5f]">&gt;&gt;</a>&nbsp;&nbsp;&nbsp;ADC_DeInit
<LI><a href="#[5d]">&gt;&gt;</a>&nbsp;&nbsp;&nbsp;ADC_Init
</UL>

<P><STRONG><a name="[17d]"></a>ADC_ChannelSelect</STRONG> (Thumb, 8 bytes, Stack size 0 bytes, w7500x_adc.o(.text))
<BR><BR>[Called By]<UL><LI><a href="#[17c]">&gt;&gt;</a>&nbsp;&nbsp;&nbsp;read_ADC
</UL>

<P><STRONG><a name="[17e]"></a>ADC_Start</STRONG> (Thumb, 10 bytes, Stack size 0 bytes, w7500x_adc.o(.text))
<BR><BR>[Called By]<UL><LI><a href="#[17c]">&gt;&gt;</a>&nbsp;&nbsp;&nbsp;read_ADC
</UL>

<P><STRONG><a name="[180]"></a>ADC_ReadData</STRONG> (Thumb, 10 bytes, Stack size 0 bytes, w7500x_adc.o(.text))
<BR><BR>[Called By]<UL><LI><a href="#[17c]">&gt;&gt;</a>&nbsp;&nbsp;&nbsp;read_ADC
</UL>

<P><STRONG><a name="[60]"></a>ADC_InterruptMask</STRONG> (Thumb, 14 bytes, Stack size 0 bytes, w7500x_adc.o(.text), UNUSED)
<BR><BR>[Called By]<UL><LI><a href="#[5f]">&gt;&gt;</a>&nbsp;&nbsp;&nbsp;ADC_DeInit
</UL>

<P><STRONG><a name="[17f]"></a>ADC_IsEOC</STRONG> (Thumb, 16 bytes, Stack size 0 bytes, w7500x_adc.o(.text))
<BR><BR>[Called By]<UL><LI><a href="#[17c]">&gt;&gt;</a>&nbsp;&nbsp;&nbsp;read_ADC
</UL>

<P><STRONG><a name="[1d9]"></a>ADC_InterruptClear</STRONG> (Thumb, 10 bytes, Stack size 0 bytes, w7500x_adc.o(.text), UNUSED)

<P><STRONG><a name="[5d]"></a>ADC_Init</STRONG> (Thumb, 4 bytes, Stack size 0 bytes, w7500x_adc.o(.text))
<BR><BR>[Calls]<UL><LI><a href="#[5e]">&gt;&gt;</a>&nbsp;&nbsp;&nbsp;ADC_PowerDownEnable
</UL>
<BR>[Called By]<UL><LI><a href="#[13d]">&gt;&gt;</a>&nbsp;&nbsp;&nbsp;init_user_io
</UL>

<P><STRONG><a name="[5f]"></a>ADC_DeInit</STRONG> (Thumb, 16 bytes, Stack size 4 bytes, w7500x_adc.o(.text), UNUSED)
<BR><BR>[Calls]<UL><LI><a href="#[60]">&gt;&gt;</a>&nbsp;&nbsp;&nbsp;ADC_InterruptMask
<LI><a href="#[5e]">&gt;&gt;</a>&nbsp;&nbsp;&nbsp;ADC_PowerDownEnable
</UL>

<P><STRONG><a name="[155]"></a>DUALTIMER_ClockEnable</STRONG> (Thumb, 48 bytes, Stack size 0 bytes, w7500x_dualtimer.o(.text))
<BR><BR>[Called By]<UL><LI><a href="#[ef]">&gt;&gt;</a>&nbsp;&nbsp;&nbsp;Timer_Configuration
</UL>

<P><STRONG><a name="[1da]"></a>DUALTIMER_ClockDisable</STRONG> (Thumb, 50 bytes, Stack size 0 bytes, w7500x_dualtimer.o(.text), UNUSED)

<P><STRONG><a name="[1db]"></a>DUALTIMER_Stop</STRONG> (Thumb, 10 bytes, Stack size 0 bytes, w7500x_dualtimer.o(.text), UNUSED)

<P><STRONG><a name="[1dc]"></a>DUALTIMER_DeInit</STRONG> (Thumb, 20 bytes, Stack size 0 bytes, w7500x_dualtimer.o(.text), UNUSED)

<P><STRONG><a name="[156]"></a>DUALTIMER_Init</STRONG> (Thumb, 44 bytes, Stack size 0 bytes, w7500x_dualtimer.o(.text))
<BR><BR>[Called By]<UL><LI><a href="#[ef]">&gt;&gt;</a>&nbsp;&nbsp;&nbsp;Timer_Configuration
</UL>

<P><STRONG><a name="[157]"></a>DUALTIMER_IntConfig</STRONG> (Thumb, 18 bytes, Stack size 0 bytes, w7500x_dualtimer.o(.text))
<BR><BR>[Called By]<UL><LI><a href="#[ef]">&gt;&gt;</a>&nbsp;&nbsp;&nbsp;Timer_Configuration
</UL>

<P><STRONG><a name="[15a]"></a>DUALTIMER_IntClear</STRONG> (Thumb, 6 bytes, Stack size 0 bytes, w7500x_dualtimer.o(.text))
<BR><BR>[Called By]<UL><LI><a href="#[d2]">&gt;&gt;</a>&nbsp;&nbsp;&nbsp;Timer_IRQ_Handler
</UL>

<P><STRONG><a name="[159]"></a>DUALTIMER_GetIntStatus</STRONG> (Thumb, 6 bytes, Stack size 0 bytes, w7500x_dualtimer.o(.text))
<BR><BR>[Called By]<UL><LI><a href="#[d2]">&gt;&gt;</a>&nbsp;&nbsp;&nbsp;Timer_IRQ_Handler
</UL>

<P><STRONG><a name="[1dd]"></a>DUALTIMER_GetIntEnableStatus</STRONG> (Thumb, 8 bytes, Stack size 0 bytes, w7500x_dualtimer.o(.text), UNUSED)

<P><STRONG><a name="[158]"></a>DUALTIMER_Start</STRONG> (Thumb, 10 bytes, Stack size 0 bytes, w7500x_dualtimer.o(.text))
<BR><BR>[Called By]<UL><LI><a href="#[ef]">&gt;&gt;</a>&nbsp;&nbsp;&nbsp;Timer_Configuration
</UL>

<P><STRONG><a name="[1de]"></a>DUALTIMER_GetTimerLoad</STRONG> (Thumb, 4 bytes, Stack size 0 bytes, w7500x_dualtimer.o(.text), UNUSED)

<P><STRONG><a name="[1df]"></a>DUALTIMER_SetTimerLoad</STRONG> (Thumb, 4 bytes, Stack size 0 bytes, w7500x_dualtimer.o(.text), UNUSED)

<P><STRONG><a name="[1e0]"></a>DUALTIMER_GetTimerValue</STRONG> (Thumb, 4 bytes, Stack size 0 bytes, w7500x_dualtimer.o(.text), UNUSED)

<P><STRONG><a name="[1e1]"></a>DUALTIMER_GetTimerControl</STRONG> (Thumb, 4 bytes, Stack size 0 bytes, w7500x_dualtimer.o(.text), UNUSED)

<P><STRONG><a name="[1e2]"></a>DUALTIMER_SetTimerControl</STRONG> (Thumb, 4 bytes, Stack size 0 bytes, w7500x_dualtimer.o(.text), UNUSED)

<P><STRONG><a name="[1e3]"></a>DUALTIMER_GetTimerRIS</STRONG> (Thumb, 4 bytes, Stack size 0 bytes, w7500x_dualtimer.o(.text), UNUSED)

<P><STRONG><a name="[1e4]"></a>DUALTIMER_GetTimerMIS</STRONG> (Thumb, 4 bytes, Stack size 0 bytes, w7500x_dualtimer.o(.text), UNUSED)

<P><STRONG><a name="[1e5]"></a>DUALTIMER_GetTimerBGLoad</STRONG> (Thumb, 4 bytes, Stack size 0 bytes, w7500x_dualtimer.o(.text), UNUSED)

<P><STRONG><a name="[1e6]"></a>DUALTIMER_SetTimerBGLoad</STRONG> (Thumb, 4 bytes, Stack size 0 bytes, w7500x_dualtimer.o(.text), UNUSED)

<P><STRONG><a name="[1e7]"></a>GPIO_DeInit</STRONG> (Thumb, 78 bytes, Stack size 16 bytes, w7500x_gpio.o(.text), UNUSED)

<P><STRONG><a name="[63]"></a>GPIO_Init</STRONG> (Thumb, 194 bytes, Stack size 20 bytes, w7500x_gpio.o(.text))
<BR><BR>[Stack]<UL><LI>Max Depth = 20<LI>Call Chain = GPIO_Init
</UL>
<BR>[Called By]<UL><LI><a href="#[ab]">&gt;&gt;</a>&nbsp;&nbsp;&nbsp;mdio_init
<LI><a href="#[65]">&gt;&gt;</a>&nbsp;&nbsp;&nbsp;GPIO_INT_Configuration
<LI><a href="#[61]">&gt;&gt;</a>&nbsp;&nbsp;&nbsp;GPIO_Configuration
<LI><a href="#[f1]">&gt;&gt;</a>&nbsp;&nbsp;&nbsp;LED_Init
</UL>

<P><STRONG><a name="[62]"></a>GPIO_StructInit</STRONG> (Thumb, 14 bytes, Stack size 0 bytes, w7500x_gpio.o(.text))
<BR><BR>[Called By]<UL><LI><a href="#[ab]">&gt;&gt;</a>&nbsp;&nbsp;&nbsp;mdio_init
<LI><a href="#[65]">&gt;&gt;</a>&nbsp;&nbsp;&nbsp;GPIO_INT_Configuration
<LI><a href="#[61]">&gt;&gt;</a>&nbsp;&nbsp;&nbsp;GPIO_Configuration
</UL>

<P><STRONG><a name="[a2]"></a>GPIO_ReadInputDataBit</STRONG> (Thumb, 14 bytes, Stack size 0 bytes, w7500x_gpio.o(.text))
<BR><BR>[Called By]<UL><LI><a href="#[a1]">&gt;&gt;</a>&nbsp;&nbsp;&nbsp;input_MDIO
<LI><a href="#[165]">&gt;&gt;</a>&nbsp;&nbsp;&nbsp;get_uart_rs485_sel
<LI><a href="#[130]">&gt;&gt;</a>&nbsp;&nbsp;&nbsp;get_user_io_val
<LI><a href="#[131]">&gt;&gt;</a>&nbsp;&nbsp;&nbsp;get_connection_status_io
<LI><a href="#[102]">&gt;&gt;</a>&nbsp;&nbsp;&nbsp;get_uart_cts_pin
<LI><a href="#[104]">&gt;&gt;</a>&nbsp;&nbsp;&nbsp;get_flowcontrol_dsr_pin
<LI><a href="#[f8]">&gt;&gt;</a>&nbsp;&nbsp;&nbsp;get_boot_entry_pin
<LI><a href="#[f7]">&gt;&gt;</a>&nbsp;&nbsp;&nbsp;get_phylink_in_pin
<LI><a href="#[f4]">&gt;&gt;</a>&nbsp;&nbsp;&nbsp;get_hw_trig_pin
</UL>

<P><STRONG><a name="[1e8]"></a>GPIO_ReadInputData</STRONG> (Thumb, 6 bytes, Stack size 0 bytes, w7500x_gpio.o(.text), UNUSED)

<P><STRONG><a name="[fc]"></a>GPIO_ReadOutputDataBit</STRONG> (Thumb, 14 bytes, Stack size 0 bytes, w7500x_gpio.o(.text))
<BR><BR>[Called By]<UL><LI><a href="#[130]">&gt;&gt;</a>&nbsp;&nbsp;&nbsp;get_user_io_val
<LI><a href="#[131]">&gt;&gt;</a>&nbsp;&nbsp;&nbsp;get_connection_status_io
<LI><a href="#[fb]">&gt;&gt;</a>&nbsp;&nbsp;&nbsp;get_LED_Status
</UL>

<P><STRONG><a name="[1e9]"></a>GPIO_ReadOutputData</STRONG> (Thumb, 6 bytes, Stack size 0 bytes, w7500x_gpio.o(.text), UNUSED)

<P><STRONG><a name="[9e]"></a>GPIO_SetBits</STRONG> (Thumb, 28 bytes, Stack size 0 bytes, w7500x_gpio.o(.text))
<BR><BR>[Called By]<UL><LI><a href="#[a4]">&gt;&gt;</a>&nbsp;&nbsp;&nbsp;output_MDIO
<LI><a href="#[a3]">&gt;&gt;</a>&nbsp;&nbsp;&nbsp;turnaround_MDIO
<LI><a href="#[a1]">&gt;&gt;</a>&nbsp;&nbsp;&nbsp;input_MDIO
<LI><a href="#[9d]">&gt;&gt;</a>&nbsp;&nbsp;&nbsp;idle_MDIO
<LI><a href="#[169]">&gt;&gt;</a>&nbsp;&nbsp;&nbsp;set_uart_rts_pin_high
<LI><a href="#[165]">&gt;&gt;</a>&nbsp;&nbsp;&nbsp;get_uart_rs485_sel
<LI><a href="#[13a]">&gt;&gt;</a>&nbsp;&nbsp;&nbsp;set_user_io_val
<LI><a href="#[13f]">&gt;&gt;</a>&nbsp;&nbsp;&nbsp;set_flowcontrol_dtr_pin
<LI><a href="#[13d]">&gt;&gt;</a>&nbsp;&nbsp;&nbsp;init_user_io
<LI><a href="#[105]">&gt;&gt;</a>&nbsp;&nbsp;&nbsp;uart_rs485_enable
<LI><a href="#[fd]">&gt;&gt;</a>&nbsp;&nbsp;&nbsp;set_connection_status_io
<LI><a href="#[fa]">&gt;&gt;</a>&nbsp;&nbsp;&nbsp;LED_Off
<LI><a href="#[f1]">&gt;&gt;</a>&nbsp;&nbsp;&nbsp;LED_Init
<LI><a href="#[17a]">&gt;&gt;</a>&nbsp;&nbsp;&nbsp;init_phylink_status_pin
<LI><a href="#[178]">&gt;&gt;</a>&nbsp;&nbsp;&nbsp;init_tcpconnection_status_pin
</UL>

<P><STRONG><a name="[a0]"></a>GPIO_ResetBits</STRONG> (Thumb, 32 bytes, Stack size 8 bytes, w7500x_gpio.o(.text))
<BR><BR>[Stack]<UL><LI>Max Depth = 8<LI>Call Chain = GPIO_ResetBits
</UL>
<BR>[Called By]<UL><LI><a href="#[a4]">&gt;&gt;</a>&nbsp;&nbsp;&nbsp;output_MDIO
<LI><a href="#[a3]">&gt;&gt;</a>&nbsp;&nbsp;&nbsp;turnaround_MDIO
<LI><a href="#[a1]">&gt;&gt;</a>&nbsp;&nbsp;&nbsp;input_MDIO
<LI><a href="#[9d]">&gt;&gt;</a>&nbsp;&nbsp;&nbsp;idle_MDIO
<LI><a href="#[166]">&gt;&gt;</a>&nbsp;&nbsp;&nbsp;set_uart_rts_pin_low
<LI><a href="#[164]">&gt;&gt;</a>&nbsp;&nbsp;&nbsp;uart_rs485_rs422_init
<LI><a href="#[13a]">&gt;&gt;</a>&nbsp;&nbsp;&nbsp;set_user_io_val
<LI><a href="#[13f]">&gt;&gt;</a>&nbsp;&nbsp;&nbsp;set_flowcontrol_dtr_pin
<LI><a href="#[13d]">&gt;&gt;</a>&nbsp;&nbsp;&nbsp;init_user_io
<LI><a href="#[107]">&gt;&gt;</a>&nbsp;&nbsp;&nbsp;uart_rs485_disable
<LI><a href="#[fd]">&gt;&gt;</a>&nbsp;&nbsp;&nbsp;set_connection_status_io
<LI><a href="#[f9]">&gt;&gt;</a>&nbsp;&nbsp;&nbsp;LED_On
<LI><a href="#[179]">&gt;&gt;</a>&nbsp;&nbsp;&nbsp;init_flowcontrol_dtr_pin
</UL>

<P><STRONG><a name="[1ea]"></a>GPIO_WriteBit</STRONG> (Thumb, 30 bytes, Stack size 8 bytes, w7500x_gpio.o(.text), UNUSED)

<P><STRONG><a name="[1eb]"></a>GPIO_Write</STRONG> (Thumb, 4 bytes, Stack size 0 bytes, w7500x_gpio.o(.text), UNUSED)

<P><STRONG><a name="[1ec]"></a>GPIO_INT_Enable_Bits</STRONG> (Thumb, 26 bytes, Stack size 0 bytes, w7500x_gpio.o(.text), UNUSED)

<P><STRONG><a name="[1ed]"></a>GPIO_INT_Enable</STRONG> (Thumb, 16 bytes, Stack size 0 bytes, w7500x_gpio.o(.text), UNUSED)

<P><STRONG><a name="[66]"></a>GPIO_INT_Polarity_Bits</STRONG> (Thumb, 20 bytes, Stack size 0 bytes, w7500x_gpio.o(.text), UNUSED)
<BR><BR>[Called By]<UL><LI><a href="#[65]">&gt;&gt;</a>&nbsp;&nbsp;&nbsp;GPIO_INT_Configuration
</UL>

<P><STRONG><a name="[1ee]"></a>GPIO_INT_Polarity</STRONG> (Thumb, 14 bytes, Stack size 0 bytes, w7500x_gpio.o(.text), UNUSED)

<P><STRONG><a name="[1ef]"></a>GPIO_INT_Clear</STRONG> (Thumb, 6 bytes, Stack size 0 bytes, w7500x_gpio.o(.text), UNUSED)

<P><STRONG><a name="[1f0]"></a>GPIO_Read_INTstatus</STRONG> (Thumb, 14 bytes, Stack size 0 bytes, w7500x_gpio.o(.text), UNUSED)

<P><STRONG><a name="[64]"></a>PAD_AFConfig</STRONG> (Thumb, 80 bytes, Stack size 20 bytes, w7500x_gpio.o(.text))
<BR><BR>[Stack]<UL><LI>Max Depth = 20<LI>Call Chain = PAD_AFConfig
</UL>
<BR>[Called By]<UL><LI><a href="#[ab]">&gt;&gt;</a>&nbsp;&nbsp;&nbsp;mdio_init
<LI><a href="#[65]">&gt;&gt;</a>&nbsp;&nbsp;&nbsp;GPIO_INT_Configuration
<LI><a href="#[61]">&gt;&gt;</a>&nbsp;&nbsp;&nbsp;GPIO_Configuration
<LI><a href="#[f1]">&gt;&gt;</a>&nbsp;&nbsp;&nbsp;LED_Init
</UL>

<P><STRONG><a name="[61]"></a>GPIO_Configuration</STRONG> (Thumb, 64 bytes, Stack size 24 bytes, w7500x_gpio.o(.text))
<BR><BR>[Stack]<UL><LI>Max Depth = 44<LI>Call Chain = GPIO_Configuration &rArr; PAD_AFConfig
</UL>
<BR>[Calls]<UL><LI><a href="#[64]">&gt;&gt;</a>&nbsp;&nbsp;&nbsp;PAD_AFConfig
<LI><a href="#[62]">&gt;&gt;</a>&nbsp;&nbsp;&nbsp;GPIO_StructInit
<LI><a href="#[63]">&gt;&gt;</a>&nbsp;&nbsp;&nbsp;GPIO_Init
</UL>
<BR>[Called By]<UL><LI><a href="#[167]">&gt;&gt;</a>&nbsp;&nbsp;&nbsp;serial_info_init
<LI><a href="#[165]">&gt;&gt;</a>&nbsp;&nbsp;&nbsp;get_uart_rs485_sel
<LI><a href="#[164]">&gt;&gt;</a>&nbsp;&nbsp;&nbsp;uart_rs485_rs422_init
<LI><a href="#[13d]">&gt;&gt;</a>&nbsp;&nbsp;&nbsp;init_user_io
<LI><a href="#[f5]">&gt;&gt;</a>&nbsp;&nbsp;&nbsp;init_hw_trig_pin
<LI><a href="#[f3]">&gt;&gt;</a>&nbsp;&nbsp;&nbsp;init_phylink_in_pin
<LI><a href="#[f2]">&gt;&gt;</a>&nbsp;&nbsp;&nbsp;init_boot_entry_pin
<LI><a href="#[17a]">&gt;&gt;</a>&nbsp;&nbsp;&nbsp;init_phylink_status_pin
<LI><a href="#[179]">&gt;&gt;</a>&nbsp;&nbsp;&nbsp;init_flowcontrol_dtr_pin
<LI><a href="#[178]">&gt;&gt;</a>&nbsp;&nbsp;&nbsp;init_tcpconnection_status_pin
<LI><a href="#[177]">&gt;&gt;</a>&nbsp;&nbsp;&nbsp;init_flowcontrol_dsr_pin
</UL>

<P><STRONG><a name="[65]"></a>GPIO_INT_Configuration</STRONG> (Thumb, 116 bytes, Stack size 24 bytes, w7500x_gpio.o(.text), UNUSED)
<BR><BR>[Calls]<UL><LI><a href="#[64]">&gt;&gt;</a>&nbsp;&nbsp;&nbsp;PAD_AFConfig
<LI><a href="#[66]">&gt;&gt;</a>&nbsp;&nbsp;&nbsp;GPIO_INT_Polarity_Bits
<LI><a href="#[62]">&gt;&gt;</a>&nbsp;&nbsp;&nbsp;GPIO_StructInit
<LI><a href="#[63]">&gt;&gt;</a>&nbsp;&nbsp;&nbsp;GPIO_Init
</UL>

<P><STRONG><a name="[1f1]"></a>UART_StructInit</STRONG> (Thumb, 26 bytes, Stack size 0 bytes, w7500x_uart.o(.text), UNUSED)

<P><STRONG><a name="[1f2]"></a>UART_DeInit</STRONG> (Thumb, 2 bytes, Stack size 0 bytes, w7500x_uart.o(.text), UNUSED)

<P><STRONG><a name="[67]"></a>UART_Init</STRONG> (Thumb, 182 bytes, Stack size 24 bytes, w7500x_uart.o(.text))
<BR><BR>[Stack]<UL><LI>Max Depth = 40<LI>Call Chain = UART_Init &rArr; __aeabi_fdiv
</UL>
<BR>[Calls]<UL><LI><a href="#[68]">&gt;&gt;</a>&nbsp;&nbsp;&nbsp;GetPLLSource
<LI><a href="#[69]">&gt;&gt;</a>&nbsp;&nbsp;&nbsp;GetSystemClock
<LI><a href="#[6e]">&gt;&gt;</a>&nbsp;&nbsp;&nbsp;__ARM_scalbnf
<LI><a href="#[6a]">&gt;&gt;</a>&nbsp;&nbsp;&nbsp;__aeabi_ui2f
<LI><a href="#[6c]">&gt;&gt;</a>&nbsp;&nbsp;&nbsp;__aeabi_f2uiz
<LI><a href="#[6b]">&gt;&gt;</a>&nbsp;&nbsp;&nbsp;__aeabi_fdiv
<LI><a href="#[6d]">&gt;&gt;</a>&nbsp;&nbsp;&nbsp;__aeabi_frsub
<LI><a href="#[6f]">&gt;&gt;</a>&nbsp;&nbsp;&nbsp;__aeabi_f2d
<LI><a href="#[71]">&gt;&gt;</a>&nbsp;&nbsp;&nbsp;__aeabi_d2uiz
<LI><a href="#[70]">&gt;&gt;</a>&nbsp;&nbsp;&nbsp;__aeabi_dadd
<LI><a href="#[5a]">&gt;&gt;</a>&nbsp;&nbsp;&nbsp;__aeabi_uidivmod
</UL>
<BR>[Called By]<UL><LI><a href="#[167]">&gt;&gt;</a>&nbsp;&nbsp;&nbsp;serial_info_init
</UL>

<P><STRONG><a name="[1f3]"></a>UART_FIFO_Enable</STRONG> (Thumb, 24 bytes, Stack size 8 bytes, w7500x_uart.o(.text), UNUSED)

<P><STRONG><a name="[1f4]"></a>UART_FIFO_Disable</STRONG> (Thumb, 10 bytes, Stack size 0 bytes, w7500x_uart.o(.text), UNUSED)

<P><STRONG><a name="[1f5]"></a>UART_SendData</STRONG> (Thumb, 4 bytes, Stack size 0 bytes, w7500x_uart.o(.text), UNUSED)

<P><STRONG><a name="[162]"></a>UART_ReceiveData</STRONG> (Thumb, 6 bytes, Stack size 0 bytes, w7500x_uart.o(.text))
<BR><BR>[Called By]<UL><LI><a href="#[d1]">&gt;&gt;</a>&nbsp;&nbsp;&nbsp;S2E_UART_IRQ_Handler
</UL>

<P><STRONG><a name="[1f6]"></a>UART_SendBreak</STRONG> (Thumb, 10 bytes, Stack size 0 bytes, w7500x_uart.o(.text), UNUSED)

<P><STRONG><a name="[1f7]"></a>UART_GetRecvStatus</STRONG> (Thumb, 14 bytes, Stack size 0 bytes, w7500x_uart.o(.text), UNUSED)

<P><STRONG><a name="[1f8]"></a>UART_ClearRecvStatus</STRONG> (Thumb, 4 bytes, Stack size 0 bytes, w7500x_uart.o(.text), UNUSED)

<P><STRONG><a name="[1f9]"></a>UART_GetFlagStatus</STRONG> (Thumb, 14 bytes, Stack size 0 bytes, w7500x_uart.o(.text), UNUSED)

<P><STRONG><a name="[168]"></a>UART_ITConfig</STRONG> (Thumb, 20 bytes, Stack size 0 bytes, w7500x_uart.o(.text))
<BR><BR>[Called By]<UL><LI><a href="#[e8]">&gt;&gt;</a>&nbsp;&nbsp;&nbsp;S2E_UART_Configuration
</UL>

<P><STRONG><a name="[161]"></a>UART_GetITStatus</STRONG> (Thumb, 14 bytes, Stack size 0 bytes, w7500x_uart.o(.text))
<BR><BR>[Called By]<UL><LI><a href="#[d1]">&gt;&gt;</a>&nbsp;&nbsp;&nbsp;S2E_UART_IRQ_Handler
</UL>

<P><STRONG><a name="[163]"></a>UART_ClearITPendingBit</STRONG> (Thumb, 8 bytes, Stack size 0 bytes, w7500x_uart.o(.text))
<BR><BR>[Called By]<UL><LI><a href="#[d1]">&gt;&gt;</a>&nbsp;&nbsp;&nbsp;S2E_UART_IRQ_Handler
</UL>

<P><STRONG><a name="[1fa]"></a>S_UART_DeInit</STRONG> (Thumb, 2 bytes, Stack size 0 bytes, w7500x_uart.o(.text), UNUSED)

<P><STRONG><a name="[72]"></a>S_UART_SetBaud</STRONG> (Thumb, 40 bytes, Stack size 8 bytes, w7500x_uart.o(.text))
<BR><BR>[Stack]<UL><LI>Max Depth = 8<LI>Call Chain = S_UART_SetBaud
</UL>
<BR>[Calls]<UL><LI><a href="#[73]">&gt;&gt;</a>&nbsp;&nbsp;&nbsp;GetSourceClock
<LI><a href="#[69]">&gt;&gt;</a>&nbsp;&nbsp;&nbsp;GetSystemClock
<LI><a href="#[5a]">&gt;&gt;</a>&nbsp;&nbsp;&nbsp;__aeabi_uidivmod
</UL>
<BR>[Called By]<UL><LI><a href="#[74]">&gt;&gt;</a>&nbsp;&nbsp;&nbsp;S_UART_Init
</UL>

<P><STRONG><a name="[74]"></a>S_UART_Init</STRONG> (Thumb, 24 bytes, Stack size 8 bytes, w7500x_uart.o(.text))
<BR><BR>[Stack]<UL><LI>Max Depth = 16<LI>Call Chain = S_UART_Init &rArr; S_UART_SetBaud
</UL>
<BR>[Calls]<UL><LI><a href="#[72]">&gt;&gt;</a>&nbsp;&nbsp;&nbsp;S_UART_SetBaud
</UL>
<BR>[Called By]<UL><LI><a href="#[f0]">&gt;&gt;</a>&nbsp;&nbsp;&nbsp;UART2_Configuration
</UL>

<P><STRONG><a name="[79]"></a>S_UART_SendData</STRONG> (Thumb, 12 bytes, Stack size 0 bytes, w7500x_uart.o(.text))
<BR><BR>[Called By]<UL><LI><a href="#[7a]">&gt;&gt;</a>&nbsp;&nbsp;&nbsp;S_UartPuts
<LI><a href="#[78]">&gt;&gt;</a>&nbsp;&nbsp;&nbsp;S_UartPutc
</UL>

<P><STRONG><a name="[1fb]"></a>S_UART_ReceiveData</STRONG> (Thumb, 8 bytes, Stack size 0 bytes, w7500x_uart.o(.text), UNUSED)

<P><STRONG><a name="[1fc]"></a>S_UART_GetFlagStatus</STRONG> (Thumb, 16 bytes, Stack size 0 bytes, w7500x_uart.o(.text), UNUSED)

<P><STRONG><a name="[1fd]"></a>S_UART_SetCTRL</STRONG> (Thumb, 18 bytes, Stack size 0 bytes, w7500x_uart.o(.text), UNUSED)

<P><STRONG><a name="[1fe]"></a>S_UART_ITConfig</STRONG> (Thumb, 18 bytes, Stack size 0 bytes, w7500x_uart.o(.text), UNUSED)

<P><STRONG><a name="[1ff]"></a>S_UART_GetITStatus</STRONG> (Thumb, 16 bytes, Stack size 0 bytes, w7500x_uart.o(.text), UNUSED)

<P><STRONG><a name="[200]"></a>S_UART_ClearITPendingBit</STRONG> (Thumb, 10 bytes, Stack size 0 bytes, w7500x_uart.o(.text), UNUSED)

<P><STRONG><a name="[76]"></a>UartPutc</STRONG> (Thumb, 12 bytes, Stack size 0 bytes, w7500x_uart.o(.text))
<BR><BR>[Called By]<UL><LI><a href="#[75]">&gt;&gt;</a>&nbsp;&nbsp;&nbsp;UartPuts
<LI><a href="#[106]">&gt;&gt;</a>&nbsp;&nbsp;&nbsp;uart_putc
<LI><a href="#[119]">&gt;&gt;</a>&nbsp;&nbsp;&nbsp;check_uart_flow_control
</UL>

<P><STRONG><a name="[75]"></a>UartPuts</STRONG> (Thumb, 28 bytes, Stack size 12 bytes, w7500x_uart.o(.text), UNUSED)
<BR><BR>[Calls]<UL><LI><a href="#[76]">&gt;&gt;</a>&nbsp;&nbsp;&nbsp;UartPutc
</UL>

<P><STRONG><a name="[77]"></a>UartGetc</STRONG> (Thumb, 12 bytes, Stack size 0 bytes, w7500x_uart.o(.text), UNUSED)
<BR><BR>[Calls]<UL><LI><a href="#[77]">&gt;&gt;</a>&nbsp;&nbsp;&nbsp;UartGetc
</UL>
<BR>[Called By]<UL><LI><a href="#[77]">&gt;&gt;</a>&nbsp;&nbsp;&nbsp;UartGetc
</UL>

<P><STRONG><a name="[78]"></a>S_UartPutc</STRONG> (Thumb, 12 bytes, Stack size 4 bytes, w7500x_uart.o(.text))
<BR><BR>[Stack]<UL><LI>Max Depth = 4<LI>Call Chain = S_UartPutc
</UL>
<BR>[Calls]<UL><LI><a href="#[79]">&gt;&gt;</a>&nbsp;&nbsp;&nbsp;S_UART_SendData
</UL>
<BR>[Called By]<UL><LI><a href="#[118]">&gt;&gt;</a>&nbsp;&nbsp;&nbsp;uart_puts
<LI><a href="#[106]">&gt;&gt;</a>&nbsp;&nbsp;&nbsp;uart_putc
<LI><a href="#[d5]">&gt;&gt;</a>&nbsp;&nbsp;&nbsp;_ttywrch
<LI><a href="#[d3]">&gt;&gt;</a>&nbsp;&nbsp;&nbsp;fgetc
<LI><a href="#[39]">&gt;&gt;</a>&nbsp;&nbsp;&nbsp;fputc
</UL>

<P><STRONG><a name="[7a]"></a>S_UartPuts</STRONG> (Thumb, 24 bytes, Stack size 8 bytes, w7500x_uart.o(.text), UNUSED)
<BR><BR>[Calls]<UL><LI><a href="#[79]">&gt;&gt;</a>&nbsp;&nbsp;&nbsp;S_UART_SendData
</UL>

<P><STRONG><a name="[d4]"></a>S_UartGetc</STRONG> (Thumb, 14 bytes, Stack size 0 bytes, w7500x_uart.o(.text), UNUSED)
<BR><BR>[Called By]<UL><LI><a href="#[d3]">&gt;&gt;</a>&nbsp;&nbsp;&nbsp;fgetc
</UL>

<P><STRONG><a name="[81]"></a>WIZCHIP_READ</STRONG> (Thumb, 4 bytes, Stack size 0 bytes, w7500x_wztoe.o(.text))
<BR><BR>[Called By]<UL><LI><a href="#[b6]">&gt;&gt;</a>&nbsp;&nbsp;&nbsp;DHCP_init
<LI><a href="#[b4]">&gt;&gt;</a>&nbsp;&nbsp;&nbsp;DHCP_run
<LI><a href="#[b3]">&gt;&gt;</a>&nbsp;&nbsp;&nbsp;check_DHCP_leasedIP
<LI><a href="#[d]">&gt;&gt;</a>&nbsp;&nbsp;&nbsp;default_ip_conflict
<LI><a href="#[c]">&gt;&gt;</a>&nbsp;&nbsp;&nbsp;default_ip_update
<LI><a href="#[9a]">&gt;&gt;</a>&nbsp;&nbsp;&nbsp;wizchip_getnetinfo
<LI><a href="#[99]">&gt;&gt;</a>&nbsp;&nbsp;&nbsp;wizchip_setnetmode
<LI><a href="#[98]">&gt;&gt;</a>&nbsp;&nbsp;&nbsp;wizchip_getnetmode
<LI><a href="#[96]">&gt;&gt;</a>&nbsp;&nbsp;&nbsp;wizchip_gettimeout
<LI><a href="#[93]">&gt;&gt;</a>&nbsp;&nbsp;&nbsp;wizchip_sw_reset
<LI><a href="#[91]">&gt;&gt;</a>&nbsp;&nbsp;&nbsp;wizchip_getinterrupt
<LI><a href="#[8f]">&gt;&gt;</a>&nbsp;&nbsp;&nbsp;wizchip_getinterruptmask
<LI><a href="#[8e]">&gt;&gt;</a>&nbsp;&nbsp;&nbsp;getsockopt
<LI><a href="#[8d]">&gt;&gt;</a>&nbsp;&nbsp;&nbsp;setsockopt
<LI><a href="#[8b]">&gt;&gt;</a>&nbsp;&nbsp;&nbsp;ctlsocket
<LI><a href="#[89]">&gt;&gt;</a>&nbsp;&nbsp;&nbsp;recvfrom
<LI><a href="#[88]">&gt;&gt;</a>&nbsp;&nbsp;&nbsp;sendto
<LI><a href="#[87]">&gt;&gt;</a>&nbsp;&nbsp;&nbsp;recv
<LI><a href="#[86]">&gt;&gt;</a>&nbsp;&nbsp;&nbsp;send
<LI><a href="#[85]">&gt;&gt;</a>&nbsp;&nbsp;&nbsp;disconnect
<LI><a href="#[84]">&gt;&gt;</a>&nbsp;&nbsp;&nbsp;connect
<LI><a href="#[83]">&gt;&gt;</a>&nbsp;&nbsp;&nbsp;listen
<LI><a href="#[82]">&gt;&gt;</a>&nbsp;&nbsp;&nbsp;socket
<LI><a href="#[7f]">&gt;&gt;</a>&nbsp;&nbsp;&nbsp;close
<LI><a href="#[173]">&gt;&gt;</a>&nbsp;&nbsp;&nbsp;get_firmware_from_network
<LI><a href="#[16e]">&gt;&gt;</a>&nbsp;&nbsp;&nbsp;get_firmware_from_server
<LI><a href="#[145]">&gt;&gt;</a>&nbsp;&nbsp;&nbsp;proc_SEGCP_udp
<LI><a href="#[144]">&gt;&gt;</a>&nbsp;&nbsp;&nbsp;proc_SEGCP_tcp
<LI><a href="#[117]">&gt;&gt;</a>&nbsp;&nbsp;&nbsp;proc_SEG_tcp_client
<LI><a href="#[116]">&gt;&gt;</a>&nbsp;&nbsp;&nbsp;proc_SEG_tcp_server
<LI><a href="#[114]">&gt;&gt;</a>&nbsp;&nbsp;&nbsp;proc_SEG_tcp_mixed
<LI><a href="#[113]">&gt;&gt;</a>&nbsp;&nbsp;&nbsp;check_tcp_connect_exception
<LI><a href="#[111]">&gt;&gt;</a>&nbsp;&nbsp;&nbsp;process_socket_termination
<LI><a href="#[10c]">&gt;&gt;</a>&nbsp;&nbsp;&nbsp;proc_SEG_udp
<LI><a href="#[10b]">&gt;&gt;</a>&nbsp;&nbsp;&nbsp;uart_to_ether
<LI><a href="#[101]">&gt;&gt;</a>&nbsp;&nbsp;&nbsp;ether_to_uart
<LI><a href="#[c8]">&gt;&gt;</a>&nbsp;&nbsp;&nbsp;loopback_iperf
<LI><a href="#[c7]">&gt;&gt;</a>&nbsp;&nbsp;&nbsp;loopback_udps
<LI><a href="#[c6]">&gt;&gt;</a>&nbsp;&nbsp;&nbsp;loopback_tcpc
<LI><a href="#[c5]">&gt;&gt;</a>&nbsp;&nbsp;&nbsp;loopback_tcps
</UL>

<P><STRONG><a name="[80]"></a>WIZCHIP_WRITE</STRONG> (Thumb, 4 bytes, Stack size 0 bytes, w7500x_wztoe.o(.text))
<BR><BR>[Called By]<UL><LI><a href="#[b6]">&gt;&gt;</a>&nbsp;&nbsp;&nbsp;DHCP_init
<LI><a href="#[b3]">&gt;&gt;</a>&nbsp;&nbsp;&nbsp;check_DHCP_leasedIP
<LI><a href="#[d]">&gt;&gt;</a>&nbsp;&nbsp;&nbsp;default_ip_conflict
<LI><a href="#[c]">&gt;&gt;</a>&nbsp;&nbsp;&nbsp;default_ip_update
<LI><a href="#[b]">&gt;&gt;</a>&nbsp;&nbsp;&nbsp;default_ip_assign
<LI><a href="#[9b]">&gt;&gt;</a>&nbsp;&nbsp;&nbsp;wizchip_setnetinfo
<LI><a href="#[99]">&gt;&gt;</a>&nbsp;&nbsp;&nbsp;wizchip_setnetmode
<LI><a href="#[97]">&gt;&gt;</a>&nbsp;&nbsp;&nbsp;wizchip_settimeout
<LI><a href="#[94]">&gt;&gt;</a>&nbsp;&nbsp;&nbsp;wizchip_init
<LI><a href="#[93]">&gt;&gt;</a>&nbsp;&nbsp;&nbsp;wizchip_sw_reset
<LI><a href="#[92]">&gt;&gt;</a>&nbsp;&nbsp;&nbsp;wizchip_clrinterrupt
<LI><a href="#[90]">&gt;&gt;</a>&nbsp;&nbsp;&nbsp;wizchip_setinterruptmask
<LI><a href="#[8d]">&gt;&gt;</a>&nbsp;&nbsp;&nbsp;setsockopt
<LI><a href="#[8b]">&gt;&gt;</a>&nbsp;&nbsp;&nbsp;ctlsocket
<LI><a href="#[89]">&gt;&gt;</a>&nbsp;&nbsp;&nbsp;recvfrom
<LI><a href="#[88]">&gt;&gt;</a>&nbsp;&nbsp;&nbsp;sendto
<LI><a href="#[87]">&gt;&gt;</a>&nbsp;&nbsp;&nbsp;recv
<LI><a href="#[86]">&gt;&gt;</a>&nbsp;&nbsp;&nbsp;send
<LI><a href="#[85]">&gt;&gt;</a>&nbsp;&nbsp;&nbsp;disconnect
<LI><a href="#[84]">&gt;&gt;</a>&nbsp;&nbsp;&nbsp;connect
<LI><a href="#[83]">&gt;&gt;</a>&nbsp;&nbsp;&nbsp;listen
<LI><a href="#[82]">&gt;&gt;</a>&nbsp;&nbsp;&nbsp;socket
<LI><a href="#[7f]">&gt;&gt;</a>&nbsp;&nbsp;&nbsp;close
<LI><a href="#[173]">&gt;&gt;</a>&nbsp;&nbsp;&nbsp;get_firmware_from_network
<LI><a href="#[16e]">&gt;&gt;</a>&nbsp;&nbsp;&nbsp;get_firmware_from_server
<LI><a href="#[144]">&gt;&gt;</a>&nbsp;&nbsp;&nbsp;proc_SEGCP_tcp
<LI><a href="#[117]">&gt;&gt;</a>&nbsp;&nbsp;&nbsp;proc_SEG_tcp_client
<LI><a href="#[116]">&gt;&gt;</a>&nbsp;&nbsp;&nbsp;proc_SEG_tcp_server
<LI><a href="#[114]">&gt;&gt;</a>&nbsp;&nbsp;&nbsp;proc_SEG_tcp_mixed
<LI><a href="#[e7]">&gt;&gt;</a>&nbsp;&nbsp;&nbsp;Mac_Conf
<LI><a href="#[c8]">&gt;&gt;</a>&nbsp;&nbsp;&nbsp;loopback_iperf
<LI><a href="#[c6]">&gt;&gt;</a>&nbsp;&nbsp;&nbsp;loopback_tcpc
<LI><a href="#[c5]">&gt;&gt;</a>&nbsp;&nbsp;&nbsp;loopback_tcps
</UL>

<P><STRONG><a name="[7e]"></a>WIZCHIP_READ_BUF</STRONG> (Thumb, 24 bytes, Stack size 12 bytes, w7500x_wztoe.o(.text))
<BR><BR>[Stack]<UL><LI>Max Depth = 12<LI>Call Chain = WIZCHIP_READ_BUF
</UL>
<BR>[Called By]<UL><LI><a href="#[7d]">&gt;&gt;</a>&nbsp;&nbsp;&nbsp;wiz_recv_data
</UL>

<P><STRONG><a name="[7c]"></a>WIZCHIP_WRITE_BUF</STRONG> (Thumb, 24 bytes, Stack size 16 bytes, w7500x_wztoe.o(.text))
<BR><BR>[Stack]<UL><LI>Max Depth = 16<LI>Call Chain = WIZCHIP_WRITE_BUF
</UL>
<BR>[Called By]<UL><LI><a href="#[7b]">&gt;&gt;</a>&nbsp;&nbsp;&nbsp;wiz_send_data
</UL>

<P><STRONG><a name="[7b]"></a>wiz_send_data</STRONG> (Thumb, 40 bytes, Stack size 16 bytes, w7500x_wztoe.o(.text))
<BR><BR>[Stack]<UL><LI>Max Depth = 32<LI>Call Chain = wiz_send_data &rArr; WIZCHIP_WRITE_BUF
</UL>
<BR>[Calls]<UL><LI><a href="#[7c]">&gt;&gt;</a>&nbsp;&nbsp;&nbsp;WIZCHIP_WRITE_BUF
</UL>
<BR>[Called By]<UL><LI><a href="#[88]">&gt;&gt;</a>&nbsp;&nbsp;&nbsp;sendto
<LI><a href="#[86]">&gt;&gt;</a>&nbsp;&nbsp;&nbsp;send
</UL>

<P><STRONG><a name="[7d]"></a>wiz_recv_data</STRONG> (Thumb, 40 bytes, Stack size 16 bytes, w7500x_wztoe.o(.text))
<BR><BR>[Stack]<UL><LI>Max Depth = 28<LI>Call Chain = wiz_recv_data &rArr; WIZCHIP_READ_BUF
</UL>
<BR>[Calls]<UL><LI><a href="#[7e]">&gt;&gt;</a>&nbsp;&nbsp;&nbsp;WIZCHIP_READ_BUF
</UL>
<BR>[Called By]<UL><LI><a href="#[89]">&gt;&gt;</a>&nbsp;&nbsp;&nbsp;recvfrom
<LI><a href="#[87]">&gt;&gt;</a>&nbsp;&nbsp;&nbsp;recv
</UL>

<P><STRONG><a name="[8a]"></a>wiz_recv_ignore</STRONG> (Thumb, 32 bytes, Stack size 8 bytes, w7500x_wztoe.o(.text))
<BR><BR>[Stack]<UL><LI>Max Depth = 8<LI>Call Chain = wiz_recv_ignore
</UL>
<BR>[Called By]<UL><LI><a href="#[89]">&gt;&gt;</a>&nbsp;&nbsp;&nbsp;recvfrom
</UL>

<P><STRONG><a name="[7f]"></a>close</STRONG> (Thumb, 96 bytes, Stack size 16 bytes, socket.o(.text))
<BR><BR>[Stack]<UL><LI>Max Depth = 16<LI>Call Chain = close
</UL>
<BR>[Calls]<UL><LI><a href="#[80]">&gt;&gt;</a>&nbsp;&nbsp;&nbsp;WIZCHIP_WRITE
<LI><a href="#[81]">&gt;&gt;</a>&nbsp;&nbsp;&nbsp;WIZCHIP_READ
</UL>
<BR>[Called By]<UL><LI><a href="#[b5]">&gt;&gt;</a>&nbsp;&nbsp;&nbsp;DHCP_stop
<LI><a href="#[89]">&gt;&gt;</a>&nbsp;&nbsp;&nbsp;recvfrom
<LI><a href="#[87]">&gt;&gt;</a>&nbsp;&nbsp;&nbsp;recv
<LI><a href="#[86]">&gt;&gt;</a>&nbsp;&nbsp;&nbsp;send
<LI><a href="#[85]">&gt;&gt;</a>&nbsp;&nbsp;&nbsp;disconnect
<LI><a href="#[83]">&gt;&gt;</a>&nbsp;&nbsp;&nbsp;listen
<LI><a href="#[82]">&gt;&gt;</a>&nbsp;&nbsp;&nbsp;socket
<LI><a href="#[173]">&gt;&gt;</a>&nbsp;&nbsp;&nbsp;get_firmware_from_network
<LI><a href="#[16e]">&gt;&gt;</a>&nbsp;&nbsp;&nbsp;get_firmware_from_server
<LI><a href="#[144]">&gt;&gt;</a>&nbsp;&nbsp;&nbsp;proc_SEGCP_tcp
<LI><a href="#[111]">&gt;&gt;</a>&nbsp;&nbsp;&nbsp;process_socket_termination
<LI><a href="#[c6]">&gt;&gt;</a>&nbsp;&nbsp;&nbsp;loopback_tcpc
<LI><a href="#[c5]">&gt;&gt;</a>&nbsp;&nbsp;&nbsp;loopback_tcps
<LI><a href="#[c3]">&gt;&gt;</a>&nbsp;&nbsp;&nbsp;DNS_run
</UL>

<P><STRONG><a name="[82]"></a>socket</STRONG> (Thumb, 214 bytes, Stack size 24 bytes, socket.o(.text))
<BR><BR>[Stack]<UL><LI>Max Depth = 40<LI>Call Chain = socket &rArr; close
</UL>
<BR>[Calls]<UL><LI><a href="#[7f]">&gt;&gt;</a>&nbsp;&nbsp;&nbsp;close
<LI><a href="#[80]">&gt;&gt;</a>&nbsp;&nbsp;&nbsp;WIZCHIP_WRITE
<LI><a href="#[81]">&gt;&gt;</a>&nbsp;&nbsp;&nbsp;WIZCHIP_READ
</UL>
<BR>[Called By]<UL><LI><a href="#[b4]">&gt;&gt;</a>&nbsp;&nbsp;&nbsp;DHCP_run
<LI><a href="#[173]">&gt;&gt;</a>&nbsp;&nbsp;&nbsp;get_firmware_from_network
<LI><a href="#[16e]">&gt;&gt;</a>&nbsp;&nbsp;&nbsp;get_firmware_from_server
<LI><a href="#[145]">&gt;&gt;</a>&nbsp;&nbsp;&nbsp;proc_SEGCP_udp
<LI><a href="#[144]">&gt;&gt;</a>&nbsp;&nbsp;&nbsp;proc_SEGCP_tcp
<LI><a href="#[117]">&gt;&gt;</a>&nbsp;&nbsp;&nbsp;proc_SEG_tcp_client
<LI><a href="#[116]">&gt;&gt;</a>&nbsp;&nbsp;&nbsp;proc_SEG_tcp_server
<LI><a href="#[114]">&gt;&gt;</a>&nbsp;&nbsp;&nbsp;proc_SEG_tcp_mixed
<LI><a href="#[10c]">&gt;&gt;</a>&nbsp;&nbsp;&nbsp;proc_SEG_udp
<LI><a href="#[c8]">&gt;&gt;</a>&nbsp;&nbsp;&nbsp;loopback_iperf
<LI><a href="#[c7]">&gt;&gt;</a>&nbsp;&nbsp;&nbsp;loopback_udps
<LI><a href="#[c6]">&gt;&gt;</a>&nbsp;&nbsp;&nbsp;loopback_tcpc
<LI><a href="#[c5]">&gt;&gt;</a>&nbsp;&nbsp;&nbsp;loopback_tcps
<LI><a href="#[c3]">&gt;&gt;</a>&nbsp;&nbsp;&nbsp;DNS_run
</UL>

<P><STRONG><a name="[83]"></a>listen</STRONG> (Thumb, 110 bytes, Stack size 16 bytes, socket.o(.text))
<BR><BR>[Stack]<UL><LI>Max Depth = 32<LI>Call Chain = listen &rArr; close
</UL>
<BR>[Calls]<UL><LI><a href="#[7f]">&gt;&gt;</a>&nbsp;&nbsp;&nbsp;close
<LI><a href="#[80]">&gt;&gt;</a>&nbsp;&nbsp;&nbsp;WIZCHIP_WRITE
<LI><a href="#[81]">&gt;&gt;</a>&nbsp;&nbsp;&nbsp;WIZCHIP_READ
</UL>
<BR>[Called By]<UL><LI><a href="#[173]">&gt;&gt;</a>&nbsp;&nbsp;&nbsp;get_firmware_from_network
<LI><a href="#[144]">&gt;&gt;</a>&nbsp;&nbsp;&nbsp;proc_SEGCP_tcp
<LI><a href="#[116]">&gt;&gt;</a>&nbsp;&nbsp;&nbsp;proc_SEG_tcp_server
<LI><a href="#[114]">&gt;&gt;</a>&nbsp;&nbsp;&nbsp;proc_SEG_tcp_mixed
<LI><a href="#[c8]">&gt;&gt;</a>&nbsp;&nbsp;&nbsp;loopback_iperf
<LI><a href="#[c5]">&gt;&gt;</a>&nbsp;&nbsp;&nbsp;loopback_tcps
</UL>

<P><STRONG><a name="[84]"></a>connect</STRONG> (Thumb, 264 bytes, Stack size 32 bytes, socket.o(.text))
<BR><BR>[Stack]<UL><LI>Max Depth = 32<LI>Call Chain = connect
</UL>
<BR>[Calls]<UL><LI><a href="#[80]">&gt;&gt;</a>&nbsp;&nbsp;&nbsp;WIZCHIP_WRITE
<LI><a href="#[81]">&gt;&gt;</a>&nbsp;&nbsp;&nbsp;WIZCHIP_READ
</UL>
<BR>[Called By]<UL><LI><a href="#[16e]">&gt;&gt;</a>&nbsp;&nbsp;&nbsp;get_firmware_from_server
<LI><a href="#[117]">&gt;&gt;</a>&nbsp;&nbsp;&nbsp;proc_SEG_tcp_client
<LI><a href="#[114]">&gt;&gt;</a>&nbsp;&nbsp;&nbsp;proc_SEG_tcp_mixed
<LI><a href="#[c6]">&gt;&gt;</a>&nbsp;&nbsp;&nbsp;loopback_tcpc
</UL>

<P><STRONG><a name="[85]"></a>disconnect</STRONG> (Thumb, 132 bytes, Stack size 16 bytes, socket.o(.text))
<BR><BR>[Stack]<UL><LI>Max Depth = 32<LI>Call Chain = disconnect &rArr; close
</UL>
<BR>[Calls]<UL><LI><a href="#[7f]">&gt;&gt;</a>&nbsp;&nbsp;&nbsp;close
<LI><a href="#[80]">&gt;&gt;</a>&nbsp;&nbsp;&nbsp;WIZCHIP_WRITE
<LI><a href="#[81]">&gt;&gt;</a>&nbsp;&nbsp;&nbsp;WIZCHIP_READ
</UL>
<BR>[Called By]<UL><LI><a href="#[173]">&gt;&gt;</a>&nbsp;&nbsp;&nbsp;get_firmware_from_network
<LI><a href="#[16e]">&gt;&gt;</a>&nbsp;&nbsp;&nbsp;get_firmware_from_server
<LI><a href="#[144]">&gt;&gt;</a>&nbsp;&nbsp;&nbsp;proc_SEGCP_tcp
<LI><a href="#[117]">&gt;&gt;</a>&nbsp;&nbsp;&nbsp;proc_SEG_tcp_client
<LI><a href="#[116]">&gt;&gt;</a>&nbsp;&nbsp;&nbsp;proc_SEG_tcp_server
<LI><a href="#[114]">&gt;&gt;</a>&nbsp;&nbsp;&nbsp;proc_SEG_tcp_mixed
<LI><a href="#[111]">&gt;&gt;</a>&nbsp;&nbsp;&nbsp;process_socket_termination
<LI><a href="#[101]">&gt;&gt;</a>&nbsp;&nbsp;&nbsp;ether_to_uart
<LI><a href="#[c8]">&gt;&gt;</a>&nbsp;&nbsp;&nbsp;loopback_iperf
<LI><a href="#[c6]">&gt;&gt;</a>&nbsp;&nbsp;&nbsp;loopback_tcpc
<LI><a href="#[c5]">&gt;&gt;</a>&nbsp;&nbsp;&nbsp;loopback_tcps
</UL>

<P><STRONG><a name="[86]"></a>send</STRONG> (Thumb, 288 bytes, Stack size 40 bytes, socket.o(.text))
<BR><BR>[Stack]<UL><LI>Max Depth = 72<LI>Call Chain = send &rArr; wiz_send_data &rArr; WIZCHIP_WRITE_BUF
</UL>
<BR>[Calls]<UL><LI><a href="#[7f]">&gt;&gt;</a>&nbsp;&nbsp;&nbsp;close
<LI><a href="#[7b]">&gt;&gt;</a>&nbsp;&nbsp;&nbsp;wiz_send_data
<LI><a href="#[80]">&gt;&gt;</a>&nbsp;&nbsp;&nbsp;WIZCHIP_WRITE
<LI><a href="#[81]">&gt;&gt;</a>&nbsp;&nbsp;&nbsp;WIZCHIP_READ
</UL>
<BR>[Called By]<UL><LI><a href="#[173]">&gt;&gt;</a>&nbsp;&nbsp;&nbsp;get_firmware_from_network
<LI><a href="#[16e]">&gt;&gt;</a>&nbsp;&nbsp;&nbsp;get_firmware_from_server
<LI><a href="#[144]">&gt;&gt;</a>&nbsp;&nbsp;&nbsp;proc_SEGCP_tcp
<LI><a href="#[10b]">&gt;&gt;</a>&nbsp;&nbsp;&nbsp;uart_to_ether
<LI><a href="#[c6]">&gt;&gt;</a>&nbsp;&nbsp;&nbsp;loopback_tcpc
<LI><a href="#[c5]">&gt;&gt;</a>&nbsp;&nbsp;&nbsp;loopback_tcps
</UL>

<P><STRONG><a name="[87]"></a>recv</STRONG> (Thumb, 206 bytes, Stack size 40 bytes, socket.o(.text))
<BR><BR>[Stack]<UL><LI>Max Depth = 68<LI>Call Chain = recv &rArr; wiz_recv_data &rArr; WIZCHIP_READ_BUF
</UL>
<BR>[Calls]<UL><LI><a href="#[7f]">&gt;&gt;</a>&nbsp;&nbsp;&nbsp;close
<LI><a href="#[7d]">&gt;&gt;</a>&nbsp;&nbsp;&nbsp;wiz_recv_data
<LI><a href="#[80]">&gt;&gt;</a>&nbsp;&nbsp;&nbsp;WIZCHIP_WRITE
<LI><a href="#[81]">&gt;&gt;</a>&nbsp;&nbsp;&nbsp;WIZCHIP_READ
</UL>
<BR>[Called By]<UL><LI><a href="#[173]">&gt;&gt;</a>&nbsp;&nbsp;&nbsp;get_firmware_from_network
<LI><a href="#[16e]">&gt;&gt;</a>&nbsp;&nbsp;&nbsp;get_firmware_from_server
<LI><a href="#[144]">&gt;&gt;</a>&nbsp;&nbsp;&nbsp;proc_SEGCP_tcp
<LI><a href="#[101]">&gt;&gt;</a>&nbsp;&nbsp;&nbsp;ether_to_uart
<LI><a href="#[c8]">&gt;&gt;</a>&nbsp;&nbsp;&nbsp;loopback_iperf
<LI><a href="#[c6]">&gt;&gt;</a>&nbsp;&nbsp;&nbsp;loopback_tcpc
<LI><a href="#[c5]">&gt;&gt;</a>&nbsp;&nbsp;&nbsp;loopback_tcps
</UL>

<P><STRONG><a name="[88]"></a>sendto</STRONG> (Thumb, 348 bytes, Stack size 48 bytes, socket.o(.text))
<BR><BR>[Stack]<UL><LI>Max Depth = 80<LI>Call Chain = sendto &rArr; wiz_send_data &rArr; WIZCHIP_WRITE_BUF
</UL>
<BR>[Calls]<UL><LI><a href="#[7b]">&gt;&gt;</a>&nbsp;&nbsp;&nbsp;wiz_send_data
<LI><a href="#[80]">&gt;&gt;</a>&nbsp;&nbsp;&nbsp;WIZCHIP_WRITE
<LI><a href="#[81]">&gt;&gt;</a>&nbsp;&nbsp;&nbsp;WIZCHIP_READ
</UL>
<BR>[Called By]<UL><LI><a href="#[b3]">&gt;&gt;</a>&nbsp;&nbsp;&nbsp;check_DHCP_leasedIP
<LI><a href="#[af]">&gt;&gt;</a>&nbsp;&nbsp;&nbsp;send_DHCP_DECLINE
<LI><a href="#[ae]">&gt;&gt;</a>&nbsp;&nbsp;&nbsp;send_DHCP_REQUEST
<LI><a href="#[ac]">&gt;&gt;</a>&nbsp;&nbsp;&nbsp;send_DHCP_DISCOVER
<LI><a href="#[145]">&gt;&gt;</a>&nbsp;&nbsp;&nbsp;proc_SEGCP_udp
<LI><a href="#[10b]">&gt;&gt;</a>&nbsp;&nbsp;&nbsp;uart_to_ether
<LI><a href="#[c7]">&gt;&gt;</a>&nbsp;&nbsp;&nbsp;loopback_udps
<LI><a href="#[c3]">&gt;&gt;</a>&nbsp;&nbsp;&nbsp;DNS_run
</UL>

<P><STRONG><a name="[89]"></a>recvfrom</STRONG> (Thumb, 450 bytes, Stack size 56 bytes, socket.o(.text))
<BR><BR>[Stack]<UL><LI>Max Depth = 84<LI>Call Chain = recvfrom &rArr; wiz_recv_data &rArr; WIZCHIP_READ_BUF
</UL>
<BR>[Calls]<UL><LI><a href="#[7f]">&gt;&gt;</a>&nbsp;&nbsp;&nbsp;close
<LI><a href="#[8a]">&gt;&gt;</a>&nbsp;&nbsp;&nbsp;wiz_recv_ignore
<LI><a href="#[7d]">&gt;&gt;</a>&nbsp;&nbsp;&nbsp;wiz_recv_data
<LI><a href="#[80]">&gt;&gt;</a>&nbsp;&nbsp;&nbsp;WIZCHIP_WRITE
<LI><a href="#[81]">&gt;&gt;</a>&nbsp;&nbsp;&nbsp;WIZCHIP_READ
</UL>
<BR>[Called By]<UL><LI><a href="#[b0]">&gt;&gt;</a>&nbsp;&nbsp;&nbsp;parseDHCPMSG
<LI><a href="#[145]">&gt;&gt;</a>&nbsp;&nbsp;&nbsp;proc_SEGCP_udp
<LI><a href="#[101]">&gt;&gt;</a>&nbsp;&nbsp;&nbsp;ether_to_uart
<LI><a href="#[c7]">&gt;&gt;</a>&nbsp;&nbsp;&nbsp;loopback_udps
<LI><a href="#[c3]">&gt;&gt;</a>&nbsp;&nbsp;&nbsp;DNS_run
</UL>

<P><STRONG><a name="[8b]"></a>ctlsocket</STRONG> (Thumb, 170 bytes, Stack size 24 bytes, socket.o(.text), UNUSED)
<BR><BR>[Calls]<UL><LI><a href="#[8c]">&gt;&gt;</a>&nbsp;&nbsp;&nbsp;__ARM_common_switch8
<LI><a href="#[80]">&gt;&gt;</a>&nbsp;&nbsp;&nbsp;WIZCHIP_WRITE
<LI><a href="#[81]">&gt;&gt;</a>&nbsp;&nbsp;&nbsp;WIZCHIP_READ
</UL>

<P><STRONG><a name="[8d]"></a>setsockopt</STRONG> (Thumb, 208 bytes, Stack size 24 bytes, socket.o(.text))
<BR><BR>[Stack]<UL><LI>Max Depth = 32<LI>Call Chain = setsockopt &rArr; __ARM_common_switch8
</UL>
<BR>[Calls]<UL><LI><a href="#[8c]">&gt;&gt;</a>&nbsp;&nbsp;&nbsp;__ARM_common_switch8
<LI><a href="#[80]">&gt;&gt;</a>&nbsp;&nbsp;&nbsp;WIZCHIP_WRITE
<LI><a href="#[81]">&gt;&gt;</a>&nbsp;&nbsp;&nbsp;WIZCHIP_READ
</UL>
<BR>[Called By]<UL><LI><a href="#[143]">&gt;&gt;</a>&nbsp;&nbsp;&nbsp;send_keepalive_packet_configtool
<LI><a href="#[112]">&gt;&gt;</a>&nbsp;&nbsp;&nbsp;send_keepalive_packet_manual
</UL>

<P><STRONG><a name="[8e]"></a>getsockopt</STRONG> (Thumb, 234 bytes, Stack size 24 bytes, socket.o(.text))
<BR><BR>[Stack]<UL><LI>Max Depth = 32<LI>Call Chain = getsockopt &rArr; __ARM_common_switch8
</UL>
<BR>[Calls]<UL><LI><a href="#[8c]">&gt;&gt;</a>&nbsp;&nbsp;&nbsp;__ARM_common_switch8
<LI><a href="#[81]">&gt;&gt;</a>&nbsp;&nbsp;&nbsp;WIZCHIP_READ
</UL>
<BR>[Called By]<UL><LI><a href="#[117]">&gt;&gt;</a>&nbsp;&nbsp;&nbsp;proc_SEG_tcp_client
<LI><a href="#[116]">&gt;&gt;</a>&nbsp;&nbsp;&nbsp;proc_SEG_tcp_server
<LI><a href="#[114]">&gt;&gt;</a>&nbsp;&nbsp;&nbsp;proc_SEG_tcp_mixed
</UL>

<P><STRONG><a name="[5]"></a>wizchip_cris_enter</STRONG> (Thumb, 2 bytes, Stack size 0 bytes, wizchip_conf.o(.text))
<BR>[Address Reference Count : 2]<UL><LI> wizchip_conf.o(.text)
<LI> wizchip_conf.o(.data)
</UL>
<P><STRONG><a name="[6]"></a>wizchip_cris_exit</STRONG> (Thumb, 2 bytes, Stack size 0 bytes, wizchip_conf.o(.text))
<BR>[Address Reference Count : 2]<UL><LI> wizchip_conf.o(.text)
<LI> wizchip_conf.o(.data)
</UL>
<P><STRONG><a name="[7]"></a>wizchip_cs_select</STRONG> (Thumb, 2 bytes, Stack size 0 bytes, wizchip_conf.o(.text))
<BR>[Address Reference Count : 2]<UL><LI> wizchip_conf.o(.text)
<LI> wizchip_conf.o(.data)
</UL>
<P><STRONG><a name="[8]"></a>wizchip_cs_deselect</STRONG> (Thumb, 2 bytes, Stack size 0 bytes, wizchip_conf.o(.text))
<BR>[Address Reference Count : 2]<UL><LI> wizchip_conf.o(.text)
<LI> wizchip_conf.o(.data)
</UL>
<P><STRONG><a name="[9]"></a>wizchip_bus_readbyte</STRONG> (Thumb, 4 bytes, Stack size 0 bytes, wizchip_conf.o(.text))
<BR>[Address Reference Count : 2]<UL><LI> wizchip_conf.o(.text)
<LI> wizchip_conf.o(.data)
</UL>
<P><STRONG><a name="[a]"></a>wizchip_bus_writebyte</STRONG> (Thumb, 4 bytes, Stack size 0 bytes, wizchip_conf.o(.text))
<BR>[Address Reference Count : 2]<UL><LI> wizchip_conf.o(.text)
<LI> wizchip_conf.o(.data)
</UL>
<P><STRONG><a name="[30]"></a>wizchip_spi_readbyte</STRONG> (Thumb, 4 bytes, Stack size 0 bytes, wizchip_conf.o(.text))
<BR>[Address Reference Count : 1]<UL><LI> wizchip_conf.o(.text)
</UL>
<P><STRONG><a name="[31]"></a>wizchip_spi_writebyte</STRONG> (Thumb, 2 bytes, Stack size 0 bytes, wizchip_conf.o(.text))
<BR>[Address Reference Count : 1]<UL><LI> wizchip_conf.o(.text)
</UL>
<P><STRONG><a name="[201]"></a>reg_wizchip_cris_cbfunc</STRONG> (Thumb, 26 bytes, Stack size 0 bytes, wizchip_conf.o(.text), UNUSED)

<P><STRONG><a name="[202]"></a>reg_wizchip_cs_cbfunc</STRONG> (Thumb, 26 bytes, Stack size 0 bytes, wizchip_conf.o(.text), UNUSED)

<P><STRONG><a name="[203]"></a>reg_wizchip_bus_cbfunc</STRONG> (Thumb, 34 bytes, Stack size 8 bytes, wizchip_conf.o(.text), UNUSED)

<P><STRONG><a name="[204]"></a>reg_wizchip_spi_cbfunc</STRONG> (Thumb, 34 bytes, Stack size 8 bytes, wizchip_conf.o(.text), UNUSED)

<P><STRONG><a name="[205]"></a>wizphy_getphylink</STRONG> (Thumb, 6 bytes, Stack size 0 bytes, wizchip_conf.o(.text), UNUSED)

<P><STRONG><a name="[206]"></a>wizphy_getphypmode</STRONG> (Thumb, 6 bytes, Stack size 0 bytes, wizchip_conf.o(.text), UNUSED)

<P><STRONG><a name="[8f]"></a>wizchip_getinterruptmask</STRONG> (Thumb, 26 bytes, Stack size 8 bytes, wizchip_conf.o(.text), UNUSED)
<BR><BR>[Calls]<UL><LI><a href="#[81]">&gt;&gt;</a>&nbsp;&nbsp;&nbsp;WIZCHIP_READ
</UL>
<BR>[Called By]<UL><LI><a href="#[95]">&gt;&gt;</a>&nbsp;&nbsp;&nbsp;ctlwizchip
</UL>

<P><STRONG><a name="[90]"></a>wizchip_setinterruptmask</STRONG> (Thumb, 28 bytes, Stack size 8 bytes, wizchip_conf.o(.text), UNUSED)
<BR><BR>[Calls]<UL><LI><a href="#[80]">&gt;&gt;</a>&nbsp;&nbsp;&nbsp;WIZCHIP_WRITE
</UL>
<BR>[Called By]<UL><LI><a href="#[95]">&gt;&gt;</a>&nbsp;&nbsp;&nbsp;ctlwizchip
</UL>

<P><STRONG><a name="[91]"></a>wizchip_getinterrupt</STRONG> (Thumb, 28 bytes, Stack size 8 bytes, wizchip_conf.o(.text), UNUSED)
<BR><BR>[Calls]<UL><LI><a href="#[81]">&gt;&gt;</a>&nbsp;&nbsp;&nbsp;WIZCHIP_READ
</UL>
<BR>[Called By]<UL><LI><a href="#[95]">&gt;&gt;</a>&nbsp;&nbsp;&nbsp;ctlwizchip
</UL>

<P><STRONG><a name="[92]"></a>wizchip_clrinterrupt</STRONG> (Thumb, 30 bytes, Stack size 8 bytes, wizchip_conf.o(.text), UNUSED)
<BR><BR>[Calls]<UL><LI><a href="#[80]">&gt;&gt;</a>&nbsp;&nbsp;&nbsp;WIZCHIP_WRITE
</UL>
<BR>[Called By]<UL><LI><a href="#[95]">&gt;&gt;</a>&nbsp;&nbsp;&nbsp;ctlwizchip
</UL>

<P><STRONG><a name="[93]"></a>wizchip_sw_reset</STRONG> (Thumb, 332 bytes, Stack size 96 bytes, wizchip_conf.o(.text))
<BR><BR>[Stack]<UL><LI>Max Depth = 96<LI>Call Chain = wizchip_sw_reset
</UL>
<BR>[Calls]<UL><LI><a href="#[80]">&gt;&gt;</a>&nbsp;&nbsp;&nbsp;WIZCHIP_WRITE
<LI><a href="#[81]">&gt;&gt;</a>&nbsp;&nbsp;&nbsp;WIZCHIP_READ
</UL>
<BR>[Called By]<UL><LI><a href="#[95]">&gt;&gt;</a>&nbsp;&nbsp;&nbsp;ctlwizchip
<LI><a href="#[94]">&gt;&gt;</a>&nbsp;&nbsp;&nbsp;wizchip_init
</UL>

<P><STRONG><a name="[94]"></a>wizchip_init</STRONG> (Thumb, 118 bytes, Stack size 24 bytes, wizchip_conf.o(.text))
<BR><BR>[Stack]<UL><LI>Max Depth = 120<LI>Call Chain = wizchip_init &rArr; wizchip_sw_reset
</UL>
<BR>[Calls]<UL><LI><a href="#[93]">&gt;&gt;</a>&nbsp;&nbsp;&nbsp;wizchip_sw_reset
<LI><a href="#[80]">&gt;&gt;</a>&nbsp;&nbsp;&nbsp;WIZCHIP_WRITE
</UL>
<BR>[Called By]<UL><LI><a href="#[95]">&gt;&gt;</a>&nbsp;&nbsp;&nbsp;ctlwizchip
<LI><a href="#[54]">&gt;&gt;</a>&nbsp;&nbsp;&nbsp;main
</UL>

<P><STRONG><a name="[95]"></a>ctlwizchip</STRONG> (Thumb, 114 bytes, Stack size 16 bytes, wizchip_conf.o(.text), UNUSED)
<BR><BR>[Calls]<UL><LI><a href="#[94]">&gt;&gt;</a>&nbsp;&nbsp;&nbsp;wizchip_init
<LI><a href="#[93]">&gt;&gt;</a>&nbsp;&nbsp;&nbsp;wizchip_sw_reset
<LI><a href="#[92]">&gt;&gt;</a>&nbsp;&nbsp;&nbsp;wizchip_clrinterrupt
<LI><a href="#[91]">&gt;&gt;</a>&nbsp;&nbsp;&nbsp;wizchip_getinterrupt
<LI><a href="#[90]">&gt;&gt;</a>&nbsp;&nbsp;&nbsp;wizchip_setinterruptmask
<LI><a href="#[8f]">&gt;&gt;</a>&nbsp;&nbsp;&nbsp;wizchip_getinterruptmask
<LI><a href="#[8c]">&gt;&gt;</a>&nbsp;&nbsp;&nbsp;__ARM_common_switch8
</UL>

<P><STRONG><a name="[96]"></a>wizchip_gettimeout</STRONG> (Thumb, 24 bytes, Stack size 8 bytes, wizchip_conf.o(.text))
<BR><BR>[Stack]<UL><LI>Max Depth = 8<LI>Call Chain = wizchip_gettimeout
</UL>
<BR>[Calls]<UL><LI><a href="#[81]">&gt;&gt;</a>&nbsp;&nbsp;&nbsp;WIZCHIP_READ
</UL>
<BR>[Called By]<UL><LI><a href="#[9c]">&gt;&gt;</a>&nbsp;&nbsp;&nbsp;ctlnetwork
</UL>

<P><STRONG><a name="[97]"></a>wizchip_settimeout</STRONG> (Thumb, 24 bytes, Stack size 8 bytes, wizchip_conf.o(.text))
<BR><BR>[Stack]<UL><LI>Max Depth = 8<LI>Call Chain = wizchip_settimeout
</UL>
<BR>[Calls]<UL><LI><a href="#[80]">&gt;&gt;</a>&nbsp;&nbsp;&nbsp;WIZCHIP_WRITE
</UL>
<BR>[Called By]<UL><LI><a href="#[9c]">&gt;&gt;</a>&nbsp;&nbsp;&nbsp;ctlnetwork
<LI><a href="#[54]">&gt;&gt;</a>&nbsp;&nbsp;&nbsp;main
</UL>

<P><STRONG><a name="[98]"></a>wizchip_getnetmode</STRONG> (Thumb, 10 bytes, Stack size 8 bytes, wizchip_conf.o(.text))
<BR><BR>[Stack]<UL><LI>Max Depth = 8<LI>Call Chain = wizchip_getnetmode
</UL>
<BR>[Calls]<UL><LI><a href="#[81]">&gt;&gt;</a>&nbsp;&nbsp;&nbsp;WIZCHIP_READ
</UL>
<BR>[Called By]<UL><LI><a href="#[9c]">&gt;&gt;</a>&nbsp;&nbsp;&nbsp;ctlnetwork
</UL>

<P><STRONG><a name="[99]"></a>wizchip_setnetmode</STRONG> (Thumb, 38 bytes, Stack size 16 bytes, wizchip_conf.o(.text))
<BR><BR>[Stack]<UL><LI>Max Depth = 16<LI>Call Chain = wizchip_setnetmode
</UL>
<BR>[Calls]<UL><LI><a href="#[80]">&gt;&gt;</a>&nbsp;&nbsp;&nbsp;WIZCHIP_WRITE
<LI><a href="#[81]">&gt;&gt;</a>&nbsp;&nbsp;&nbsp;WIZCHIP_READ
</UL>
<BR>[Called By]<UL><LI><a href="#[9c]">&gt;&gt;</a>&nbsp;&nbsp;&nbsp;ctlnetwork
</UL>

<P><STRONG><a name="[9a]"></a>wizchip_getnetinfo</STRONG> (Thumb, 264 bytes, Stack size 8 bytes, wizchip_conf.o(.text))
<BR><BR>[Stack]<UL><LI>Max Depth = 8<LI>Call Chain = wizchip_getnetinfo
</UL>
<BR>[Calls]<UL><LI><a href="#[81]">&gt;&gt;</a>&nbsp;&nbsp;&nbsp;WIZCHIP_READ
</UL>
<BR>[Called By]<UL><LI><a href="#[9c]">&gt;&gt;</a>&nbsp;&nbsp;&nbsp;ctlnetwork
</UL>

<P><STRONG><a name="[9b]"></a>wizchip_setnetinfo</STRONG> (Thumb, 210 bytes, Stack size 8 bytes, wizchip_conf.o(.text))
<BR><BR>[Stack]<UL><LI>Max Depth = 8<LI>Call Chain = wizchip_setnetinfo
</UL>
<BR>[Calls]<UL><LI><a href="#[80]">&gt;&gt;</a>&nbsp;&nbsp;&nbsp;WIZCHIP_WRITE
</UL>
<BR>[Called By]<UL><LI><a href="#[9c]">&gt;&gt;</a>&nbsp;&nbsp;&nbsp;ctlnetwork
</UL>

<P><STRONG><a name="[9c]"></a>ctlnetwork</STRONG> (Thumb, 74 bytes, Stack size 8 bytes, wizchip_conf.o(.text))
<BR><BR>[Stack]<UL><LI>Max Depth = 24<LI>Call Chain = ctlnetwork &rArr; wizchip_setnetmode
</UL>
<BR>[Calls]<UL><LI><a href="#[9b]">&gt;&gt;</a>&nbsp;&nbsp;&nbsp;wizchip_setnetinfo
<LI><a href="#[9a]">&gt;&gt;</a>&nbsp;&nbsp;&nbsp;wizchip_getnetinfo
<LI><a href="#[99]">&gt;&gt;</a>&nbsp;&nbsp;&nbsp;wizchip_setnetmode
<LI><a href="#[98]">&gt;&gt;</a>&nbsp;&nbsp;&nbsp;wizchip_getnetmode
<LI><a href="#[97]">&gt;&gt;</a>&nbsp;&nbsp;&nbsp;wizchip_settimeout
<LI><a href="#[96]">&gt;&gt;</a>&nbsp;&nbsp;&nbsp;wizchip_gettimeout
<LI><a href="#[8c]">&gt;&gt;</a>&nbsp;&nbsp;&nbsp;__ARM_common_switch8
</UL>
<BR>[Called By]<UL><LI><a href="#[eb]">&gt;&gt;</a>&nbsp;&nbsp;&nbsp;display_Net_Info
<LI><a href="#[ea]">&gt;&gt;</a>&nbsp;&nbsp;&nbsp;Net_Conf
<LI><a href="#[33]">&gt;&gt;</a>&nbsp;&nbsp;&nbsp;w7500x_dhcp_assign
</UL>

<P><STRONG><a name="[9d]"></a>idle_MDIO</STRONG> (Thumb, 40 bytes, Stack size 16 bytes, w7500x_miim.o(.text))
<BR><BR>[Stack]<UL><LI>Max Depth = 24<LI>Call Chain = idle_MDIO &rArr; delay
</UL>
<BR>[Calls]<UL><LI><a href="#[9f]">&gt;&gt;</a>&nbsp;&nbsp;&nbsp;delay
<LI><a href="#[a0]">&gt;&gt;</a>&nbsp;&nbsp;&nbsp;GPIO_ResetBits
<LI><a href="#[9e]">&gt;&gt;</a>&nbsp;&nbsp;&nbsp;GPIO_SetBits
</UL>
<BR>[Called By]<UL><LI><a href="#[a9]">&gt;&gt;</a>&nbsp;&nbsp;&nbsp;phy_id
<LI><a href="#[a7]">&gt;&gt;</a>&nbsp;&nbsp;&nbsp;mdio_write
<LI><a href="#[a5]">&gt;&gt;</a>&nbsp;&nbsp;&nbsp;mdio_read
</UL>

<P><STRONG><a name="[a1]"></a>input_MDIO</STRONG> (Thumb, 58 bytes, Stack size 24 bytes, w7500x_miim.o(.text))
<BR><BR>[Stack]<UL><LI>Max Depth = 32<LI>Call Chain = input_MDIO &rArr; delay
</UL>
<BR>[Calls]<UL><LI><a href="#[9f]">&gt;&gt;</a>&nbsp;&nbsp;&nbsp;delay
<LI><a href="#[a0]">&gt;&gt;</a>&nbsp;&nbsp;&nbsp;GPIO_ResetBits
<LI><a href="#[9e]">&gt;&gt;</a>&nbsp;&nbsp;&nbsp;GPIO_SetBits
<LI><a href="#[a2]">&gt;&gt;</a>&nbsp;&nbsp;&nbsp;GPIO_ReadInputDataBit
</UL>
<BR>[Called By]<UL><LI><a href="#[a9]">&gt;&gt;</a>&nbsp;&nbsp;&nbsp;phy_id
<LI><a href="#[a5]">&gt;&gt;</a>&nbsp;&nbsp;&nbsp;mdio_read
</UL>

<P><STRONG><a name="[a3]"></a>turnaround_MDIO</STRONG> (Thumb, 46 bytes, Stack size 16 bytes, w7500x_miim.o(.text))
<BR><BR>[Stack]<UL><LI>Max Depth = 24<LI>Call Chain = turnaround_MDIO &rArr; delay
</UL>
<BR>[Calls]<UL><LI><a href="#[9f]">&gt;&gt;</a>&nbsp;&nbsp;&nbsp;delay
<LI><a href="#[a0]">&gt;&gt;</a>&nbsp;&nbsp;&nbsp;GPIO_ResetBits
<LI><a href="#[9e]">&gt;&gt;</a>&nbsp;&nbsp;&nbsp;GPIO_SetBits
</UL>
<BR>[Called By]<UL><LI><a href="#[a9]">&gt;&gt;</a>&nbsp;&nbsp;&nbsp;phy_id
<LI><a href="#[a5]">&gt;&gt;</a>&nbsp;&nbsp;&nbsp;mdio_read
</UL>

<P><STRONG><a name="[a4]"></a>output_MDIO</STRONG> (Thumb, 74 bytes, Stack size 24 bytes, w7500x_miim.o(.text))
<BR><BR>[Stack]<UL><LI>Max Depth = 32<LI>Call Chain = output_MDIO &rArr; delay
</UL>
<BR>[Calls]<UL><LI><a href="#[9f]">&gt;&gt;</a>&nbsp;&nbsp;&nbsp;delay
<LI><a href="#[a0]">&gt;&gt;</a>&nbsp;&nbsp;&nbsp;GPIO_ResetBits
<LI><a href="#[9e]">&gt;&gt;</a>&nbsp;&nbsp;&nbsp;GPIO_SetBits
</UL>
<BR>[Called By]<UL><LI><a href="#[a9]">&gt;&gt;</a>&nbsp;&nbsp;&nbsp;phy_id
<LI><a href="#[a7]">&gt;&gt;</a>&nbsp;&nbsp;&nbsp;mdio_write
<LI><a href="#[a5]">&gt;&gt;</a>&nbsp;&nbsp;&nbsp;mdio_read
</UL>

<P><STRONG><a name="[a5]"></a>mdio_read</STRONG> (Thumb, 72 bytes, Stack size 16 bytes, w7500x_miim.o(.text), UNUSED)
<BR><BR>[Calls]<UL><LI><a href="#[a4]">&gt;&gt;</a>&nbsp;&nbsp;&nbsp;output_MDIO
<LI><a href="#[a3]">&gt;&gt;</a>&nbsp;&nbsp;&nbsp;turnaround_MDIO
<LI><a href="#[a1]">&gt;&gt;</a>&nbsp;&nbsp;&nbsp;input_MDIO
<LI><a href="#[9d]">&gt;&gt;</a>&nbsp;&nbsp;&nbsp;idle_MDIO
</UL>
<BR>[Called By]<UL><LI><a href="#[a6]">&gt;&gt;</a>&nbsp;&nbsp;&nbsp;link
</UL>

<P><STRONG><a name="[a6]"></a>link</STRONG> (Thumb, 18 bytes, Stack size 8 bytes, w7500x_miim.o(.text), UNUSED)
<BR><BR>[Calls]<UL><LI><a href="#[a5]">&gt;&gt;</a>&nbsp;&nbsp;&nbsp;mdio_read
</UL>

<P><STRONG><a name="[a7]"></a>mdio_write</STRONG> (Thumb, 78 bytes, Stack size 16 bytes, w7500x_miim.o(.text), UNUSED)
<BR><BR>[Calls]<UL><LI><a href="#[a4]">&gt;&gt;</a>&nbsp;&nbsp;&nbsp;output_MDIO
<LI><a href="#[9d]">&gt;&gt;</a>&nbsp;&nbsp;&nbsp;idle_MDIO
</UL>
<BR>[Called By]<UL><LI><a href="#[a8]">&gt;&gt;</a>&nbsp;&nbsp;&nbsp;set_link
</UL>

<P><STRONG><a name="[a8]"></a>set_link</STRONG> (Thumb, 24 bytes, Stack size 0 bytes, w7500x_miim.o(.text), UNUSED)
<BR><BR>[Calls]<UL><LI><a href="#[a7]">&gt;&gt;</a>&nbsp;&nbsp;&nbsp;mdio_write
</UL>

<P><STRONG><a name="[a9]"></a>phy_id</STRONG> (Thumb, 98 bytes, Stack size 24 bytes, w7500x_miim.o(.text))
<BR><BR>[Stack]<UL><LI>Max Depth = 160 + Unknown Stack Size
<LI>Call Chain = phy_id &rArr; __2printf &rArr; _printf_char_file &rArr; _printf_char_common &rArr; __printf
</UL>
<BR>[Calls]<UL><LI><a href="#[a4]">&gt;&gt;</a>&nbsp;&nbsp;&nbsp;output_MDIO
<LI><a href="#[a3]">&gt;&gt;</a>&nbsp;&nbsp;&nbsp;turnaround_MDIO
<LI><a href="#[a1]">&gt;&gt;</a>&nbsp;&nbsp;&nbsp;input_MDIO
<LI><a href="#[9d]">&gt;&gt;</a>&nbsp;&nbsp;&nbsp;idle_MDIO
<LI><a href="#[aa]">&gt;&gt;</a>&nbsp;&nbsp;&nbsp;__2printf
</UL>
<BR>[Called By]<UL><LI><a href="#[ab]">&gt;&gt;</a>&nbsp;&nbsp;&nbsp;mdio_init
</UL>

<P><STRONG><a name="[ab]"></a>mdio_init</STRONG> (Thumb, 66 bytes, Stack size 24 bytes, w7500x_miim.o(.text))
<BR><BR>[Stack]<UL><LI>Max Depth = 184 + Unknown Stack Size
<LI>Call Chain = mdio_init &rArr; phy_id &rArr; __2printf &rArr; _printf_char_file &rArr; _printf_char_common &rArr; __printf
</UL>
<BR>[Calls]<UL><LI><a href="#[a9]">&gt;&gt;</a>&nbsp;&nbsp;&nbsp;phy_id
<LI><a href="#[64]">&gt;&gt;</a>&nbsp;&nbsp;&nbsp;PAD_AFConfig
<LI><a href="#[62]">&gt;&gt;</a>&nbsp;&nbsp;&nbsp;GPIO_StructInit
<LI><a href="#[63]">&gt;&gt;</a>&nbsp;&nbsp;&nbsp;GPIO_Init
</UL>
<BR>[Called By]<UL><LI><a href="#[e5]">&gt;&gt;</a>&nbsp;&nbsp;&nbsp;W7500x_Board_Init
</UL>

<P><STRONG><a name="[b]"></a>default_ip_assign</STRONG> (Thumb, 128 bytes, Stack size 8 bytes, dhcp.o(.text))
<BR><BR>[Stack]<UL><LI>Max Depth = 8<LI>Call Chain = default_ip_assign
</UL>
<BR>[Calls]<UL><LI><a href="#[80]">&gt;&gt;</a>&nbsp;&nbsp;&nbsp;WIZCHIP_WRITE
</UL>
<BR>[Called By]<UL><LI><a href="#[c]">&gt;&gt;</a>&nbsp;&nbsp;&nbsp;default_ip_update
</UL>
<BR>[Address Reference Count : 2]<UL><LI> dhcp.o(.text)
<LI> dhcp.o(.data)
</UL>
<P><STRONG><a name="[c]"></a>default_ip_update</STRONG> (Thumb, 88 bytes, Stack size 8 bytes, dhcp.o(.text))
<BR><BR>[Stack]<UL><LI>Max Depth = 16<LI>Call Chain = default_ip_update &rArr; default_ip_assign
</UL>
<BR>[Calls]<UL><LI><a href="#[b]">&gt;&gt;</a>&nbsp;&nbsp;&nbsp;default_ip_assign
<LI><a href="#[80]">&gt;&gt;</a>&nbsp;&nbsp;&nbsp;WIZCHIP_WRITE
<LI><a href="#[81]">&gt;&gt;</a>&nbsp;&nbsp;&nbsp;WIZCHIP_READ
</UL>
<BR>[Address Reference Count : 2]<UL><LI> dhcp.o(.text)
<LI> dhcp.o(.data)
</UL>
<P><STRONG><a name="[d]"></a>default_ip_conflict</STRONG> (Thumb, 84 bytes, Stack size 8 bytes, dhcp.o(.text))
<BR><BR>[Stack]<UL><LI>Max Depth = 8<LI>Call Chain = default_ip_conflict
</UL>
<BR>[Calls]<UL><LI><a href="#[80]">&gt;&gt;</a>&nbsp;&nbsp;&nbsp;WIZCHIP_WRITE
<LI><a href="#[81]">&gt;&gt;</a>&nbsp;&nbsp;&nbsp;WIZCHIP_READ
</UL>
<BR>[Address Reference Count : 2]<UL><LI> dhcp.o(.text)
<LI> dhcp.o(.data)
</UL>
<P><STRONG><a name="[de]"></a>reg_dhcp_cbfunc</STRONG> (Thumb, 38 bytes, Stack size 8 bytes, dhcp.o(.text))
<BR><BR>[Stack]<UL><LI>Max Depth = 8<LI>Call Chain = reg_dhcp_cbfunc
</UL>
<BR>[Called By]<UL><LI><a href="#[dd]">&gt;&gt;</a>&nbsp;&nbsp;&nbsp;process_dhcp
</UL>

<P><STRONG><a name="[ad]"></a>makeDHCPMSG</STRONG> (Thumb, 190 bytes, Stack size 12 bytes, dhcp.o(.text))
<BR><BR>[Stack]<UL><LI>Max Depth = 12<LI>Call Chain = makeDHCPMSG
</UL>
<BR>[Called By]<UL><LI><a href="#[af]">&gt;&gt;</a>&nbsp;&nbsp;&nbsp;send_DHCP_DECLINE
<LI><a href="#[ae]">&gt;&gt;</a>&nbsp;&nbsp;&nbsp;send_DHCP_REQUEST
<LI><a href="#[ac]">&gt;&gt;</a>&nbsp;&nbsp;&nbsp;send_DHCP_DISCOVER
</UL>

<P><STRONG><a name="[ac]"></a>send_DHCP_DISCOVER</STRONG> (Thumb, 358 bytes, Stack size 32 bytes, dhcp.o(.text))
<BR><BR>[Stack]<UL><LI>Max Depth = 112<LI>Call Chain = send_DHCP_DISCOVER &rArr; sendto &rArr; wiz_send_data &rArr; WIZCHIP_WRITE_BUF
</UL>
<BR>[Calls]<UL><LI><a href="#[ad]">&gt;&gt;</a>&nbsp;&nbsp;&nbsp;makeDHCPMSG
<LI><a href="#[88]">&gt;&gt;</a>&nbsp;&nbsp;&nbsp;sendto
</UL>
<BR>[Called By]<UL><LI><a href="#[b4]">&gt;&gt;</a>&nbsp;&nbsp;&nbsp;DHCP_run
<LI><a href="#[b1]">&gt;&gt;</a>&nbsp;&nbsp;&nbsp;check_DHCP_timeout
</UL>

<P><STRONG><a name="[ae]"></a>send_DHCP_REQUEST</STRONG> (Thumb, 558 bytes, Stack size 32 bytes, dhcp.o(.text))
<BR><BR>[Stack]<UL><LI>Max Depth = 112<LI>Call Chain = send_DHCP_REQUEST &rArr; sendto &rArr; wiz_send_data &rArr; WIZCHIP_WRITE_BUF
</UL>
<BR>[Calls]<UL><LI><a href="#[ad]">&gt;&gt;</a>&nbsp;&nbsp;&nbsp;makeDHCPMSG
<LI><a href="#[88]">&gt;&gt;</a>&nbsp;&nbsp;&nbsp;sendto
</UL>
<BR>[Called By]<UL><LI><a href="#[b4]">&gt;&gt;</a>&nbsp;&nbsp;&nbsp;DHCP_run
<LI><a href="#[b1]">&gt;&gt;</a>&nbsp;&nbsp;&nbsp;check_DHCP_timeout
</UL>

<P><STRONG><a name="[af]"></a>send_DHCP_DECLINE</STRONG> (Thumb, 256 bytes, Stack size 16 bytes, dhcp.o(.text))
<BR><BR>[Stack]<UL><LI>Max Depth = 96<LI>Call Chain = send_DHCP_DECLINE &rArr; sendto &rArr; wiz_send_data &rArr; WIZCHIP_WRITE_BUF
</UL>
<BR>[Calls]<UL><LI><a href="#[ad]">&gt;&gt;</a>&nbsp;&nbsp;&nbsp;makeDHCPMSG
<LI><a href="#[88]">&gt;&gt;</a>&nbsp;&nbsp;&nbsp;sendto
</UL>
<BR>[Called By]<UL><LI><a href="#[b3]">&gt;&gt;</a>&nbsp;&nbsp;&nbsp;check_DHCP_leasedIP
</UL>

<P><STRONG><a name="[b0]"></a>parseDHCPMSG</STRONG> (Thumb, 304 bytes, Stack size 32 bytes, dhcp.o(.text))
<BR><BR>[Stack]<UL><LI>Max Depth = 116<LI>Call Chain = parseDHCPMSG &rArr; recvfrom &rArr; wiz_recv_data &rArr; WIZCHIP_READ_BUF
</UL>
<BR>[Calls]<UL><LI><a href="#[89]">&gt;&gt;</a>&nbsp;&nbsp;&nbsp;recvfrom
</UL>
<BR>[Called By]<UL><LI><a href="#[b4]">&gt;&gt;</a>&nbsp;&nbsp;&nbsp;DHCP_run
</UL>

<P><STRONG><a name="[b2]"></a>reset_DHCP_timeout</STRONG> (Thumb, 16 bytes, Stack size 0 bytes, dhcp.o(.text))
<BR><BR>[Called By]<UL><LI><a href="#[b6]">&gt;&gt;</a>&nbsp;&nbsp;&nbsp;DHCP_init
<LI><a href="#[b4]">&gt;&gt;</a>&nbsp;&nbsp;&nbsp;DHCP_run
<LI><a href="#[b1]">&gt;&gt;</a>&nbsp;&nbsp;&nbsp;check_DHCP_timeout
</UL>

<P><STRONG><a name="[b1]"></a>check_DHCP_timeout</STRONG> (Thumb, 104 bytes, Stack size 16 bytes, dhcp.o(.text))
<BR><BR>[Stack]<UL><LI>Max Depth = 128<LI>Call Chain = check_DHCP_timeout &rArr; send_DHCP_REQUEST &rArr; sendto &rArr; wiz_send_data &rArr; WIZCHIP_WRITE_BUF
</UL>
<BR>[Calls]<UL><LI><a href="#[b2]">&gt;&gt;</a>&nbsp;&nbsp;&nbsp;reset_DHCP_timeout
<LI><a href="#[ae]">&gt;&gt;</a>&nbsp;&nbsp;&nbsp;send_DHCP_REQUEST
<LI><a href="#[ac]">&gt;&gt;</a>&nbsp;&nbsp;&nbsp;send_DHCP_DISCOVER
</UL>
<BR>[Called By]<UL><LI><a href="#[b4]">&gt;&gt;</a>&nbsp;&nbsp;&nbsp;DHCP_run
</UL>

<P><STRONG><a name="[b3]"></a>check_DHCP_leasedIP</STRONG> (Thumb, 112 bytes, Stack size 24 bytes, dhcp.o(.text))
<BR><BR>[Stack]<UL><LI>Max Depth = 120<LI>Call Chain = check_DHCP_leasedIP &rArr; send_DHCP_DECLINE &rArr; sendto &rArr; wiz_send_data &rArr; WIZCHIP_WRITE_BUF
</UL>
<BR>[Calls]<UL><LI><a href="#[af]">&gt;&gt;</a>&nbsp;&nbsp;&nbsp;send_DHCP_DECLINE
<LI><a href="#[88]">&gt;&gt;</a>&nbsp;&nbsp;&nbsp;sendto
<LI><a href="#[80]">&gt;&gt;</a>&nbsp;&nbsp;&nbsp;WIZCHIP_WRITE
<LI><a href="#[81]">&gt;&gt;</a>&nbsp;&nbsp;&nbsp;WIZCHIP_READ
</UL>
<BR>[Called By]<UL><LI><a href="#[b4]">&gt;&gt;</a>&nbsp;&nbsp;&nbsp;DHCP_run
</UL>

[...]
<LI><a href="#[19a]">&gt;&gt;</a>&nbsp;&nbsp;&nbsp;_dadd1
</UL>

<P><STRONG><a name="[71]"></a>__aeabi_d2uiz</STRONG> (Thumb, 0 bytes, Stack size 8 bytes, dfixui.o(.text))
<BR><BR>[Stack]<UL><LI>Max Depth = 8<LI>Call Chain = __aeabi_d2uiz
</UL>
<BR>[Called By]<UL><LI><a href="#[67]">&gt;&gt;</a>&nbsp;&nbsp;&nbsp;UART_Init
</UL>

<P><STRONG><a name="[21e]"></a>_dfixu</STRONG> (Thumb, 64 bytes, Stack size 8 bytes, dfixui.o(.text), UNUSED)

<P><STRONG><a name="[6f]"></a>__aeabi_f2d</STRONG> (Thumb, 0 bytes, Stack size 0 bytes, f2d.o(.text))
<BR><BR>[Called By]<UL><LI><a href="#[67]">&gt;&gt;</a>&nbsp;&nbsp;&nbsp;UART_Init
</UL>

<P><STRONG><a name="[21f]"></a>_f2d</STRONG> (Thumb, 80 bytes, Stack size 0 bytes, f2d.o(.text), UNUSED)

<P><STRONG><a name="[6b]"></a>__aeabi_fdiv</STRONG> (Thumb, 0 bytes, Stack size 16 bytes, fdiv.o(.text))
<BR><BR>[Stack]<UL><LI>Max Depth = 16<LI>Call Chain = __aeabi_fdiv
</UL>
<BR>[Called By]<UL><LI><a href="#[67]">&gt;&gt;</a>&nbsp;&nbsp;&nbsp;UART_Init
</UL>

<P><STRONG><a name="[19e]"></a>_fdiv</STRONG> (Thumb, 336 bytes, Stack size 16 bytes, fdiv.o(.text), UNUSED)
<BR><BR>[Called By]<UL><LI><a href="#[19d]">&gt;&gt;</a>&nbsp;&nbsp;&nbsp;_frdiv
</UL>

<P><STRONG><a name="[19d]"></a>_frdiv</STRONG> (Thumb, 8 bytes, Stack size 0 bytes, fdiv.o(.text), UNUSED)
<BR><BR>[Calls]<UL><LI><a href="#[19e]">&gt;&gt;</a>&nbsp;&nbsp;&nbsp;_fdiv
</UL>

<P><STRONG><a name="[6c]"></a>__aeabi_f2uiz</STRONG> (Thumb, 0 bytes, Stack size 0 bytes, ffixui.o(.text))
<BR><BR>[Called By]<UL><LI><a href="#[67]">&gt;&gt;</a>&nbsp;&nbsp;&nbsp;UART_Init
</UL>

<P><STRONG><a name="[220]"></a>_ffixu</STRONG> (Thumb, 48 bytes, Stack size 0 bytes, ffixui.o(.text), UNUSED)

<P><STRONG><a name="[1a0]"></a>__aeabi_i2f_normalise</STRONG> (Thumb, 72 bytes, Stack size 0 bytes, fflti.o(.text))
<BR><BR>[Called By]<UL><LI><a href="#[6a]">&gt;&gt;</a>&nbsp;&nbsp;&nbsp;__aeabi_ui2f
<LI><a href="#[19f]">&gt;&gt;</a>&nbsp;&nbsp;&nbsp;__aeabi_i2f
</UL>

<P><STRONG><a name="[19f]"></a>__aeabi_i2f</STRONG> (Thumb, 16 bytes, Stack size 0 bytes, fflti.o(.text), UNUSED)
<BR><BR>[Calls]<UL><LI><a href="#[1a0]">&gt;&gt;</a>&nbsp;&nbsp;&nbsp;__aeabi_i2f_normalise
</UL>

<P><STRONG><a name="[221]"></a>_fflt</STRONG> (Thumb, 0 bytes, Stack size 0 bytes, fflti.o(.text), UNUSED)

<P><STRONG><a name="[6a]"></a>__aeabi_ui2f</STRONG> (Thumb, 6 bytes, Stack size 0 bytes, fflti.o(.text))
<BR><BR>[Calls]<UL><LI><a href="#[1a0]">&gt;&gt;</a>&nbsp;&nbsp;&nbsp;__aeabi_i2f_normalise
</UL>
<BR>[Called By]<UL><LI><a href="#[67]">&gt;&gt;</a>&nbsp;&nbsp;&nbsp;UART_Init
</UL>

<P><STRONG><a name="[222]"></a>_ffltu</STRONG> (Thumb, 0 bytes, Stack size 0 bytes, fflti.o(.text), UNUSED)

<P><STRONG><a name="[6e]"></a>__ARM_scalbnf</STRONG> (Thumb, 64 bytes, Stack size 8 bytes, fscalbn.o(.text))
<BR><BR>[Stack]<UL><LI>Max Depth = 8<LI>Call Chain = __ARM_scalbnf
</UL>
<BR>[Called By]<UL><LI><a href="#[67]">&gt;&gt;</a>&nbsp;&nbsp;&nbsp;UART_Init
</UL>

<P><STRONG><a name="[4d]"></a>__rt_locale</STRONG> (Thumb, 8 bytes, Stack size 0 bytes, rt_locale_intlibspace.o(.text))
<BR><BR>[Called By]<UL><LI><a href="#[4c]">&gt;&gt;</a>&nbsp;&nbsp;&nbsp;__rt_lib_init_lc_common
<LI><a href="#[14a]">&gt;&gt;</a>&nbsp;&nbsp;&nbsp;__rt_ctype_table
</UL>

<P><STRONG><a name="[191]"></a>__aeabi_errno_addr</STRONG> (Thumb, 8 bytes, Stack size 0 bytes, rt_errno_addr_intlibspace.o(.text))
<BR><BR>[Called By]<UL><LI><a href="#[1a5]">&gt;&gt;</a>&nbsp;&nbsp;&nbsp;_strtoul
<LI><a href="#[192]">&gt;&gt;</a>&nbsp;&nbsp;&nbsp;strtol
<LI><a href="#[170]">&gt;&gt;</a>&nbsp;&nbsp;&nbsp;atol
<LI><a href="#[14b]">&gt;&gt;</a>&nbsp;&nbsp;&nbsp;atoi
</UL>

<P><STRONG><a name="[223]"></a>__errno$intlibspace</STRONG> (Thumb, 0 bytes, Stack size 0 bytes, rt_errno_addr_intlibspace.o(.text), UNUSED)

<P><STRONG><a name="[224]"></a>__rt_errno_addr$intlibspace</STRONG> (Thumb, 0 bytes, Stack size 0 bytes, rt_errno_addr_intlibspace.o(.text), UNUSED)

<P><STRONG><a name="[18a]"></a>_printf_int_common</STRONG> (Thumb, 176 bytes, Stack size 40 bytes, _printf_intcommon.o(.text))
<BR><BR>[Stack]<UL><LI>Max Depth = 56<LI>Call Chain = _printf_int_common &rArr; _printf_post_padding
</UL>
<BR>[Calls]<UL><LI><a href="#[186]">&gt;&gt;</a>&nbsp;&nbsp;&nbsp;_printf_post_padding
<LI><a href="#[185]">&gt;&gt;</a>&nbsp;&nbsp;&nbsp;_printf_pre_padding
</UL>
<BR>[Called By]<UL><LI><a href="#[45]">&gt;&gt;</a>&nbsp;&nbsp;&nbsp;_printf_int_hex
<LI><a href="#[42]">&gt;&gt;</a>&nbsp;&nbsp;&nbsp;_printf_int_dec
</UL>

<P><STRONG><a name="[183]"></a>_printf_char_common</STRONG> (Thumb, 32 bytes, Stack size 64 bytes, _printf_char_common.o(.text))
<BR><BR>[Stack]<UL><LI>Max Depth = 96 + Unknown Stack Size
<LI>Call Chain = _printf_char_common &rArr; __printf
</UL>
<BR>[Calls]<UL><LI><a href="#[18b]">&gt;&gt;</a>&nbsp;&nbsp;&nbsp;__printf
</UL>
<BR>[Called By]<UL><LI><a href="#[182]">&gt;&gt;</a>&nbsp;&nbsp;&nbsp;_printf_char_file
<LI><a href="#[12e]">&gt;&gt;</a>&nbsp;&nbsp;&nbsp;__2sprintf
</UL>

<P><STRONG><a name="[35]"></a>_sputc</STRONG> (Thumb, 10 bytes, Stack size 0 bytes, _sputc.o(.text))
<BR><BR>[Called By]<UL><LI><a href="#[12e]">&gt;&gt;</a>&nbsp;&nbsp;&nbsp;__2sprintf
</UL>
<BR>[Address Reference Count : 1]<UL><LI> __2sprintf.o(.text)
</UL>
<P><STRONG><a name="[1a1]"></a>_printf_cs_common</STRONG> (Thumb, 22 bytes, Stack size 8 bytes, _printf_char.o(.text))
<BR><BR>[Stack]<UL><LI>Max Depth = 40<LI>Call Chain = _printf_cs_common &rArr; _printf_str &rArr; _printf_post_padding
</UL>
<BR>[Calls]<UL><LI><a href="#[1a2]">&gt;&gt;</a>&nbsp;&nbsp;&nbsp;_printf_mbtowc (Weak Reference)
<LI><a href="#[184]">&gt;&gt;</a>&nbsp;&nbsp;&nbsp;_printf_str
</UL>
<BR>[Called By]<UL><LI><a href="#[49]">&gt;&gt;</a>&nbsp;&nbsp;&nbsp;_printf_string
<LI><a href="#[47]">&gt;&gt;</a>&nbsp;&nbsp;&nbsp;_printf_char
</UL>

<P><STRONG><a name="[47]"></a>_printf_char</STRONG> (Thumb, 16 bytes, Stack size 0 bytes, _printf_char.o(.text))
<BR><BR>[Stack]<UL><LI>Max Depth = 40<LI>Call Chain = _printf_char &rArr; _printf_cs_common &rArr; _printf_str &rArr; _printf_post_padding
</UL>
<BR>[Calls]<UL><LI><a href="#[1a1]">&gt;&gt;</a>&nbsp;&nbsp;&nbsp;_printf_cs_common
</UL>
<BR>[Called By]<UL><LI><a href="#[44]">&gt;&gt;</a>&nbsp;&nbsp;&nbsp;_printf_c
</UL>

<P><STRONG><a name="[49]"></a>_printf_string</STRONG> (Thumb, 8 bytes, Stack size 0 bytes, _printf_char.o(.text))
<BR><BR>[Stack]<UL><LI>Max Depth = 40<LI>Call Chain = _printf_string &rArr; _printf_cs_common &rArr; _printf_str &rArr; _printf_post_padding
</UL>
<BR>[Calls]<UL><LI><a href="#[1a1]">&gt;&gt;</a>&nbsp;&nbsp;&nbsp;_printf_cs_common
</UL>
<BR>[Called By]<UL><LI><a href="#[46]">&gt;&gt;</a>&nbsp;&nbsp;&nbsp;_printf_s
</UL>

<P><STRONG><a name="[182]"></a>_printf_char_file</STRONG> (Thumb, 34 bytes, Stack size 16 bytes, _printf_char_file.o(.text))
<BR><BR>[Stack]<UL><LI>Max Depth = 112 + Unknown Stack Size
<LI>Call Chain = _printf_char_file &rArr; _printf_char_common &rArr; __printf
</UL>
<BR>[Calls]<UL><LI><a href="#[1a3]">&gt;&gt;</a>&nbsp;&nbsp;&nbsp;ferror
<LI><a href="#[183]">&gt;&gt;</a>&nbsp;&nbsp;&nbsp;_printf_char_common
</UL>
<BR>[Called By]<UL><LI><a href="#[aa]">&gt;&gt;</a>&nbsp;&nbsp;&nbsp;__2printf
</UL>

<P><STRONG><a name="[190]"></a>_chval</STRONG> (Thumb, 30 bytes, Stack size 0 bytes, _chval.o(.text))
<BR><BR>[Called By]<UL><LI><a href="#[1a5]">&gt;&gt;</a>&nbsp;&nbsp;&nbsp;_strtoul
<LI><a href="#[18f]">&gt;&gt;</a>&nbsp;&nbsp;&nbsp;_scanf_int
</UL>

<P><STRONG><a name="[18e]"></a>__vfscanf_char</STRONG> (Thumb, 28 bytes, Stack size 8 bytes, scanf_char.o(.text))
<BR><BR>[Stack]<UL><LI>Max Depth = 144<LI>Call Chain = __vfscanf_char &rArr; __vfscanf &rArr; _scanf_string
</UL>
<BR>[Calls]<UL><LI><a href="#[1a4]">&gt;&gt;</a>&nbsp;&nbsp;&nbsp;__vfscanf
</UL>
<BR>[Called By]<UL><LI><a href="#[136]">&gt;&gt;</a>&nbsp;&nbsp;&nbsp;__0sscanf
</UL>

<P><STRONG><a name="[36]"></a>_sgetc</STRONG> (Thumb, 32 bytes, Stack size 0 bytes, _sgetc.o(.text))
<BR>[Address Reference Count : 1]<UL><LI> __0sscanf.o(.text)
</UL>
<P><STRONG><a name="[37]"></a>_sbackspace</STRONG> (Thumb, 36 bytes, Stack size 0 bytes, _sgetc.o(.text))
<BR>[Address Reference Count : 1]<UL><LI> __0sscanf.o(.text)
</UL>
<P><STRONG><a name="[192]"></a>strtol</STRONG> (Thumb, 108 bytes, Stack size 32 bytes, strtol.o(.text))
<BR><BR>[Stack]<UL><LI>Max Depth = 72<LI>Call Chain = strtol &rArr; _strtoul
</UL>
<BR>[Calls]<UL><LI><a href="#[1a5]">&gt;&gt;</a>&nbsp;&nbsp;&nbsp;_strtoul
<LI><a href="#[191]">&gt;&gt;</a>&nbsp;&nbsp;&nbsp;__aeabi_errno_addr
<LI><a href="#[14a]">&gt;&gt;</a>&nbsp;&nbsp;&nbsp;__rt_ctype_table
</UL>
<BR>[Called By]<UL><LI><a href="#[170]">&gt;&gt;</a>&nbsp;&nbsp;&nbsp;atol
<LI><a href="#[14b]">&gt;&gt;</a>&nbsp;&nbsp;&nbsp;atoi
</UL>

<P><STRONG><a name="[193]"></a>__strtok_internal</STRONG> (Thumb, 66 bytes, Stack size 24 bytes, strtok_int.o(.text))
<BR><BR>[Stack]<UL><LI>Max Depth = 36<LI>Call Chain = __strtok_internal &rArr; strspn
</UL>
<BR>[Calls]<UL><LI><a href="#[1a6]">&gt;&gt;</a>&nbsp;&nbsp;&nbsp;strspn
<LI><a href="#[1a7]">&gt;&gt;</a>&nbsp;&nbsp;&nbsp;strcspn
</UL>
<BR>[Called By]<UL><LI><a href="#[140]">&gt;&gt;</a>&nbsp;&nbsp;&nbsp;strtok
</UL>

<P><STRONG><a name="[189]"></a>__rt_udiv10</STRONG> (Thumb, 40 bytes, Stack size 0 bytes, rtudiv10.o(.text))
<BR><BR>[Called By]<UL><LI><a href="#[42]">&gt;&gt;</a>&nbsp;&nbsp;&nbsp;_printf_int_dec
</UL>

<P><STRONG><a name="[225]"></a>__user_libspace</STRONG> (Thumb, 8 bytes, Stack size 0 bytes, libspace.o(.text), UNUSED)

<P><STRONG><a name="[1ae]"></a>__user_perproc_libspace</STRONG> (Thumb, 0 bytes, Stack size 0 bytes, libspace.o(.text))
<BR><BR>[Called By]<UL><LI><a href="#[50]">&gt;&gt;</a>&nbsp;&nbsp;&nbsp;__user_setup_stackheap
</UL>

<P><STRONG><a name="[226]"></a>__user_perthread_libspace</STRONG> (Thumb, 0 bytes, Stack size 0 bytes, libspace.o(.text), UNUSED)

<P><STRONG><a name="[3b]"></a>isspace</STRONG> (Thumb, 18 bytes, Stack size 8 bytes, isspace.o(.text))
<BR><BR>[Stack]<UL><LI>Max Depth = 16<LI>Call Chain = isspace &rArr; __rt_ctype_table
</UL>
<BR>[Calls]<UL><LI><a href="#[14a]">&gt;&gt;</a>&nbsp;&nbsp;&nbsp;__rt_ctype_table
</UL>
<BR>[Address Reference Count : 1]<UL><LI> scanf_char.o(.text)
</UL>
<P><STRONG><a name="[1a4]"></a>__vfscanf</STRONG> (Thumb, 892 bytes, Stack size 88 bytes, _scanf.o(.text))
<BR><BR>[Stack]<UL><LI>Max Depth = 136<LI>Call Chain = __vfscanf &rArr; _scanf_string
</UL>
<BR>[Calls]<UL><LI><a href="#[1aa]">&gt;&gt;</a>&nbsp;&nbsp;&nbsp;_scanf_wstring (Weak Reference)
<LI><a href="#[1ad]">&gt;&gt;</a>&nbsp;&nbsp;&nbsp;_scanf_wctomb (Weak Reference)
<LI><a href="#[1a8]">&gt;&gt;</a>&nbsp;&nbsp;&nbsp;_scanf_real (Weak Reference)
<LI><a href="#[1ab]">&gt;&gt;</a>&nbsp;&nbsp;&nbsp;_scanf_mbtowc (Weak Reference)
<LI><a href="#[1a9]">&gt;&gt;</a>&nbsp;&nbsp;&nbsp;_scanf_longlong (Weak Reference)
<LI><a href="#[1ac]">&gt;&gt;</a>&nbsp;&nbsp;&nbsp;_scanf_string
<LI><a href="#[18f]">&gt;&gt;</a>&nbsp;&nbsp;&nbsp;_scanf_int
</UL>
<BR>[Called By]<UL><LI><a href="#[18e]">&gt;&gt;</a>&nbsp;&nbsp;&nbsp;__vfscanf_char
</UL>

<P><STRONG><a name="[1a5]"></a>_strtoul</STRONG> (Thumb, 166 bytes, Stack size 40 bytes, _strtoul.o(.text))
<BR><BR>[Stack]<UL><LI>Max Depth = 40<LI>Call Chain = _strtoul
</UL>
<BR>[Calls]<UL><LI><a href="#[190]">&gt;&gt;</a>&nbsp;&nbsp;&nbsp;_chval
<LI><a href="#[191]">&gt;&gt;</a>&nbsp;&nbsp;&nbsp;__aeabi_errno_addr
</UL>
<BR>[Called By]<UL><LI><a href="#[192]">&gt;&gt;</a>&nbsp;&nbsp;&nbsp;strtol
</UL>

<P><STRONG><a name="[1a7]"></a>strcspn</STRONG> (Thumb, 34 bytes, Stack size 12 bytes, strcspn.o(.text))
<BR><BR>[Stack]<UL><LI>Max Depth = 12<LI>Call Chain = strcspn
</UL>
<BR>[Called By]<UL><LI><a href="#[193]">&gt;&gt;</a>&nbsp;&nbsp;&nbsp;__strtok_internal
</UL>

<P><STRONG><a name="[1a6]"></a>strspn</STRONG> (Thumb, 32 bytes, Stack size 12 bytes, strspn.o(.text))
<BR><BR>[Stack]<UL><LI>Max Depth = 12<LI>Call Chain = strspn
</UL>
<BR>[Called By]<UL><LI><a href="#[193]">&gt;&gt;</a>&nbsp;&nbsp;&nbsp;__strtok_internal
</UL>

<P><STRONG><a name="[50]"></a>__user_setup_stackheap</STRONG> (Thumb, 62 bytes, Stack size 8 bytes, sys_stackheap_outer.o(.text))
<BR><BR>[Stack]<UL><LI>Max Depth = 8<LI>Call Chain = __user_setup_stackheap
</UL>
<BR>[Calls]<UL><LI><a href="#[1af]">&gt;&gt;</a>&nbsp;&nbsp;&nbsp;__user_initial_stackheap
<LI><a href="#[1ae]">&gt;&gt;</a>&nbsp;&nbsp;&nbsp;__user_perproc_libspace
</UL>
<BR>[Called By]<UL><LI><a href="#[4f]">&gt;&gt;</a>&nbsp;&nbsp;&nbsp;__rt_entry_sh
</UL>

<P><STRONG><a name="[55]"></a>exit</STRONG> (Thumb, 12 bytes, Stack size 0 bytes, exit.o(.text))
<BR><BR>[Calls]<UL><LI><a href="#[1b1]">&gt;&gt;</a>&nbsp;&nbsp;&nbsp;__rt_exit
<LI><a href="#[1b0]">&gt;&gt;</a>&nbsp;&nbsp;&nbsp;_call_atexit_fns (Weak Reference)
</UL>
<BR>[Called By]<UL><LI><a href="#[53]">&gt;&gt;</a>&nbsp;&nbsp;&nbsp;__rt_entry_main
</UL>

<P><STRONG><a name="[227]"></a>__decompress</STRONG> (Thumb, 0 bytes, Stack size unknown bytes, __dczerorl2.o(.text), UNUSED)

<P><STRONG><a name="[228]"></a>__decompress1</STRONG> (Thumb, 86 bytes, Stack size unknown bytes, __dczerorl2.o(.text), UNUSED)

<P><STRONG><a name="[8c]"></a>__ARM_common_switch8</STRONG> (Thumb, 26 bytes, Stack size 8 bytes, socket.o(i.__ARM_common_switch8))
<BR><BR>[Stack]<UL><LI>Max Depth = 8<LI>Call Chain = __ARM_common_switch8
</UL>
<BR>[Called By]<UL><LI><a href="#[b4]">&gt;&gt;</a>&nbsp;&nbsp;&nbsp;DHCP_run
<LI><a href="#[9c]">&gt;&gt;</a>&nbsp;&nbsp;&nbsp;ctlnetwork
<LI><a href="#[95]">&gt;&gt;</a>&nbsp;&nbsp;&nbsp;ctlwizchip
<LI><a href="#[8e]">&gt;&gt;</a>&nbsp;&nbsp;&nbsp;getsockopt
<LI><a href="#[8d]">&gt;&gt;</a>&nbsp;&nbsp;&nbsp;setsockopt
<LI><a href="#[8b]">&gt;&gt;</a>&nbsp;&nbsp;&nbsp;ctlsocket
<LI><a href="#[12d]">&gt;&gt;</a>&nbsp;&nbsp;&nbsp;proc_SEGCP
<LI><a href="#[11f]">&gt;&gt;</a>&nbsp;&nbsp;&nbsp;clear_data_transfer_bytecount
<LI><a href="#[d9]">&gt;&gt;</a>&nbsp;&nbsp;&nbsp;set_device_status
<LI><a href="#[b9]">&gt;&gt;</a>&nbsp;&nbsp;&nbsp;dns_answer
</UL>

<P><STRONG><a name="[18c]"></a>_is_digit</STRONG> (Thumb, 14 bytes, Stack size 0 bytes, __printf_wp.o(i._is_digit))
<BR><BR>[Called By]<UL><LI><a href="#[18b]">&gt;&gt;</a>&nbsp;&nbsp;&nbsp;__printf
</UL>

<P><STRONG><a name="[34]"></a>_get_lc_ctype</STRONG> (Thumb, 44 bytes, Stack size 8 bytes, lc_ctype_c.o(locale$$code))
<BR><BR>[Stack]<UL><LI>Max Depth = 24<LI>Call Chain = _get_lc_ctype &rArr; strcmp
</UL>
<BR>[Calls]<UL><LI><a href="#[12f]">&gt;&gt;</a>&nbsp;&nbsp;&nbsp;strcmp
</UL>
<BR>[Called By]<UL><LI><a href="#[4e]">&gt;&gt;</a>&nbsp;&nbsp;&nbsp;__rt_lib_init_lc_ctype_2
</UL>
<BR>[Address Reference Count : 1]<UL><LI> rt_ctype_table.o(.text)
</UL>
<P><STRONG><a name="[229]"></a>__aeabi_fadd</STRONG> (Thumb, 0 bytes, Stack size 16 bytes, faddsub.o(x$fpl$fadd), UNUSED)

<P><STRONG><a name="[1b2]"></a>_fadd</STRONG> (Thumb, 134 bytes, Stack size 16 bytes, faddsub.o(x$fpl$fadd), UNUSED)
<BR><BR>[Calls]<UL><LI><a href="#[1b3]">&gt;&gt;</a>&nbsp;&nbsp;&nbsp;_fsub1
</UL>

<P><STRONG><a name="[6d]"></a>__aeabi_frsub</STRONG> (Thumb, 0 bytes, Stack size 16 bytes, faddsub.o(x$fpl$frsb))
<BR><BR>[Stack]<UL><LI>Max Depth = 16<LI>Call Chain = __aeabi_frsub
</UL>
<BR>[Called By]<UL><LI><a href="#[67]">&gt;&gt;</a>&nbsp;&nbsp;&nbsp;UART_Init
</UL>

<P><STRONG><a name="[1b4]"></a>_frsb</STRONG> (Thumb, 24 bytes, Stack size 16 bytes, faddsub.o(x$fpl$frsb), UNUSED)
<BR><BR>[Calls]<UL><LI><a href="#[1b3]">&gt;&gt;</a>&nbsp;&nbsp;&nbsp;_fsub1
<LI><a href="#[1b5]">&gt;&gt;</a>&nbsp;&nbsp;&nbsp;_fadd1
</UL>

<P><STRONG><a name="[22a]"></a>__aeabi_fsub</STRONG> (Thumb, 0 bytes, Stack size 16 bytes, faddsub.o(x$fpl$fsub), UNUSED)

<P><STRONG><a name="[1b6]"></a>_fsub</STRONG> (Thumb, 204 bytes, Stack size 16 bytes, faddsub.o(x$fpl$fsub), UNUSED)
<BR><BR>[Calls]<UL><LI><a href="#[1b5]">&gt;&gt;</a>&nbsp;&nbsp;&nbsp;_fadd1
</UL>
<P>
<H3>
Local Symbols
</H3>
<P><STRONG><a name="[e4]"></a>W7500x_Init</STRONG> (Thumb, 72 bytes, Stack size 8 bytes, main.o(.text))
<BR><BR>[Stack]<UL><LI>Max Depth = 40<LI>Call Chain = W7500x_Init &rArr; SystemInit_User &rArr; SystemCoreClockUpdate_User
</UL>
<BR>[Calls]<UL><LI><a href="#[5c]">&gt;&gt;</a>&nbsp;&nbsp;&nbsp;SystemInit_User
<LI><a href="#[69]">&gt;&gt;</a>&nbsp;&nbsp;&nbsp;GetSystemClock
<LI><a href="#[f0]">&gt;&gt;</a>&nbsp;&nbsp;&nbsp;UART2_Configuration
<LI><a href="#[ef]">&gt;&gt;</a>&nbsp;&nbsp;&nbsp;Timer_Configuration
<LI><a href="#[ee]">&gt;&gt;</a>&nbsp;&nbsp;&nbsp;Supervisory_IC_Init
<LI><a href="#[5a]">&gt;&gt;</a>&nbsp;&nbsp;&nbsp;__aeabi_uidivmod
</UL>
<BR>[Called By]<UL><LI><a href="#[54]">&gt;&gt;</a>&nbsp;&nbsp;&nbsp;main
</UL>

<P><STRONG><a name="[19a]"></a>_dadd1</STRONG> (Thumb, 290 bytes, Stack size 20 bytes, daddsub.o(.text), UNUSED)
<BR><BR>[Called By]<UL><LI><a href="#[19c]">&gt;&gt;</a>&nbsp;&nbsp;&nbsp;_drsb
<LI><a href="#[19b]">&gt;&gt;</a>&nbsp;&nbsp;&nbsp;_dsub
<LI><a href="#[198]">&gt;&gt;</a>&nbsp;&nbsp;&nbsp;_dadd
</UL>

<P><STRONG><a name="[199]"></a>_dsub1</STRONG> (Thumb, 470 bytes, Stack size 40 bytes, daddsub.o(.text), UNUSED)
<BR><BR>[Called By]<UL><LI><a href="#[19c]">&gt;&gt;</a>&nbsp;&nbsp;&nbsp;_drsb
<LI><a href="#[19b]">&gt;&gt;</a>&nbsp;&nbsp;&nbsp;_dsub
<LI><a href="#[198]">&gt;&gt;</a>&nbsp;&nbsp;&nbsp;_dadd
</UL>

<P><STRONG><a name="[1b5]"></a>_fadd1</STRONG> (Thumb, 0 bytes, Stack size unknown bytes, faddsub.o(x$fpl$fadd), UNUSED)
<BR><BR>[Called By]<UL><LI><a href="#[1b6]">&gt;&gt;</a>&nbsp;&nbsp;&nbsp;_fsub
<LI><a href="#[1b4]">&gt;&gt;</a>&nbsp;&nbsp;&nbsp;_frsb
</UL>

<P><STRONG><a name="[1b3]"></a>_fsub1</STRONG> (Thumb, 0 bytes, Stack size unknown bytes, faddsub.o(x$fpl$fsub), UNUSED)
<BR><BR>[Called By]<UL><LI><a href="#[1b4]">&gt;&gt;</a>&nbsp;&nbsp;&nbsp;_frsb
<LI><a href="#[1b2]">&gt;&gt;</a>&nbsp;&nbsp;&nbsp;_fadd
</UL>

<P><STRONG><a name="[38]"></a>_printf_input_char</STRONG> (Thumb, 10 bytes, Stack size 0 bytes, _printf_char_common.o(.text))
<BR>[Address Reference Count : 1]<UL><LI> _printf_char_common.o(.text)
</UL>
<P><STRONG><a name="[3a]"></a>_scanf_char_input</STRONG> (Thumb, 12 bytes, Stack size 0 bytes, scanf_char.o(.text))
<BR>[Address Reference Count : 1]<UL><LI> scanf_char.o(.text)
</UL><P>
<H3>
Undefined Global Symbols
</H3>
<P><STRONG><a name="[1b0]"></a>_call_atexit_fns</STRONG> (ARM, 0 bytes, Stack size 0 bytes, UNDEFINED)
<BR><BR>[Called By]<UL><LI><a href="#[55]">&gt;&gt;</a>&nbsp;&nbsp;&nbsp;exit
</UL>

<P><STRONG><a name="[1a2]"></a>_printf_mbtowc</STRONG> (ARM, 0 bytes, Stack size 0 bytes, UNDEFINED)
<BR><BR>[Called By]<UL><LI><a href="#[1a1]">&gt;&gt;</a>&nbsp;&nbsp;&nbsp;_printf_cs_common
</UL>

<P><STRONG><a name="[187]"></a>_printf_truncate_signed</STRONG> (ARM, 0 bytes, Stack size 0 bytes, UNDEFINED)
<BR><BR>[Called By]<UL><LI><a href="#[42]">&gt;&gt;</a>&nbsp;&nbsp;&nbsp;_printf_int_dec
</UL>

<P><STRONG><a name="[188]"></a>_printf_truncate_unsigned</STRONG> (ARM, 0 bytes, Stack size 0 bytes, UNDEFINED)
<BR><BR>[Called By]<UL><LI><a href="#[45]">&gt;&gt;</a>&nbsp;&nbsp;&nbsp;_printf_int_hex
<LI><a href="#[42]">&gt;&gt;</a>&nbsp;&nbsp;&nbsp;_printf_int_dec
</UL>

<P><STRONG><a name="[1a9]"></a>_scanf_longlong</STRONG> (ARM, 0 bytes, Stack size 0 bytes, UNDEFINED)
<BR><BR>[Called By]<UL><LI><a href="#[1a4]">&gt;&gt;</a>&nbsp;&nbsp;&nbsp;__vfscanf
</UL>

<P><STRONG><a name="[1ab]"></a>_scanf_mbtowc</STRONG> (ARM, 0 bytes, Stack size 0 bytes, UNDEFINED)
<BR><BR>[Called By]<UL><LI><a href="#[1a4]">&gt;&gt;</a>&nbsp;&nbsp;&nbsp;__vfscanf
</UL>

<P><STRONG><a name="[1a8]"></a>_scanf_real</STRONG> (ARM, 0 bytes, Stack size 0 bytes, UNDEFINED)
<BR><BR>[Called By]<UL><LI><a href="#[1a4]">&gt;&gt;</a>&nbsp;&nbsp;&nbsp;__vfscanf
</UL>

<P><STRONG><a name="[1ad]"></a>_scanf_wctomb</STRONG> (ARM, 0 bytes, Stack size 0 bytes, UNDEFINED)
<BR><BR>[Called By]<UL><LI><a href="#[1a4]">&gt;&gt;</a>&nbsp;&nbsp;&nbsp;__vfscanf
</UL>

<P><STRONG><a name="[1aa]"></a>_scanf_wstring</STRONG> (ARM, 0 bytes, Stack size 0 bytes, UNDEFINED)
<BR><BR>[Called By]<UL><LI><a href="#[1a4]">&gt;&gt;</a>&nbsp;&nbsp;&nbsp;__vfscanf
</UL>
<HR></body></html>
