Product: MDK-ARM Standard 5.10
Component: ARM Compiler 5.04 update 1 (build 49)
Tool: armlink [5040049]

==============================================================================

Section Cross References

    startup_w7500x.o(STACK) refers (Special) to heapauxi.o(.text) for __use_two_region_memory
    startup_w7500x.o(HEAP) refers (Special) to heapauxi.o(.text) for __use_two_region_memory
    startup_w7500x.o(RESET) refers (Special) to heapauxi.o(.text) for __use_two_region_memory
    startup_w7500x.o(RESET) refers to startup_w7500x.o(STACK) for __initial_sp
    startup_w7500x.o(RESET) refers to startup_w7500x.o(.text) for Reset_Handler
    startup_w7500x.o(RESET) refers to w7500x_it.o(.text) for NMI_Handler
    startup_w7500x.o(.text) refers (Special) to heapauxi.o(.text) for __use_two_region_memory
    startup_w7500x.o(.text) refers to system_w7500x.o(.text) for SystemInit
    startup_w7500x.o(.text) refers to __main.o(!!!main) for __main
    startup_w7500x.o(.text) refers to startup_w7500x.o(HEAP) for Heap_Mem
    startup_w7500x.o(.text) refers to startup_w7500x.o(STACK) for Stack_Mem
    system_w7500x.o(.text) refers to aeabi_sdiv.o(.text) for __aeabi_uidivmod
    system_w7500x.o(.text) refers to system_w7500x.o(.data) for .data
    w7500x_uart.o(.text) refers to system_w7500x.o(.text) for GetPLLSource
    w7500x_uart.o(.text) refers to aeabi_sdiv.o(.text) for __aeabi_uidivmod
    w7500x_uart.o(.text) refers to fflti.o(.text) for __aeabi_ui2f
    w7500x_uart.o(.text) refers to fdiv.o(.text) for __aeabi_fdiv
    w7500x_uart.o(.text) refers to ffixui.o(.text) for __aeabi_f2uiz
    w7500x_uart.o(.text) refers to faddsub.o(x$fpl$frsb) for __aeabi_frsub
    w7500x_uart.o(.text) refers to fscalbn.o(.text) for __ARM_scalbnf
    w7500x_uart.o(.text) refers to f2d.o(.text) for __aeabi_f2d
    w7500x_uart.o(.text) refers to daddsub.o(.text) for __aeabi_dadd
    w7500x_uart.o(.text) refers to dfixui.o(.text) for __aeabi_d2uiz
    w7500x_dma.o(.text) refers to _printf_percent.o(.ARM.Collect$$_printf_percent$$00000000) for _printf_percent
    w7500x_dma.o(.text) refers to _printf_x.o(.ARM.Collect$$_printf_percent$$0000000C) for _printf_x
    w7500x_dma.o(.text) refers to _printf_hex_int.o(.text) for _printf_longlong_hex
    w7500x_dma.o(.text) refers to _printf_d.o(.ARM.Collect$$_printf_percent$$00000009) for _printf_d
    w7500x_dma.o(.text) refers to _printf_dec.o(.text) for _printf_int_dec
    w7500x_dma.o(.text) refers to __2printf.o(.text) for __2printf
    w7500x_dma.o(.text) refers to w7500x_dma.o(.data) for .data
    socket.o(.text) refers to w7500x_wztoe.o(.text) for WIZCHIP_WRITE
    socket.o(.text) refers to socket.o(.data) for .data
    socket.o(.text) refers to socket.o(.bss) for .bss
    socket.o(.text) refers to socket.o(i.__ARM_common_switch8) for __ARM_common_switch8
    wizchip_conf.o(.text) refers to w7500x_wztoe.o(.text) for WIZCHIP_READ
    wizchip_conf.o(.text) refers to socket.o(i.__ARM_common_switch8) for __ARM_common_switch8
    wizchip_conf.o(.text) refers to wizchip_conf.o(.data) for .data
    wizchip_conf.o(.data) refers to wizchip_conf.o(.text) for wizchip_cris_enter
    w7500x_miim.o(.text) refers to w7500x_gpio.o(.text) for GPIO_SetBits
    w7500x_miim.o(.text) refers to main.o(.text) for delay
    w7500x_miim.o(.text) refers to __2printf.o(.text) for __2printf
    w7500x_miim.o(.text) refers to w7500x_miim.o(.data) for .data
    dhcp.o(.text) refers to w7500x_wztoe.o(.text) for WIZCHIP_WRITE
    dhcp.o(.text) refers to socket.o(.text) for sendto
    dhcp.o(.text) refers to dhcp.o(.data) for .data
    dhcp.o(.text) refers to socket.o(i.__ARM_common_switch8) for __ARM_common_switch8
    dhcp.o(.data) refers to dhcp.o(.text) for default_ip_assign
    dns.o(.text) refers to socket.o(i.__ARM_common_switch8) for __ARM_common_switch8
    dns.o(.text) refers to rt_memclr.o(.text) for __aeabi_memclr
    dns.o(.text) refers to strcpy.o(.text) for strcpy
    dns.o(.text) refers to strlen.o(.text) for strlen
    dns.o(.text) refers to strchr.o(.text) for strchr
    dns.o(.text) refers to strncpy.o(.text) for strncpy
    dns.o(.text) refers to socket.o(.text) for socket
    dns.o(.text) refers to dns.o(.data) for .data
    loopback.o(.text) refers to _printf_percent.o(.ARM.Collect$$_printf_percent$$00000000) for _printf_percent
    loopback.o(.text) refers to _printf_d.o(.ARM.Collect$$_printf_percent$$00000009) for _printf_d
    loopback.o(.text) refers to _printf_dec.o(.text) for _printf_int_dec
    loopback.o(.text) refers to w7500x_wztoe.o(.text) for WIZCHIP_READ
    loopback.o(.text) refers to __2printf.o(.text) for __2printf
    loopback.o(.text) refers to socket.o(.text) for recv
    dhcp_cb.o(.text) refers to configdata.o(.text) for get_DevConfig_pointer
    dhcp_cb.o(.text) refers to dhcp.o(.text) for getIPfromDHCP
    dhcp_cb.o(.text) refers to wizchip_conf.o(.text) for ctlnetwork
    w7500x_it.o(.text) refers to main.o(.text) for TimingDelay_Decrement
[...]
    __scatterload                            0x000070b1   Thumb Code     0  __scatter.o(!!!scatter)
    __scatterload_rt2                        0x000070b1   Thumb Code    52  __scatter.o(!!!scatter)
    __scatterload_rt2_thumb_only             0x000070b1   Thumb Code     0  __scatter.o(!!!scatter)
    __scatterload_null                       0x000070c1   Thumb Code     0  __scatter.o(!!!scatter)
    __scatterload_zeroinit                   0x000070ed   Thumb Code    28  __scatter_zi.o(!!handler_zi)
    _printf_percent                          0x00007109   Thumb Code     0  _printf_percent.o(.ARM.Collect$$_printf_percent$$00000000)
    _printf_d                                0x0000710b   Thumb Code     0  _printf_d.o(.ARM.Collect$$_printf_percent$$00000009)
    _printf_u                                0x00007115   Thumb Code     0  _printf_u.o(.ARM.Collect$$_printf_percent$$0000000A)
    _printf_x                                0x0000711f   Thumb Code     0  _printf_x.o(.ARM.Collect$$_printf_percent$$0000000C)
    _printf_c                                0x00007129   Thumb Code     0  _printf_c.o(.ARM.Collect$$_printf_percent$$00000013)
    _printf_s                                0x00007133   Thumb Code     0  _printf_s.o(.ARM.Collect$$_printf_percent$$00000014)
    _printf_percent_end                      0x0000713d   Thumb Code     0  _printf_percent_end.o(.ARM.Collect$$_printf_percent$$00000017)
    __rt_lib_init                            0x00007141   Thumb Code     0  libinit.o(.ARM.Collect$$libinit$$00000000)
    __rt_lib_init_fp_1                       0x00007143   Thumb Code     0  libinit2.o(.ARM.Collect$$libinit$$00000001)
    __rt_lib_init_heap_1                     0x00007147   Thumb Code     0  libinit2.o(.ARM.Collect$$libinit$$00000008)
    __rt_lib_init_rand_2                     0x00007147   Thumb Code     0  libinit2.o(.ARM.Collect$$libinit$$0000000B)
    __rt_lib_init_user_alloc_1               0x00007147   Thumb Code     0  libinit2.o(.ARM.Collect$$libinit$$0000000A)
    __rt_lib_init_lc_common                  0x0000714b   Thumb Code     0  libinit2.o(.ARM.Collect$$libinit$$0000000D)
    __rt_lib_init_rand_1                     0x0000714b   Thumb Code     0  libinit2.o(.ARM.Collect$$libinit$$0000000C)
    __rt_lib_init_lc_collate_1               0x00007151   Thumb Code     0  libinit2.o(.ARM.Collect$$libinit$$0000000F)
    __rt_lib_init_lc_ctype_2                 0x00007151   Thumb Code     0  libinit2.o(.ARM.Collect$$libinit$$00000010)
    __rt_lib_init_alloca_1                   0x0000715d   Thumb Code     0  libinit2.o(.ARM.Collect$$libinit$$0000002C)
    __rt_lib_init_argv_1                     0x0000715d   Thumb Code     0  libinit2.o(.ARM.Collect$$libinit$$0000002A)
    __rt_lib_init_atexit_1                   0x0000715d   Thumb Code     0  libinit2.o(.ARM.Collect$$libinit$$00000019)
    __rt_lib_init_clock_1                    0x0000715d   Thumb Code     0  libinit2.o(.ARM.Collect$$libinit$$0000001F)
    __rt_lib_init_cpp_1                      0x0000715d   Thumb Code     0  libinit2.o(.ARM.Collect$$libinit$$00000030)
    __rt_lib_init_exceptions_1               0x0000715d   Thumb Code     0  libinit2.o(.ARM.Collect$$libinit$$0000002E)
    __rt_lib_init_fp_trap_1                  0x0000715d   Thumb Code     0  libinit2.o(.ARM.Collect$$libinit$$0000001D)
    __rt_lib_init_getenv_1                   0x0000715d   Thumb Code     0  libinit2.o(.ARM.Collect$$libinit$$00000021)
    __rt_lib_init_lc_ctype_1                 0x0000715d   Thumb Code     0  libinit2.o(.ARM.Collect$$libinit$$00000011)
    __rt_lib_init_lc_monetary_1              0x0000715d   Thumb Code     0  libinit2.o(.ARM.Collect$$libinit$$00000013)
    __rt_lib_init_lc_numeric_1               0x0000715d   Thumb Code     0  libinit2.o(.ARM.Collect$$libinit$$00000015)
    __rt_lib_init_lc_time_1                  0x0000715d   Thumb Code     0  libinit2.o(.ARM.Collect$$libinit$$00000017)
    __rt_lib_init_return                     0x0000715d   Thumb Code     0  libinit2.o(.ARM.Collect$$libinit$$00000031)
    __rt_lib_init_signal_1                   0x0000715d   Thumb Code     0  libinit2.o(.ARM.Collect$$libinit$$0000001B)
    __rt_lib_init_stdio_1                    0x0000715d   Thumb Code     0  libinit2.o(.ARM.Collect$$libinit$$00000023)
    __rt_lib_shutdown                        0x0000715f   Thumb Code     0  libshutdown.o(.ARM.Collect$$libshutdown$$00000000)
    __rt_lib_shutdown_fp_trap_1              0x00007161   Thumb Code     0  libshutdown2.o(.ARM.Collect$$libshutdown$$00000006)
    __rt_lib_shutdown_heap_1                 0x00007161   Thumb Code     0  libshutdown2.o(.ARM.Collect$$libshutdown$$0000000E)
    __rt_lib_shutdown_return                 0x00007161   Thumb Code     0  libshutdown2.o(.ARM.Collect$$libshutdown$$0000000F)
    __rt_lib_shutdown_signal_1               0x00007161   Thumb Code     0  libshutdown2.o(.ARM.Collect$$libshutdown$$00000009)
    __rt_lib_shutdown_stdio_1                0x00007161   Thumb Code     0  libshutdown2.o(.ARM.Collect$$libshutdown$$00000003)
    __rt_lib_shutdown_user_alloc_1           0x00007161   Thumb Code     0  libshutdown2.o(.ARM.Collect$$libshutdown$$0000000B)
    __rt_entry                               0x00007163   Thumb Code     0  rtentry.o(.ARM.Collect$$rtentry$$00000000)
    __rt_entry_presh_1                       0x00007163   Thumb Code     0  rtentry2.o(.ARM.Collect$$rtentry$$00000002)
    __rt_entry_sh                            0x00007163   Thumb Code     0  rtentry4.o(.ARM.Collect$$rtentry$$00000004)
    __rt_entry_li                            0x00007169   Thumb Code     0  rtentry2.o(.ARM.Collect$$rtentry$$0000000A)
    __rt_entry_postsh_1                      0x00007169   Thumb Code     0  rtentry2.o(.ARM.Collect$$rtentry$$00000009)
    __rt_entry_main                          0x0000716d   Thumb Code     0  rtentry2.o(.ARM.Collect$$rtentry$$0000000D)
    __rt_entry_postli_1                      0x0000716d   Thumb Code     0  rtentry2.o(.ARM.Collect$$rtentry$$0000000C)
    __rt_exit                                0x00007175   Thumb Code     0  rtexit.o(.ARM.Collect$$rtexit$$00000000)
    __rt_exit_ls                             0x00007177   Thumb Code     0  rtexit2.o(.ARM.Collect$$rtexit$$00000003)
    __rt_exit_prels_1                        0x00007177   Thumb Code     0  rtexit2.o(.ARM.Collect$$rtexit$$00000002)
    __rt_exit_exit                           0x0000717b   Thumb Code     0  rtexit2.o(.ARM.Collect$$rtexit$$00000004)
    rand                                     0x00007181   Thumb Code    52  rand.o(.emb_text)
    __aeabi_memcpy4                          0x000071b9   Thumb Code    56  rt_memcpy.o(.emb_text)
    __aeabi_memcpy8                          0x000071b9   Thumb Code     0  rt_memcpy.o(.emb_text)
    Reset_Handler                            0x000071f1   Thumb Code     8  startup_w7500x.o(.text)
    RTC_Handler                              0x00007203   Thumb Code     0  startup_w7500x.o(.text)
    __user_initial_stackheap                 0x00007205   Thumb Code    10  startup_w7500x.o(.text)
    GetSystemClock                           0x00007229   Thumb Code     6  system_w7500x.o(.text)
    GetSourceClock                           0x0000722f   Thumb Code     6  system_w7500x.o(.text)
    GetPLLSource                             0x00007235   Thumb Code     6  system_w7500x.o(.text)
    SystemInit                               0x0000723b   Thumb Code    68  system_w7500x.o(.text)
    SystemCoreClockUpdate_User               0x0000727f   Thumb Code   114  system_w7500x.o(.text)
    SystemInit_User                          0x000072f1   Thumb Code    20  system_w7500x.o(.text)
    ADC_PowerDownEnable                      0x0000731d   Thumb Code    18  w7500x_adc.o(.text)
    ADC_ChannelSelect                        0x0000732f   Thumb Code     8  w7500x_adc.o(.text)
    ADC_Start                                0x00007337   Thumb Code    10  w7500x_adc.o(.text)
    ADC_ReadData                             0x00007341   Thumb Code    10  w7500x_adc.o(.text)
    ADC_InterruptMask                        0x0000734b   Thumb Code    14  w7500x_adc.o(.text)
    ADC_IsEOC                                0x00007359   Thumb Code    16  w7500x_adc.o(.text)
    ADC_InterruptClear                       0x00007369   Thumb Code    10  w7500x_adc.o(.text)
    ADC_Init                                 0x00007373   Thumb Code     4  w7500x_adc.o(.text)
    ADC_DeInit                               0x00007377   Thumb Code    16  w7500x_adc.o(.text)
    DUALTIMER_ClockEnable                    0x00007389   Thumb Code    48  w7500x_dualtimer.o(.text)
    DUALTIMER_ClockDisable                   0x000073b9   Thumb Code    50  w7500x_dualtimer.o(.text)
    DUALTIMER_Stop                           0x000073eb   Thumb Code    10  w7500x_dualtimer.o(.text)
    DUALTIMER_DeInit                         0x000073f5   Thumb Code    20  w7500x_dualtimer.o(.text)
    DUALTIMER_Init                           0x00007409   Thumb Code    44  w7500x_dualtimer.o(.text)
    DUALTIMER_IntConfig                      0x00007435   Thumb Code    18  w7500x_dualtimer.o(.text)
    DUALTIMER_IntClear                       0x00007447   Thumb Code     6  w7500x_dualtimer.o(.text)
    DUALTIMER_GetIntStatus                   0x0000744d   Thumb Code     6  w7500x_dualtimer.o(.text)
    DUALTIMER_GetIntEnableStatus             0x00007453   Thumb Code     8  w7500x_dualtimer.o(.text)
    DUALTIMER_Start                          0x0000745b   Thumb Code    10  w7500x_dualtimer.o(.text)
    DUALTIMER_GetTimerLoad                   0x00007465   Thumb Code     4  w7500x_dualtimer.o(.text)
    DUALTIMER_SetTimerLoad                   0x00007469   Thumb Code     4  w7500x_dualtimer.o(.text)
    DUALTIMER_GetTimerValue                  0x0000746d   Thumb Code     4  w7500x_dualtimer.o(.text)
    DUALTIMER_GetTimerControl                0x00007471   Thumb Code     4  w7500x_dualtimer.o(.text)
    DUALTIMER_SetTimerControl                0x00007475   Thumb Code     4  w7500x_dualtimer.o(.text)
    DUALTIMER_GetTimerRIS                    0x00007479   Thumb Code     4  w7500x_dualtimer.o(.text)
    DUALTIMER_GetTimerMIS                    0x0000747d   Thumb Code     4  w7500x_dualtimer.o(.text)
    DUALTIMER_GetTimerBGLoad                 0x00007481   Thumb Code     4  w7500x_dualtimer.o(.text)
    DUALTIMER_SetTimerBGLoad                 0x00007485   Thumb Code     4  w7500x_dualtimer.o(.text)
    GPIO_DeInit                              0x00007491   Thumb Code    78  w7500x_gpio.o(.text)
    GPIO_Init                                0x000074df   Thumb Code   194  w7500x_gpio.o(.text)
    GPIO_StructInit                          0x000075a1   Thumb Code    14  w7500x_gpio.o(.text)
    GPIO_ReadInputDataBit                    0x000075af   Thumb Code    14  w7500x_gpio.o(.text)
    GPIO_ReadInputData                       0x000075bd   Thumb Code     6  w7500x_gpio.o(.text)
    GPIO_ReadOutputDataBit                   0x000075c3   Thumb Code    14  w7500x_gpio.o(.text)
    GPIO_ReadOutputData                      0x000075d1   Thumb Code     6  w7500x_gpio.o(.text)
    GPIO_SetBits                             0x000075d7   Thumb Code    28  w7500x_gpio.o(.text)
    GPIO_ResetBits                           0x000075f3   Thumb Code    32  w7500x_gpio.o(.text)
    GPIO_WriteBit                            0x00007613   Thumb Code    30  w7500x_gpio.o(.text)
    GPIO_Write                               0x00007631   Thumb Code     4  w7500x_gpio.o(.text)
    GPIO_INT_Enable_Bits                     0x00007635   Thumb Code    26  w7500x_gpio.o(.text)
    GPIO_INT_Enable                          0x0000764f   Thumb Code    16  w7500x_gpio.o(.text)
    GPIO_INT_Polarity_Bits                   0x0000765f   Thumb Code    20  w7500x_gpio.o(.text)
    GPIO_INT_Polarity                        0x00007673   Thumb Code    14  w7500x_gpio.o(.text)
    GPIO_INT_Clear                           0x00007681   Thumb Code     6  w7500x_gpio.o(.text)
    GPIO_Read_INTstatus                      0x00007687   Thumb Code    14  w7500x_gpio.o(.text)
    PAD_AFConfig                             0x00007695   Thumb Code    80  w7500x_gpio.o(.text)
    GPIO_Configuration                       0x000076e5   Thumb Code    64  w7500x_gpio.o(.text)
    GPIO_INT_Configuration                   0x00007725   Thumb Code   116  w7500x_gpio.o(.text)
    UART_StructInit                          0x000077a9   Thumb Code    26  w7500x_uart.o(.text)
    UART_DeInit                              0x000077c3   Thumb Code     2  w7500x_uart.o(.text)
    UART_Init                                0x000077c5   Thumb Code   182  w7500x_uart.o(.text)
    UART_FIFO_Enable                         0x0000787b   Thumb Code    24  w7500x_uart.o(.text)
    UART_FIFO_Disable                        0x00007893   Thumb Code    10  w7500x_uart.o(.text)
    UART_SendData                            0x0000789d   Thumb Code     4  w7500x_uart.o(.text)
    UART_ReceiveData                         0x000078a1   Thumb Code     6  w7500x_uart.o(.text)
    UART_SendBreak                           0x000078a7   Thumb Code    10  w7500x_uart.o(.text)
    UART_GetRecvStatus                       0x000078b1   Thumb Code    14  w7500x_uart.o(.text)
    UART_ClearRecvStatus                     0x000078bf   Thumb Code     4  w7500x_uart.o(.text)
    UART_GetFlagStatus                       0x000078c3   Thumb Code    14  w7500x_uart.o(.text)
    UART_ITConfig                            0x000078d1   Thumb Code    20  w7500x_uart.o(.text)
    UART_GetITStatus                         0x000078e5   Thumb Code    14  w7500x_uart.o(.text)
    UART_ClearITPendingBit                   0x000078f3   Thumb Code     8  w7500x_uart.o(.text)
    S_UART_DeInit                            0x000078fb   Thumb Code     2  w7500x_uart.o(.text)
    S_UART_SetBaud                           0x000078fd   Thumb Code    40  w7500x_uart.o(.text)
    S_UART_Init                              0x00007925   Thumb Code    24  w7500x_uart.o(.text)
    S_UART_SendData                          0x0000793d   Thumb Code    12  w7500x_uart.o(.text)
    S_UART_ReceiveData                       0x00007949   Thumb Code     8  w7500x_uart.o(.text)
    S_UART_GetFlagStatus                     0x00007951   Thumb Code    16  w7500x_uart.o(.text)
    S_UART_SetCTRL                           0x00007961   Thumb Code    18  w7500x_uart.o(.text)
    S_UART_ITConfig                          0x00007973   Thumb Code    18  w7500x_uart.o(.text)
    S_UART_GetITStatus                       0x00007985   Thumb Code    16  w7500x_uart.o(.text)
    S_UART_ClearITPendingBit                 0x00007995   Thumb Code    10  w7500x_uart.o(.text)
    UartPutc                                 0x0000799f   Thumb Code    12  w7500x_uart.o(.text)
    UartPuts                                 0x000079ab   Thumb Code    28  w7500x_uart.o(.text)
    UartGetc                                 0x000079c7   Thumb Code    12  w7500x_uart.o(.text)
    S_UartPutc                               0x000079d3   Thumb Code    12  w7500x_uart.o(.text)
    S_UartPuts                               0x000079df   Thumb Code    24  w7500x_uart.o(.text)
    S_UartGetc                               0x000079f7   Thumb Code    14  w7500x_uart.o(.text)
    WIZCHIP_READ                             0x00007a1d   Thumb Code     4  w7500x_wztoe.o(.text)
    WIZCHIP_WRITE                            0x00007a21   Thumb Code     4  w7500x_wztoe.o(.text)
    WIZCHIP_READ_BUF                         0x00007a25   Thumb Code    24  w7500x_wztoe.o(.text)
    WIZCHIP_WRITE_BUF                        0x00007a3d   Thumb Code    24  w7500x_wztoe.o(.text)
    wiz_send_data                            0x00007a55   Thumb Code    40  w7500x_wztoe.o(.text)
    wiz_recv_data                            0x00007a7d   Thumb Code    40  w7500x_wztoe.o(.text)
    wiz_recv_ignore                          0x00007aa5   Thumb Code    32  w7500x_wztoe.o(.text)
    close                                    0x00007ad1   Thumb Code    96  socket.o(.text)
    socket                                   0x00007b31   Thumb Code   214  socket.o(.text)
    listen                                   0x00007c07   Thumb Code   110  socket.o(.text)
    connect                                  0x00007c75   Thumb Code   264  socket.o(.text)
    disconnect                               0x00007d7d   Thumb Code   132  socket.o(.text)
    send                                     0x00007e01   Thumb Code   288  socket.o(.text)
    recv                                     0x00007f21   Thumb Code   206  socket.o(.text)
    sendto                                   0x00007fef   Thumb Code   348  socket.o(.text)
    recvfrom                                 0x0000814b   Thumb Code   450  socket.o(.text)
    ctlsocket                                0x0000830d   Thumb Code   170  socket.o(.text)
    setsockopt                               0x000083b7   Thumb Code   208  socket.o(.text)
    getsockopt                               0x00008487   Thumb Code   234  socket.o(.text)
    wizchip_cris_enter                       0x00008585   Thumb Code     2  wizchip_conf.o(.text)
    wizchip_cris_exit                        0x00008587   Thumb Code     2  wizchip_conf.o(.text)
    wizchip_cs_select                        0x00008589   Thumb Code     2  wizchip_conf.o(.text)
    wizchip_cs_deselect                      0x0000858b   Thumb Code     2  wizchip_conf.o(.text)
    wizchip_bus_readbyte                     0x0000858d   Thumb Code     4  wizchip_conf.o(.text)
    wizchip_bus_writebyte                    0x00008591   Thumb Code     4  wizchip_conf.o(.text)
    wizchip_spi_readbyte                     0x00008595   Thumb Code     4  wizchip_conf.o(.text)
    wizchip_spi_writebyte                    0x00008599   Thumb Code     2  wizchip_conf.o(.text)
    reg_wizchip_cris_cbfunc                  0x0000859b   Thumb Code    26  wizchip_conf.o(.text)
    reg_wizchip_cs_cbfunc                    0x000085b5   Thumb Code    26  wizchip_conf.o(.text)
    reg_wizchip_bus_cbfunc                   0x000085cf   Thumb Code    34  wizchip_conf.o(.text)
    reg_wizchip_spi_cbfunc                   0x000085f1   Thumb Code    34  wizchip_conf.o(.text)
    wizphy_getphylink                        0x00008613   Thumb Code     6  wizchip_conf.o(.text)
    wizphy_getphypmode                       0x00008619   Thumb Code     6  wizchip_conf.o(.text)
    wizchip_getinterruptmask                 0x0000861f   Thumb Code    26  wizchip_conf.o(.text)
    wizchip_setinterruptmask                 0x00008639   Thumb Code    28  wizchip_conf.o(.text)
    wizchip_getinterrupt                     0x00008655   Thumb Code    28  wizchip_conf.o(.text)
    wizchip_clrinterrupt                     0x00008671   Thumb Code    30  wizchip_conf.o(.text)
    wizchip_sw_reset                         0x0000868f   Thumb Code   332  wizchip_conf.o(.text)
    wizchip_init                             0x000087db   Thumb Code   118  wizchip_conf.o(.text)
    ctlwizchip                               0x00008851   Thumb Code   114  wizchip_conf.o(.text)
    wizchip_gettimeout                       0x000088c3   Thumb Code    24  wizchip_conf.o(.text)
    wizchip_settimeout                       0x000088db   Thumb Code    24  wizchip_conf.o(.text)
    wizchip_getnetmode                       0x000088f3   Thumb Code    10  wizchip_conf.o(.text)
    wizchip_setnetmode                       0x000088fd   Thumb Code    38  wizchip_conf.o(.text)
    wizchip_getnetinfo                       0x00008923   Thumb Code   264  wizchip_conf.o(.text)
    wizchip_setnetinfo                       0x00008a2b   Thumb Code   210  wizchip_conf.o(.text)
    ctlnetwork                               0x00008afd   Thumb Code    74  wizchip_conf.o(.text)
    idle_MDIO                                0x00008b51   Thumb Code    40  w7500x_miim.o(.text)
    input_MDIO                               0x00008b79   Thumb Code    58  w7500x_miim.o(.text)
    turnaround_MDIO                          0x00008bb3   Thumb Code    46  w7500x_miim.o(.text)
    output_MDIO                              0x00008be1   Thumb Code    74  w7500x_miim.o(.text)
    mdio_read                                0x00008c2b   Thumb Code    72  w7500x_miim.o(.text)
    link                                     0x00008c73   Thumb Code    18  w7500x_miim.o(.text)
    mdio_write                               0x00008c85   Thumb Code    78  w7500x_miim.o(.text)
    set_link                                 0x00008cd3   Thumb Code    24  w7500x_miim.o(.text)
    phy_id                                   0x00008ceb   Thumb Code    98  w7500x_miim.o(.text)
    mdio_init                                0x00008d4d   Thumb Code    66  w7500x_miim.o(.text)
    default_ip_assign                        0x00008db5   Thumb Code   128  dhcp.o(.text)
    default_ip_update                        0x00008e35   Thumb Code    88  dhcp.o(.text)
    default_ip_conflict                      0x00008e8d   Thumb Code    84  dhcp.o(.text)
    reg_dhcp_cbfunc                          0x00008ee1   Thumb Code    38  dhcp.o(.text)
    makeDHCPMSG                              0x00008f07   Thumb Code   190  dhcp.o(.text)
    send_DHCP_DISCOVER                       0x00008fc5   Thumb Code   358  dhcp.o(.text)
    send_DHCP_REQUEST                        0x0000912b   Thumb Code   558  dhcp.o(.text)
    send_DHCP_DECLINE                        0x00009359   Thumb Code   256  dhcp.o(.text)
    parseDHCPMSG                             0x00009459   Thumb Code   304  dhcp.o(.text)
    reset_DHCP_timeout                       0x00009589   Thumb Code    16  dhcp.o(.text)
    check_DHCP_timeout                       0x00009599   Thumb Code   104  dhcp.o(.text)
    check_DHCP_leasedIP                      0x00009601   Thumb Code   112  dhcp.o(.text)
    DHCP_run                                 0x00009671   Thumb Code   284  dhcp.o(.text)
    DHCP_stop                                0x0000978d   Thumb Code    16  dhcp.o(.text)
    DHCP_init                                0x0000979d   Thumb Code   332  dhcp.o(.text)
    DHCP_time_handler                        0x000098e9   Thumb Code    10  dhcp.o(.text)
    getIPfromDHCP                            0x000098f3   Thumb Code    22  dhcp.o(.text)
    getGWfromDHCP                            0x00009909   Thumb Code    22  dhcp.o(.text)
    getSNfromDHCP                            0x0000991f   Thumb Code    22  dhcp.o(.text)
    getDNSfromDHCP                           0x00009935   Thumb Code    22  dhcp.o(.text)
    getDHCPLeasetime                         0x0000994b   Thumb Code     6  dhcp.o(.text)
    get16                                    0x00009961   Thumb Code    12  dns.o(.text)
    put16                                    0x0000996d   Thumb Code    10  dns.o(.text)
    parse_name                               0x00009977   Thumb Code   122  dns.o(.text)
    dns_question                             0x000099f1   Thumb Code    30  dns.o(.text)
    dns_answer                               0x00009a0f   Thumb Code   168  dns.o(.text)
    parseDNSMSG                              0x00009ab7   Thumb Code   210  dns.o(.text)
    dns_makequery                            0x00009b89   Thumb Code   172  dns.o(.text)
    check_DNS_timeout                        0x00009c35   Thumb Code    36  dns.o(.text)
    DNS_init                                 0x00009c59   Thumb Code    12  dns.o(.text)
    DNS_run                                  0x00009c65   Thumb Code   148  dns.o(.text)
    DNS_time_handler                         0x00009cf9   Thumb Code    10  dns.o(.text)
    loopback_tcps                            0x00009d11   Thumb Code   298  loopback.o(.text)
    loopback_tcpc                            0x00009e3b   Thumb Code   252  loopback.o(.text)
    loopback_udps                            0x00009f37   Thumb Code   166  loopback.o(.text)
    loopback_iperf                           0x00009fdd   Thumb Code   246  loopback.o(.text)
    w7500x_dhcp_assign                       0x0000a1f5   Thumb Code   136  dhcp_cb.o(.text)
    w7500x_dhcp_conflict                     0x0000a27d   Thumb Code     2  dhcp_cb.o(.text)
    NMI_Handler                              0x0000a281   Thumb Code     2  w7500x_it.o(.text)
    HardFault_Handler                        0x0000a283   Thumb Code     2  w7500x_it.o(.text)
    SVC_Handler                              0x0000a285   Thumb Code     2  w7500x_it.o(.text)
    PendSV_Handler                           0x0000a287   Thumb Code     2  w7500x_it.o(.text)
    SysTick_Handler                          0x0000a289   Thumb Code     8  w7500x_it.o(.text)
    SSP0_Handler                             0x0000a291   Thumb Code     2  w7500x_it.o(.text)
    SSP1_Handler                             0x0000a293   Thumb Code     2  w7500x_it.o(.text)
    UART0_Handler                            0x0000a295   Thumb Code    10  w7500x_it.o(.text)
    UART1_Handler                            0x0000a29f   Thumb Code    10  w7500x_it.o(.text)
    UART2_Handler                            0x0000a2a9   Thumb Code     2  w7500x_it.o(.text)
    I2C0_Handler                             0x0000a2ab   Thumb Code     2  w7500x_it.o(.text)
    I2C1_Handler                             0x0000a2ad   Thumb Code     2  w7500x_it.o(.text)
    PORT0_Handler                            0x0000a2af   Thumb Code     2  w7500x_it.o(.text)
    PORT1_Handler                            0x0000a2b1   Thumb Code     2  w7500x_it.o(.text)
    PORT2_Handler                            0x0000a2b3   Thumb Code     2  w7500x_it.o(.text)
    PORT3_Handler                            0x0000a2b5   Thumb Code     2  w7500x_it.o(.text)
    DMA_Handler                              0x0000a2b7   Thumb Code     2  w7500x_it.o(.text)
    DUALTIMER0_Handler                       0x0000a2b9   Thumb Code     8  w7500x_it.o(.text)
    DUALTIMER1_Handler                       0x0000a2c1   Thumb Code     2  w7500x_it.o(.text)
    PWM0_Handler                             0x0000a2c3   Thumb Code     2  w7500x_it.o(.text)
    PWM1_Handler                             0x0000a2c5   Thumb Code     2  w7500x_it.o(.text)
    PWM2_Handler                             0x0000a2c7   Thumb Code     2  w7500x_it.o(.text)
    PWM3_Handler                             0x0000a2c9   Thumb Code     2  w7500x_it.o(.text)
    PWM4_Handler                             0x0000a2cb   Thumb Code     2  w7500x_it.o(.text)
    PWM5_Handler                             0x0000a2cd   Thumb Code     2  w7500x_it.o(.text)
    PWM6_Handler                             0x0000a2cf   Thumb Code     2  w7500x_it.o(.text)
    PWM7_Handler                             0x0000a2d1   Thumb Code     2  w7500x_it.o(.text)
    ADC_Handler                              0x0000a2d3   Thumb Code     2  w7500x_it.o(.text)
    WZTOE_Handler                            0x0000a2d5   Thumb Code     2  w7500x_it.o(.text)
    EXTI_Handler                             0x0000a2d7   Thumb Code     2  w7500x_it.o(.text)
    fputc                                    0x0000a2e1   Thumb Code    10  retarget.o(.text)
    fgetc                                    0x0000a2eb   Thumb Code    12  retarget.o(.text)
    ferror                                   0x0000a2f7   Thumb Code     6  retarget.o(.text)
    _ttywrch                                 0x0000a2fd   Thumb Code    10  retarget.o(.text)
    _sys_exit                                0x0000a307   Thumb Code     2  retarget.o(.text)
    display_Dev_Info_dns                     0x0000a309   Thumb Code    76  main.o(.text)
    process_dns                              0x0000a355   Thumb Code   106  main.o(.text)
    display_Dev_Info_dhcp                    0x0000a3bf   Thumb Code    44  main.o(.text)
    process_dhcp                             0x0000a3eb   Thumb Code    70  main.o(.text)
    display_Dev_Info_main                    0x0000a431   Thumb Code  1676  main.o(.text)
    display_Dev_Info_header                  0x0000aabd   Thumb Code    62  main.o(.text)
    main                                     0x0000aafb   Thumb Code   268  main.o(.text)
    delay                                    0x0000ac07   Thumb Code    16  main.o(.text)
    TimingDelay_Decrement                    0x0000ac17   Thumb Code    16  main.o(.text)
    LED_Init                                 0x0000af31   Thumb Code    60  w7500x_board.o(.text)
    init_boot_entry_pin                      0x0000af6d   Thumb Code    24  w7500x_board.o(.text)
    init_phylink_in_pin                      0x0000af85   Thumb Code    18  w7500x_board.o(.text)
    get_hw_trig_pin                          0x0000af97   Thumb Code    46  w7500x_board.o(.text)
    init_hw_trig_pin                         0x0000afc5   Thumb Code    24  w7500x_board.o(.text)
    W7500x_Board_Init                        0x0000afdd   Thumb Code    74  w7500x_board.o(.text)
    Supervisory_IC_Init                      0x0000b027   Thumb Code    12  w7500x_board.o(.text)
    get_phylink_in_pin                       0x0000b033   Thumb Code    14  w7500x_board.o(.text)
    init_uart_if_sel_pin                     0x0000b041   Thumb Code     2  w7500x_board.o(.text)
    get_uart_if_sel_pin                      0x0000b043   Thumb Code     4  w7500x_board.o(.text)
    get_boot_entry_pin                       0x0000b047   Thumb Code    16  w7500x_board.o(.text)
    LED_On                                   0x0000b057   Thumb Code    24  w7500x_board.o(.text)
    LED_Off                                  0x0000b06f   Thumb Code    24  w7500x_board.o(.text)
    LED_Toggle                               0x0000b087   Thumb Code    24  w7500x_board.o(.text)
    get_LED_Status                           0x0000b09f   Thumb Code    20  w7500x_board.o(.text)
    set_device_status                        0x0000b0c5   Thumb Code    76  seg.o(.text)
    add_data_transfer_bytecount              0x0000b111   Thumb Code    96  seg.o(.text)
    check_connect_pw_auth                    0x0000b171   Thumb Code    68  seg.o(.text)
    ether_to_uart                            0x0000b1b5   Thumb Code   408  seg.o(.text)
    get_serial_data                          0x0000b34d   Thumb Code   260  seg.o(.text)
    uart_to_ether                            0x0000b451   Thumb Code   336  seg.o(.text)
    proc_SEG_udp                             0x0000b5a1   Thumb Code   164  seg.o(.text)
    get_tcp_any_port                         0x0000b645   Thumb Code    58  seg.o(.text)
    reset_SEG_timeflags                      0x0000b67f   Thumb Code    28  seg.o(.text)
    process_socket_termination               0x0000b69b   Thumb Code    60  seg.o(.text)
    send_keepalive_packet_manual             0x0000b6d7   Thumb Code    12  seg.o(.text)
    check_tcp_connect_exception              0x0000b6e3   Thumb Code   280  seg.o(.text)
    proc_SEG_tcp_mixed                       0x0000b7fb   Thumb Code  1086  seg.o(.text)
    proc_SEG_tcp_server                      0x0000bc39   Thumb Code   720  seg.o(.text)
    proc_SEG_tcp_client                      0x0000bf09   Thumb Code   576  seg.o(.text)
    init_trigger_modeswitch                  0x0000c149   Thumb Code   126  seg.o(.text)
    do_seg                                   0x0000c1c7   Thumb Code   140  seg.o(.text)
    get_device_status                        0x0000c253   Thumb Code    12  seg.o(.text)
    restore_serial_data                      0x0000c25f   Thumb Code    62  seg.o(.text)
    check_modeswitch_trigger                 0x0000c29d   Thumb Code   312  seg.o(.text)
    check_serial_store_permitted             0x0000c3d5   Thumb Code    82  seg.o(.text)
    init_time_delimiter_timer                0x0000c427   Thumb Code    56  seg.o(.text)
    clear_data_transfer_bytecount            0x0000c45f   Thumb Code    42  seg.o(.text)
    get_data_transfer_bytecount              0x0000c489   Thumb Code    38  seg.o(.text)
    seg_timer_msec                           0x0000c4af   Thumb Code   168  seg.o(.text)
    seg_timer_sec                            0x0000c557   Thumb Code    28  seg.o(.text)
    get_DevConfig_pointer                    0x0000c57d   Thumb Code     4  configdata.o(.text)
    set_DevConfig_to_factory_value           0x0000c581   Thumb Code   364  configdata.o(.text)
    load_DevConfig_from_storage              0x0000c6ed   Thumb Code    80  configdata.o(.text)
    save_DevConfig_to_storage                0x0000c73d   Thumb Code    16  configdata.o(.text)
    get_DevConfig_value                      0x0000c74d   Thumb Code     8  configdata.o(.text)
    set_DevConfig_value                      0x0000c755   Thumb Code     8  configdata.o(.text)
    set_DevConfig                            0x0000c75d   Thumb Code    90  configdata.o(.text)
    get_DevConfig                            0x0000c7b7   Thumb Code    88  configdata.o(.text)
    display_Net_Info                         0x0000c80f   Thumb Code   252  configdata.o(.text)
    Mac_Conf                                 0x0000c90b   Thumb Code    64  configdata.o(.text)
    Net_Conf                                 0x0000c94b   Thumb Code   470  configdata.o(.text)
    set_dhcp_mode                            0x0000cb21   Thumb Code     8  configdata.o(.text)
    set_static_mode                          0x0000cb29   Thumb Code     8  configdata.o(.text)
    set_mac                                  0x0000cb31   Thumb Code    16  configdata.o(.text)
    parse_SEGCP                              0x0000cb45   Thumb Code   138  segcp.o(.text)
    proc_SEGCP                               0x0000cbcf   Thumb Code  2946  segcp.o(.text)
    uart_get_commandline                     0x0000d751   Thumb Code   102  segcp.o(.text)
    proc_SEGCP_uart                          0x0000d7b7   Thumb Code   114  segcp.o(.text)
    send_keepalive_packet_configtool         0x0000d829   Thumb Code    12  segcp.o(.text)
    proc_SEGCP_tcp                           0x0000d835   Thumb Code   472  segcp.o(.text)
    proc_SEGCP_udp                           0x0000da0d   Thumb Code   326  segcp.o(.text)
    do_segcp                                 0x0000db53   Thumb Code   280  segcp.o(.text)
    segcp_timer_msec                         0x0000dc6b   Thumb Code    46  segcp.o(.text)
    is_ipaddr                                0x0000dd2d   Thumb Code   150  util.o(.text)
    is_hexstr                                0x0000ddc3   Thumb Code    48  util.o(.text)
    is_hex                                   0x0000ddf3   Thumb Code    60  util.o(.text)
    str_to_hex                               0x0000de2f   Thumb Code   112  util.o(.text)
    is_macaddr                               0x0000de9f   Thumb Code   108  util.o(.text)
    conv_hexstr                              0x0000df0b   Thumb Code    66  util.o(.text)
    mid                                      0x0000df4d   Thumb Code    50  util.o(.text)
    DO_IAP                                   0x0000df85   Thumb Code    18  flashhandler.o(.text)
    erase_flash_sector                       0x0000df97   Thumb Code    70  flashhandler.o(.text)
    erase_flash_block                        0x0000dfdd   Thumb Code    34  flashhandler.o(.text)
    write_flash                              0x0000dfff   Thumb Code    76  flashhandler.o(.text)
    read_flash                               0x0000e04b   Thumb Code    20  flashhandler.o(.text)
    read_storage                             0x0000e0c9   Thumb Code    50  storagehandler.o(.text)
    erase_storage                            0x0000e0fb   Thumb Code    92  storagehandler.o(.text)
    write_storage                            0x0000e157   Thumb Code    64  storagehandler.o(.text)
    Timer_Configuration                      0x0000e1a1   Thumb Code    70  timerhandler.o(.text)
    Timer_IRQ_Handler                        0x0000e1e7   Thumb Code   154  timerhandler.o(.text)
    getDeviceUptime_hour                     0x0000e281   Thumb Code     6  timerhandler.o(.text)
    getDeviceUptime_min                      0x0000e287   Thumb Code     6  timerhandler.o(.text)
    getDeviceUptime_sec                      0x0000e28d   Thumb Code     6  timerhandler.o(.text)
    getDeviceUptime_msec                     0x0000e293   Thumb Code     6  timerhandler.o(.text)
    set_phylink_time_check                   0x0000e299   Thumb Code    14  timerhandler.o(.text)
    get_phylink_downtime                     0x0000e2a7   Thumb Code     6  timerhandler.o(.text)
    S2E_UART_IRQ_Handler                     0x0000e2c1   Thumb Code   116  uarthandler.o(.text)
    uart_rs485_rs422_init                    0x0000e335   Thumb Code    60  uarthandler.o(.text)
    get_uart_rs485_sel                       0x0000e371   Thumb Code    92  uarthandler.o(.text)
    set_uart_rts_pin_low                     0x0000e3cd   Thumb Code    32  uarthandler.o(.text)
    serial_info_init                         0x0000e3ed   Thumb Code   256  uarthandler.o(.text)
    S2E_UART_Configuration                   0x0000e4ed   Thumb Code   114  uarthandler.o(.text)
    UART2_Configuration                      0x0000e55f   Thumb Code    12  uarthandler.o(.text)
    set_uart_rts_pin_high                    0x0000e56b   Thumb Code    32  uarthandler.o(.text)
    check_uart_flow_control                  0x0000e58b   Thumb Code   268  uarthandler.o(.text)
    uart_putc                                0x0000e697   Thumb Code   204  uarthandler.o(.text)
    uart_puts                                0x0000e763   Thumb Code    58  uarthandler.o(.text)
    uart_getc                                0x0000e79d   Thumb Code    48  uarthandler.o(.text)
    uart_getc_nonblk                         0x0000e7cd   Thumb Code    50  uarthandler.o(.text)
    uart_gets                                0x0000e7ff   Thumb Code   146  uarthandler.o(.text)
    uart_rx_flush                            0x0000e891   Thumb Code    12  uarthandler.o(.text)
    uart_rs485_enable                        0x0000e89d   Thumb Code    48  uarthandler.o(.text)
    uart_rs485_disable                       0x0000e8cd   Thumb Code    48  uarthandler.o(.text)
    get_uart_cts_pin                         0x0000e8fd   Thumb Code    62  uarthandler.o(.text)
    device_set_factory_default               0x0000e965   Thumb Code    12  devicehandler.o(.text)
    device_socket_termination                0x0000e971   Thumb Code    20  devicehandler.o(.text)
    device_reboot                            0x0000e985   Thumb Code    26  devicehandler.o(.text)
    reset_fw_update_timer                    0x0000e99f   Thumb Code    18  devicehandler.o(.text)
    get_any_port                             0x0000e9b1   Thumb Code    36  devicehandler.o(.text)
    gen_http_fw_request                      0x0000e9d5   Thumb Code    64  devicehandler.o(.text)
    get_firmware_from_server                 0x0000ea15   Thumb Code   500  devicehandler.o(.text)
    get_firmware_from_network                0x0000ec09   Thumb Code   240  devicehandler.o(.text)
    process_dns_fw_server                    0x0000ecf9   Thumb Code    54  devicehandler.o(.text)
    device_firmware_update                   0x0000ed2f   Thumb Code   664  devicehandler.o(.text)
    device_timer_msec                        0x0000efc7   Thumb Code    78  devicehandler.o(.text)
    get_user_io_bitorder                     0x0000f19d   Thumb Code    28  gpiohandler.o(.text)
    init_user_io                             0x0000f1b9   Thumb Code   174  gpiohandler.o(.text)
    get_user_io_enabled                      0x0000f267   Thumb Code    30  gpiohandler.o(.text)
    set_flowcontrol_dtr_pin                  0x0000f285   Thumb Code    28  gpiohandler.o(.text)
    init_flowcontrol_dsr_pin                 0x0000f2a1   Thumb Code    18  gpiohandler.o(.text)
    init_tcpconnection_status_pin            0x0000f2b3   Thumb Code    30  gpiohandler.o(.text)
    init_flowcontrol_dtr_pin                 0x0000f2d1   Thumb Code    30  gpiohandler.o(.text)
    init_phylink_status_pin                  0x0000f2ef   Thumb Code    30  gpiohandler.o(.text)
    init_connection_status_io                0x0000f30d   Thumb Code    44  gpiohandler.o(.text)
    IO_Configuration                         0x0000f339   Thumb Code    90  gpiohandler.o(.text)
    set_user_io_enable                       0x0000f393   Thumb Code    58  gpiohandler.o(.text)
    set_user_io_direction                    0x0000f3cd   Thumb Code    70  gpiohandler.o(.text)
    set_user_io_type                         0x0000f413   Thumb Code    98  gpiohandler.o(.text)
    get_user_io_type                         0x0000f475   Thumb Code    30  gpiohandler.o(.text)
    get_user_io_direction                    0x0000f493   Thumb Code    30  gpiohandler.o(.text)
    read_ADC                                 0x0000f4b1   Thumb Code    24  gpiohandler.o(.text)
    get_user_io_val                          0x0000f4c9   Thumb Code   126  gpiohandler.o(.text)
    set_user_io_val                          0x0000f547   Thumb Code   130  gpiohandler.o(.text)
    set_connection_status_io                 0x0000f5c9   Thumb Code   112  gpiohandler.o(.text)
    get_connection_status_io                 0x0000f639   Thumb Code    58  gpiohandler.o(.text)
    get_flowcontrol_dsr_pin                  0x0000f673   Thumb Code    16  gpiohandler.o(.text)
    check_phylink_status                     0x0000f683   Thumb Code    38  gpiohandler.o(.text)
    gpio_handler_timer_msec                  0x0000f6a9   Thumb Code    36  gpiohandler.o(.text)
    __I$use$semihosting                      0x0000f6d9   Thumb Code     0  use_no_semi.o(.text)
    __use_no_semihosting_swi                 0x0000f6d9   Thumb Code     2  use_no_semi.o(.text)
    __rt_ctype_table                         0x0000f6dd   Thumb Code    16  rt_ctype_table.o(.text)
    toupper                                  0x0000f6ed   Thumb Code    30  toupper.o(.text)
    __2printf                                0x0000f70d   Thumb Code    22  __2printf.o(.text)
    __2sprintf                               0x0000f729   Thumb Code    40  __2sprintf.o(.text)
    _printf_pre_padding                      0x0000f755   Thumb Code    44  _printf_pad.o(.text)
    _printf_post_padding                     0x0000f781   Thumb Code    34  _printf_pad.o(.text)
    _printf_str                              0x0000f7a3   Thumb Code    82  _printf_str.o(.text)
    _printf_int_dec                          0x0000f7f5   Thumb Code    90  _printf_dec.o(.text)
    _printf_int_hex                          0x0000f861   Thumb Code    84  _printf_hex_int.o(.text)
    _printf_longlong_hex                     0x0000f861   Thumb Code     0  _printf_hex_int.o(.text)
    __printf                                 0x0000f8b9   Thumb Code   386  __printf_flags_ss_wp.o(.text)
    __0sscanf                                0x0000fa41   Thumb Code    54  __0sscanf.o(.text)
    _scanf_int                               0x0000fa81   Thumb Code   330  _scanf_int.o(.text)
    _scanf_string                            0x0000fbcb   Thumb Code   228  _scanf_str.o(.text)
    atoi                                     0x0000fcaf   Thumb Code    26  atoi.o(.text)
    atol                                     0x0000fcc9   Thumb Code    26  atol.o(.text)
    srand                                    0x0000fce5   Thumb Code    44  rand.o(.text)
    _rand_init                               0x0000fd11   Thumb Code     4  rand.o(.text)
    strtok                                   0x0000fd21   Thumb Code    10  strtok.o(.text)
    strchr                                   0x0000fd31   Thumb Code    20  strchr.o(.text)
    strstr                                   0x0000fd45   Thumb Code    40  strstr.o(.text)
    memcmp                                   0x0000fd6d   Thumb Code    90  memcmp.o(.text)
    strcpy                                   0x0000fdc9   Thumb Code    70  strcpy.o(.text)
    strlen                                   0x0000fe15   Thumb Code    62  strlen.o(.text)
    strncmp                                  0x0000fe59   Thumb Code   154  strncmp.o(.text)
    strcat                                   0x0000fef9   Thumb Code    24  strcat.o(.text)
    __aeabi_memcpy                           0x0000ff11   Thumb Code   130  rt_memcpy.o(.text)
    __rt_memcpy                              0x0000ff11   Thumb Code     0  rt_memcpy.o(.text)
    _memset_w                                0x0000ff93   Thumb Code    26  rt_memclr.o(.text)
    _memset                                  0x0000ffad   Thumb Code    30  rt_memclr.o(.text)
    __aeabi_memclr                           0x0000ffcb   Thumb Code     4  rt_memclr.o(.text)
    __rt_memclr                              0x0000ffcb   Thumb Code     0  rt_memclr.o(.text)
    __aeabi_memclr4                          0x0000ffcf   Thumb Code     0  rt_memclr.o(.text)
    __aeabi_memclr8                          0x0000ffcf   Thumb Code     0  rt_memclr.o(.text)
    __rt_memclr_w                            0x0000ffcf   Thumb Code     4  rt_memclr.o(.text)
    strncpy                                  0x0000ffd5   Thumb Code   104  strncpy.o(.text)
    strcmp                                   0x00010041   Thumb Code   132  strcmp.o(.text)
    __aeabi_uread4                           0x000100c9   Thumb Code    34  uread4.o(.text)
    __rt_uread4                              0x000100c9   Thumb Code     0  uread4.o(.text)
    __aeabi_uwrite4                          0x000100eb   Thumb Code    16  uwrite4.o(.text)
    __rt_uwrite4                             0x000100eb   Thumb Code     0  uwrite4.o(.text)
    __aeabi_uidiv                            0x000100fb   Thumb Code     0  aeabi_sdiv.o(.text)
    __aeabi_uidivmod                         0x000100fb   Thumb Code    20  aeabi_sdiv.o(.text)
    __aeabi_idiv                             0x0001010f   Thumb Code     0  aeabi_sdiv.o(.text)
    __aeabi_idivmod                          0x0001010f   Thumb Code   326  aeabi_sdiv.o(.text)
    __use_two_region_memory                  0x00010255   Thumb Code     2  heapauxi.o(.text)
    __rt_heap_escrow$2region                 0x00010257   Thumb Code     2  heapauxi.o(.text)
    __rt_heap_expand$2region                 0x00010259   Thumb Code     2  heapauxi.o(.text)
    __aeabi_dadd                             0x00010555   Thumb Code     0  daddsub.o(.text)
    _dadd                                    0x00010555   Thumb Code    22  daddsub.o(.text)
    __aeabi_dsub                             0x0001056b   Thumb Code     0  daddsub.o(.text)
    _dsub                                    0x0001056b   Thumb Code    22  daddsub.o(.text)
    __aeabi_drsub                            0x00010581   Thumb Code     0  daddsub.o(.text)
    _drsb                                    0x00010581   Thumb Code    24  daddsub.o(.text)
    __aeabi_d2uiz                            0x000105ad   Thumb Code     0  dfixui.o(.text)
    _dfixu                                   0x000105ad   Thumb Code    64  dfixui.o(.text)
    __aeabi_f2d                              0x000105f1   Thumb Code     0  f2d.o(.text)
    _f2d                                     0x000105f1   Thumb Code    80  f2d.o(.text)
    __aeabi_fdiv                             0x00010645   Thumb Code     0  fdiv.o(.text)
    _fdiv                                    0x00010645   Thumb Code   336  fdiv.o(.text)
    _frdiv                                   0x00010795   Thumb Code     8  fdiv.o(.text)
    __aeabi_f2uiz                            0x000107a5   Thumb Code     0  ffixui.o(.text)
    _ffixu                                   0x000107a5   Thumb Code    48  ffixui.o(.text)
    __aeabi_i2f_normalise                    0x000107d5   Thumb Code    72  fflti.o(.text)
    __aeabi_i2f                              0x0001081d   Thumb Code    16  fflti.o(.text)
    _fflt                                    0x0001081d   Thumb Code     0  fflti.o(.text)
    __aeabi_ui2f                             0x0001082d   Thumb Code     6  fflti.o(.text)
    _ffltu                                   0x0001082d   Thumb Code     0  fflti.o(.text)
    __ARM_scalbnf                            0x00010835   Thumb Code    64  fscalbn.o(.text)
    __rt_locale                              0x00010879   Thumb Code     8  rt_locale_intlibspace.o(.text)
    __aeabi_errno_addr                       0x00010881   Thumb Code     8  rt_errno_addr_intlibspace.o(.text)
    __errno$intlibspace                      0x00010881   Thumb Code     0  rt_errno_addr_intlibspace.o(.text)
    __rt_errno_addr$intlibspace              0x00010881   Thumb Code     0  rt_errno_addr_intlibspace.o(.text)
    _printf_int_common                       0x00010889   Thumb Code   176  _printf_intcommon.o(.text)
    _printf_char_common                      0x00010943   Thumb Code    32  _printf_char_common.o(.text)
    _sputc                                   0x00010969   Thumb Code    10  _sputc.o(.text)
    _printf_cs_common                        0x00010973   Thumb Code    22  _printf_char.o(.text)
    _printf_char                             0x00010989   Thumb Code    16  _printf_char.o(.text)
    _printf_string                           0x00010999   Thumb Code     8  _printf_char.o(.text)
    _printf_char_file                        0x000109a1   Thumb Code    34  _printf_char_file.o(.text)
    _chval                                   0x000109c9   Thumb Code    30  _chval.o(.text)
    __vfscanf_char                           0x000109f5   Thumb Code    28  scanf_char.o(.text)
    _sgetc                                   0x00010a19   Thumb Code    32  _sgetc.o(.text)
    _sbackspace                              0x00010a39   Thumb Code    36  _sgetc.o(.text)
    strtol                                   0x00010a5d   Thumb Code   108  strtol.o(.text)
    __strtok_internal                        0x00010acd   Thumb Code    66  strtok_int.o(.text)
    __rt_udiv10                              0x00010b15   Thumb Code    40  rtudiv10.o(.text)
    __user_libspace                          0x00010b3d   Thumb Code     8  libspace.o(.text)
    __user_perproc_libspace                  0x00010b3d   Thumb Code     0  libspace.o(.text)
    __user_perthread_libspace                0x00010b3d   Thumb Code     0  libspace.o(.text)
    isspace                                  0x00010b45   Thumb Code    18  isspace.o(.text)
    __vfscanf                                0x00010b59   Thumb Code   892  _scanf.o(.text)
    _strtoul                                 0x00010ee5   Thumb Code   166  _strtoul.o(.text)
    strcspn                                  0x00010f8b   Thumb Code    34  strcspn.o(.text)
    strspn                                   0x00010fad   Thumb Code    32  strspn.o(.text)
    __user_setup_stackheap                   0x00010fcd   Thumb Code    62  sys_stackheap_outer.o(.text)
    exit                                     0x0001100b   Thumb Code    12  exit.o(.text)
    __decompress                             0x00011017   Thumb Code     0  __dczerorl2.o(.text)
    __decompress1                            0x00011017   Thumb Code    86  __dczerorl2.o(.text)
    __ARM_common_switch8                     0x0001106d   Thumb Code    26  socket.o(i.__ARM_common_switch8)
    _is_digit                                0x00011087   Thumb Code    14  __printf_wp.o(i._is_digit)
    _get_lc_ctype                            0x00011095   Thumb Code    44  lc_ctype_c.o(locale$$code)
    __aeabi_fadd                             0x000110c1   Thumb Code     0  faddsub.o(x$fpl$fadd)
    _fadd                                    0x000110c1   Thumb Code   134  faddsub.o(x$fpl$fadd)
    __aeabi_frsub                            0x0001114d   Thumb Code     0  faddsub.o(x$fpl$frsb)
    _frsb                                    0x0001114d   Thumb Code    24  faddsub.o(x$fpl$frsb)
    __aeabi_fsub                             0x00011165   Thumb Code     0  faddsub.o(x$fpl$fsub)
    _fsub                                    0x00011165   Thumb Code   204  faddsub.o(x$fpl$fsub)
    __I$use$fp                               0x00011234   Number         0  usenofp.o(x$fpl$usenofp)
    LED_PIN                                  0x0001126c   Data           4  w7500x_board.o(.constdata)
    USER_IO_PIN                              0x000112a8   Data           8  gpiohandler.o(.constdata)
    Region$$Table$$Base                      0x000116b4   Number         0  anon$$obj.o(Region$$Table)
    Region$$Table$$Limit                     0x000116d4   Number         0  anon$$obj.o(Region$$Table)
    __ctype                                  0x000116e1   Data           0  lc_ctype_c.o(locale$$data)
    SystemFrequency                          0x20000000   Data           4  system_w7500x.o(.data)
    SourceFrequency                          0x20000004   Data           4  system_w7500x.o(.data)
    WIZCHIP                                  0x20000020   Data          32  wizchip_conf.o(.data)
    PHY_ADDR                                 0x20000044   Data           4  w7500x_miim.o(.data)
    dhcp_state                               0x20000048   Data           1  dhcp.o(.data)
    dhcp_retry_count                         0x20000049   Data           1  dhcp.o(.data)
    DHCP_SOCKET                              0x2000004a   Data           1  dhcp.o(.data)
    OLD_allocated_ip                         0x2000004b   Data           4  dhcp.o(.data)
    DHCP_allocated_ip                        0x2000004f   Data           4  dhcp.o(.data)
    DHCP_allocated_gw                        0x20000053   Data           4  dhcp.o(.data)
    DHCP_allocated_sn                        0x20000057   Data           4  dhcp.o(.data)
    DHCP_allocated_dns                       0x2000005b   Data           4  dhcp.o(.data)
    dhcp_lease_time                          0x20000060   Data           4  dhcp.o(.data)
    dhcp_tick_1s                             0x20000064   Data           4  dhcp.o(.data)
    dhcp_tick_next                           0x20000068   Data           4  dhcp.o(.data)
    dhcp_ip_assign                           0x2000006c   Data           4  dhcp.o(.data)
    dhcp_ip_update                           0x20000070   Data           4  dhcp.o(.data)
    dhcp_ip_conflict                         0x20000074   Data           4  dhcp.o(.data)
    DHCP_SIP                                 0x20000078   Data           4  dhcp.o(.data)
    DHCP_XID                                 0x2000007c   Data           4  dhcp.o(.data)
    pDHCPMSG                                 0x20000080   Data           4  dhcp.o(.data)
    DHCP_CHADDR                              0x20000084   Data           6  dhcp.o(.data)
    HOST_NAME                                0x2000008a   Data           8  dhcp.o(.data)
    DNS_SOCKET                               0x20000095   Data           1  dns.o(.data)
    DNS_MSGID                                0x20000096   Data           2  dns.o(.data)
    pDNSMSG                                  0x20000098   Data           4  dns.o(.data)
    dns_1s_tick                              0x2000009c   Data           4  dns.o(.data)
    __stdout                                 0x200000a0   Data           4  retarget.o(.data)
    flag_hw_trig_enable                      0x200000a8   Data           1  w7500x_board.o(.data)
    LED_PAD                                  0x200000a9   Data           2  w7500x_board.o(.data)
    LED_PAD_AF                               0x200000ab   Data           2  w7500x_board.o(.data)
    LED_PORT                                 0x200000b0   Data           8  w7500x_board.o(.data)
    phylink_check_time_msec                  0x200000b8   Data           2  w7500x_board.o(.data)
    flag_check_phylink                       0x200000ba   Data           1  w7500x_board.o(.data)
    flag_s2e_application_running             0x200000bb   Data           1  seg.o(.data)
    opmode                                   0x200000bc   Data           1  seg.o(.data)
    enable_inactivity_timer                  0x200000bf   Data           1  seg.o(.data)
    enable_keepalive_timer                   0x200000c0   Data           1  seg.o(.data)
    enable_modeswitch_timer                  0x200000c1   Data           1  seg.o(.data)
    enable_reconnection_timer                0x200000c2   Data           1  seg.o(.data)
    enable_serial_input_timer                0x200000c3   Data           1  seg.o(.data)
    flag_serial_input_time_elapse            0x200000c4   Data           1  seg.o(.data)
    enable_connection_auth_timer             0x200000c5   Data           1  seg.o(.data)
    flag_connect_pw_auth                     0x200000c6   Data           1  seg.o(.data)
    flag_sent_keepalive                      0x200000c7   Data           1  seg.o(.data)
    flag_sent_first_keepalive                0x200000c8   Data           1  seg.o(.data)
    isXON                                    0x200000c9   Data           1  seg.o(.data)
    flag_process_dns_success                 0x200000ca   Data           1  seg.o(.data)
    isSocketOpen_TCPclient                   0x200000cb   Data           1  seg.o(.data)
    tmp_timeflag_for_debug                   0x200000cc   Data           1  seg.o(.data)
    inactivity_time                          0x200000d2   Data           2  seg.o(.data)
    keepalive_time                           0x200000d4   Data           2  seg.o(.data)
    modeswitch_time                          0x200000d6   Data           2  seg.o(.data)
    modeswitch_gap_time                      0x200000d8   Data           2  seg.o(.data)
    reconnection_time                        0x200000da   Data           2  seg.o(.data)
    serial_input_time                        0x200000dc   Data           2  seg.o(.data)
    connection_auth_time                     0x200000de   Data           2  seg.o(.data)
    u2e_size                                 0x200000e0   Data           2  seg.o(.data)
    e2u_size                                 0x200000e2   Data           2  seg.o(.data)
    peerport                                 0x200000e4   Data           2  seg.o(.data)
    s2e_uart_rx_bytecount                    0x200000ec   Data           4  seg.o(.data)
    s2e_uart_tx_bytecount                    0x200000f0   Data           4  seg.o(.data)
    s2e_ether_rx_bytecount                   0x200000f4   Data           4  seg.o(.data)
    s2e_ether_tx_bytecount                   0x200000f8   Data           4  seg.o(.data)
    peerip                                   0x200000fc   Data           4  seg.o(.data)
    peerip_tmp                               0x20000100   Data           4  seg.o(.data)
    str_working                              0x20000104   Data          16  seg.o(.data)
    flag_process_dhcp_success                0x20000114   Data           1  seg.o(.data)
    gSEGCPPRIVILEGE                          0x20000118   Data           1  segcp.o(.data)
    enable_configtool_keepalive_timer        0x20000119   Data           1  segcp.o(.data)
    flag_send_configtool_keepalive           0x2000011a   Data           1  segcp.o(.data)
    configtool_keepalive_time                0x2000011c   Data           2  segcp.o(.data)
    strDEVSTATUS                             0x20000120   Data          28  segcp.o(.data)
    tbSEGCPCMD                               0x2000013c   Data         292  segcp.o(.data)
    tbSEGCPERR                               0x20000260   Data          28  segcp.o(.data)
    flag_ringbuf_full                        0x2000028c   Data           1  uarthandler.o(.data)
    UART_data_irq                            0x2000028d   Data           1  uarthandler.o(.data)
    data_rx_wr                               0x20000292   Data           2  uarthandler.o(.data)
    data_rx_rd                               0x20000294   Data           2  uarthandler.o(.data)
    data_rx_sz                               0x20000296   Data           2  uarthandler.o(.data)
    UART_data                                0x20000298   Data           4  uarthandler.o(.data)
    word_len_table                           0x2000029c   Data           3  uarthandler.o(.data)
    parity_table                             0x200002a0   Data          12  uarthandler.o(.data)
    stop_bit_table                           0x200002ac   Data           2  uarthandler.o(.data)
    flow_ctrl_table                          0x200002b0   Data          12  uarthandler.o(.data)
    uart_if_table                            0x200002bc   Data           8  uarthandler.o(.data)
    enable_fw_update_timer                   0x200002c4   Data           1  devicehandler.o(.data)
    flag_fw_update_timeout                   0x200002c5   Data           1  devicehandler.o(.data)
    enable_fw_from_network_timer             0x200002c6   Data           1  devicehandler.o(.data)
    flag_fw_from_network_timeout             0x200002c7   Data           1  devicehandler.o(.data)
    flag_fw_from_server_failed               0x200002c8   Data           1  devicehandler.o(.data)
    fw_update_time                           0x200002ca   Data           2  devicehandler.o(.data)
    fw_from_network_time                     0x200002cc   Data           2  devicehandler.o(.data)
    USER_IO_ADC_CH                           0x200002dd   Data           4  gpiohandler.o(.data)
    USER_IO_PORT                             0x200002e4   Data          16  gpiohandler.o(.data)
    USER_IO_SEL                              0x200002f4   Data           4  gpiohandler.o(.data)
    USER_IO_TYPE_STR                         0x200002f8   Data           8  gpiohandler.o(.data)
    USER_IO_DIR_STR                          0x20000300   Data           8  gpiohandler.o(.data)
    g_send_buf                               0x2000031c   Data        2048  main.o(.bss)
    g_recv_buf                               0x20000b1c   Data        2048  main.o(.bss)
    data_rx_buf                              0x20001815   Data        4096  uarthandler.o(.bss)
    _random_number_data                      0x20002818   Data         228  rand.o(.bss)
    __libspace_start                         0x200028fc   Data          96  libspace.o(.bss)
    __temporary_stack_top$libspace           0x2000295c   Data           0  libspace.o(.bss)



==============================================================================

Memory Map of the image

  Image Entry point : 0x000070a9

  Load Region LR_IROM1 (Base: 0x00007000, Size: 0x0000aaf0, Max: 0x00020000, ABSOLUTE, COMPRESSED[0x0000a97c])

    Execution Region ER_IROM1 (Base: 0x00007000, Size: 0x0000a7e4, Max: 0x00020000, ABSOLUTE)

    Base Addr    Size         Type   Attr      Idx    E Section Name        Object

    0x00007000   0x000000a8   Data   RO            3    RESET               startup_w7500x.o
    0x000070a8   0x00000008   Code   RO         1208  * !!!main             c_p.l(__main.o)
    0x000070b0   0x0000003c   Code   RO         1440    !!!scatter          c_p.l(__scatter.o)
    0x000070ec   0x0000001c   Code   RO         1442    !!handler_zi        c_p.l(__scatter_zi.o)
    0x00007108   0x00000002   Code   RO         1153    .ARM.Collect$$_printf_percent$$00000000  c_p.l(_printf_percent.o)
    0x0000710a   0x0000000a   Code   RO         1151    .ARM.Collect$$_printf_percent$$00000009  c_p.l(_printf_d.o)
    0x00007114   0x0000000a   Code   RO         1152    .ARM.Collect$$_printf_percent$$0000000A  c_p.l(_printf_u.o)
    0x0000711e   0x0000000a   Code   RO         1150    .ARM.Collect$$_printf_percent$$0000000C  c_p.l(_printf_x.o)
    0x00007128   0x0000000a   Code   RO         1148    .ARM.Collect$$_printf_percent$$00000013  c_p.l(_printf_c.o)
    0x00007132   0x0000000a   Code   RO         1149    .ARM.Collect$$_printf_percent$$00000014  c_p.l(_printf_s.o)
    0x0000713c   0x00000004   Code   RO         1256    .ARM.Collect$$_printf_percent$$00000017  c_p.l(_printf_percent_end.o)
    0x00007140   0x00000002   Code   RO         1370    .ARM.Collect$$libinit$$00000000  c_p.l(libinit.o)
    0x00007142   0x00000004   Code   RO         1272    .ARM.Collect$$libinit$$00000001  c_p.l(libinit2.o)
    0x00007146   0x00000000   Code   RO         1276    .ARM.Collect$$libinit$$00000008  c_p.l(libinit2.o)
    0x00007146   0x00000000   Code   RO         1278    .ARM.Collect$$libinit$$0000000A  c_p.l(libinit2.o)
    0x00007146   0x00000004   Code   RO         1279    .ARM.Collect$$libinit$$0000000B  c_p.l(libinit2.o)
    0x0000714a   0x00000000   Code   RO         1280    .ARM.Collect$$libinit$$0000000C  c_p.l(libinit2.o)
    0x0000714a   0x00000006   Code   RO         1281    .ARM.Collect$$libinit$$0000000D  c_p.l(libinit2.o)
    0x00007150   0x00000000   Code   RO         1283    .ARM.Collect$$libinit$$0000000F  c_p.l(libinit2.o)
    0x00007150   0x0000000c   Code   RO         1284    .ARM.Collect$$libinit$$00000010  c_p.l(libinit2.o)
    0x0000715c   0x00000000   Code   RO         1285    .ARM.Collect$$libinit$$00000011  c_p.l(libinit2.o)
    0x0000715c   0x00000000   Code   RO         1287    .ARM.Collect$$libinit$$00000013  c_p.l(libinit2.o)
    0x0000715c   0x00000000   Code   RO         1289    .ARM.Collect$$libinit$$00000015  c_p.l(libinit2.o)
    0x0000715c   0x00000000   Code   RO         1291    .ARM.Collect$$libinit$$00000017  c_p.l(libinit2.o)
    0x0000715c   0x00000000   Code   RO         1293    .ARM.Collect$$libinit$$00000019  c_p.l(libinit2.o)
    0x0000715c   0x00000000   Code   RO         1295    .ARM.Collect$$libinit$$0000001B  c_p.l(libinit2.o)
    0x0000715c   0x00000000   Code   RO         1297    .ARM.Collect$$libinit$$0000001D  c_p.l(libinit2.o)
    0x0000715c   0x00000000   Code   RO         1299    .ARM.Collect$$libinit$$0000001F  c_p.l(libinit2.o)
    0x0000715c   0x00000000   Code   RO         1301    .ARM.Collect$$libinit$$00000021  c_p.l(libinit2.o)
    0x0000715c   0x00000000   Code   RO         1303    .ARM.Collect$$libinit$$00000023  c_p.l(libinit2.o)
    0x0000715c   0x00000000   Code   RO         1307    .ARM.Collect$$libinit$$0000002A  c_p.l(libinit2.o)
    0x0000715c   0x00000000   Code   RO         1309    .ARM.Collect$$libinit$$0000002C  c_p.l(libinit2.o)
    0x0000715c   0x00000000   Code   RO         1311    .ARM.Collect$$libinit$$0000002E  c_p.l(libinit2.o)
    0x0000715c   0x00000000   Code   RO         1313    .ARM.Collect$$libinit$$00000030  c_p.l(libinit2.o)
    0x0000715c   0x00000002   Code   RO         1314    .ARM.Collect$$libinit$$00000031  c_p.l(libinit2.o)
    0x0000715e   0x00000002   Code   RO         1406    .ARM.Collect$$libshutdown$$00000000  c_p.l(libshutdown.o)
    0x00007160   0x00000000   Code   RO         1423    .ARM.Collect$$libshutdown$$00000003  c_p.l(libshutdown2.o)
    0x00007160   0x00000000   Code   RO         1426    .ARM.Collect$$libshutdown$$00000006  c_p.l(libshutdown2.o)
    0x00007160   0x00000000   Code   RO         1429    .ARM.Collect$$libshutdown$$00000009  c_p.l(libshutdown2.o)
    0x00007160   0x00000000   Code   RO         1431    .ARM.Collect$$libshutdown$$0000000B  c_p.l(libshutdown2.o)
    0x00007160   0x00000000   Code   RO         1434    .ARM.Collect$$libshutdown$$0000000E  c_p.l(libshutdown2.o)
    0x00007160   0x00000002   Code   RO         1435    .ARM.Collect$$libshutdown$$0000000F  c_p.l(libshutdown2.o)
    0x00007162   0x00000000   Code   RO         1231    .ARM.Collect$$rtentry$$00000000  c_p.l(rtentry.o)
    0x00007162   0x00000000   Code   RO         1320    .ARM.Collect$$rtentry$$00000002  c_p.l(rtentry2.o)
    0x00007162   0x00000006   Code   RO         1332    .ARM.Collect$$rtentry$$00000004  c_p.l(rtentry4.o)
    0x00007168   0x00000000   Code   RO         1322    .ARM.Collect$$rtentry$$00000009  c_p.l(rtentry2.o)
    0x00007168   0x00000004   Code   RO         1323    .ARM.Collect$$rtentry$$0000000A  c_p.l(rtentry2.o)
    0x0000716c   0x00000000   Code   RO         1325    .ARM.Collect$$rtentry$$0000000C  c_p.l(rtentry2.o)
    0x0000716c   0x00000008   Code   RO         1326    .ARM.Collect$$rtentry$$0000000D  c_p.l(rtentry2.o)
    0x00007174   0x00000002   Code   RO         1374    .ARM.Collect$$rtexit$$00000000  c_p.l(rtexit.o)
    0x00007176   0x00000000   Code   RO         1390    .ARM.Collect$$rtexit$$00000002  c_p.l(rtexit2.o)
    0x00007176   0x00000004   Code   RO         1391    .ARM.Collect$$rtexit$$00000003  c_p.l(rtexit2.o)
    0x0000717a   0x00000006   Code   RO         1392    .ARM.Collect$$rtexit$$00000004  c_p.l(rtexit2.o)
    0x00007180   0x00000038   Code   RO         1164    .emb_text           c_p.l(rand.o)
    0x000071b8   0x00000038   Code   RO         1186    .emb_text           c_p.l(rt_memcpy.o)
    0x000071f0   0x00000038   Code   RO            4    .text               startup_w7500x.o
    0x00007228   0x000000f4   Code   RO           12    .text               system_w7500x.o
    0x0000731c   0x0000006a   Code   RO           55    .text               w7500x_adc.o
    0x00007386   0x00000002   PAD
    0x00007388   0x00000108   Code   RO           79    .text               w7500x_dualtimer.o
    0x00007490   0x00000318   Code   RO          129    .text               w7500x_gpio.o
    0x000077a8   0x00000274   Code   RO          200    .text               w7500x_uart.o
    0x00007a1c   0x000000b4   Code   RO          248    .text               w7500x_wztoe.o
    0x00007ad0   0x00000ab4   Code   RO          349    .text               socket.o
    0x00008584   0x000005cc   Code   RO          381    .text               wizchip_conf.o
    0x00008b50   0x00000264   Code   RO          415    .text               w7500x_miim.o
    0x00008db4   0x00000bac   Code   RO          442    .text               dhcp.o
    0x00009960   0x000003b0   Code   RO          469    .text               dns.o
    0x00009d10   0x000004e4   Code   RO          506    .text               loopback.o
    0x0000a1f4   0x0000008a   Code   RO          529    .text               dhcp_cb.o
    0x0000a27e   0x00000002   PAD
    0x0000a280   0x00000060   Code   RO          552    .text               w7500x_it.o
    0x0000a2e0   0x00000028   Code   RO          586    .text               retarget.o
    0x0000a308   0x00000c28   Code   RO          620    .text               main.o
    0x0000af30   0x00000194   Code   RO          682    .text               w7500x_board.o
    0x0000b0c4   0x000014b8   Code   RO          712    .text               seg.o
    0x0000c57c   0x000005c8   Code   RO          761    .text               configdata.o
    0x0000cb44   0x000011e8   Code   RO          794    .text               segcp.o
    0x0000dd2c   0x00000258   Code   RO          832    .text               util.o
    0x0000df84   0x00000144   Code   RO          855    .text               flashhandler.o
    0x0000e0c8   0x000000d8   Code   RO          877    .text               storagehandler.o
    0x0000e1a0   0x00000120   Code   RO          897    .text               timerhandler.o
    0x0000e2c0   0x000006a4   Code   RO          926    .text               uarthandler.o
    0x0000e964   0x00000838   Code   RO          969    .text               devicehandler.o
    0x0000f19c   0x0000053c   Code   RO         1000    .text               gpiohandler.o
    0x0000f6d8   0x00000002   Code   RO         1085    .text               c_p.l(use_no_semi.o)
    0x0000f6da   0x00000002   PAD
    0x0000f6dc   0x00000010   Code   RO         1087    .text               c_p.l(rt_ctype_table.o)
    0x0000f6ec   0x0000001e   Code   RO         1089    .text               c_p.l(toupper.o)
    0x0000f70a   0x00000002   PAD
    0x0000f70c   0x0000001c   Code   RO         1091    .text               c_p.l(__2printf.o)
    0x0000f728   0x0000002c   Code   RO         1093    .text               c_p.l(__2sprintf.o)
    0x0000f754   0x0000004e   Code   RO         1101    .text               c_p.l(_printf_pad.o)
    0x0000f7a2   0x00000052   Code   RO         1103    .text               c_p.l(_printf_str.o)
    0x0000f7f4   0x0000006c   Code   RO         1105    .text               c_p.l(_printf_dec.o)
    0x0000f860   0x00000058   Code   RO         1110    .text               c_p.l(_printf_hex_int.o)
    0x0000f8b8   0x00000188   Code   RO         1145    .text               c_p.l(__printf_flags_ss_wp.o)
    0x0000fa40   0x00000040   Code   RO         1154    .text               c_p.l(__0sscanf.o)
    0x0000fa80   0x0000014a   Code   RO         1156    .text               c_p.l(_scanf_int.o)
    0x0000fbca   0x000000e4   Code   RO         1158    .text               c_p.l(_scanf_str.o)
    0x0000fcae   0x0000001a   Code   RO         1160    .text               c_p.l(atoi.o)
    0x0000fcc8   0x0000001a   Code   RO         1162    .text               c_p.l(atol.o)
    0x0000fce2   0x00000002   PAD
    0x0000fce4   0x0000003c   Code   RO         1165    .text               c_p.l(rand.o)
    0x0000fd20   0x00000010   Code   RO         1169    .text               c_p.l(strtok.o)
    0x0000fd30   0x00000014   Code   RO         1172    .text               c_p.l(strchr.o)
    0x0000fd44   0x00000028   Code   RO         1174    .text               c_p.l(strstr.o)
    0x0000fd6c   0x0000005a   Code   RO         1176    .text               c_p.l(memcmp.o)
    0x0000fdc6   0x00000002   PAD
    0x0000fdc8   0x0000004c   Code   RO         1178    .text               c_p.l(strcpy.o)
    0x0000fe14   0x00000044   Code   RO         1180    .text               c_p.l(strlen.o)
    0x0000fe58   0x000000a0   Code   RO         1182    .text               c_p.l(strncmp.o)
    0x0000fef8   0x00000018   Code   RO         1184    .text               c_p.l(strcat.o)
    0x0000ff10   0x00000082   Code   RO         1187    .text               c_p.l(rt_memcpy.o)
    0x0000ff92   0x00000040   Code   RO         1192    .text               c_p.l(rt_memclr.o)
    0x0000ffd2   0x00000002   PAD
    0x0000ffd4   0x0000006c   Code   RO         1194    .text               c_p.l(strncpy.o)
    0x00010040   0x00000088   Code   RO         1196    .text               c_p.l(strcmp.o)
    0x000100c8   0x00000022   Code   RO         1198    .text               c_p.l(uread4.o)
    0x000100ea   0x00000010   Code   RO         1200    .text               c_p.l(uwrite4.o)
    0x000100fa   0x0000015a   Code   RO         1202    .text               c_p.l(aeabi_sdiv.o)
    0x00010254   0x00000006   Code   RO         1206    .text               c_p.l(heapauxi.o)
    0x0001025a   0x00000002   PAD
    0x0001025c   0x00000350   Code   RO         1210    .text               fz_ps.l(daddsub.o)
    0x000105ac   0x00000044   Code   RO         1212    .text               fz_ps.l(dfixui.o)
    0x000105f0   0x00000054   Code   RO         1214    .text               fz_ps.l(f2d.o)
    0x00010644   0x00000160   Code   RO         1222    .text               fz_ps.l(fdiv.o)
    0x000107a4   0x00000030   Code   RO         1225    .text               fz_ps.l(ffixui.o)
    0x000107d4   0x0000005e   Code   RO         1227    .text               fz_ps.l(fflti.o)
    0x00010832   0x00000002   PAD
    0x00010834   0x00000044   Code   RO         1229    .text               fz_ps.l(fscalbn.o)
    0x00010878   0x00000008   Code   RO         1239    .text               c_p.l(rt_locale_intlibspace.o)
    0x00010880   0x00000008   Code   RO         1244    .text               c_p.l(rt_errno_addr_intlibspace.o)
    0x00010888   0x000000b0   Code   RO         1246    .text               c_p.l(_printf_intcommon.o)
    0x00010938   0x00000030   Code   RO         1248    .text               c_p.l(_printf_char_common.o)
    0x00010968   0x0000000a   Code   RO         1250    .text               c_p.l(_sputc.o)
    0x00010972   0x0000002e   Code   RO         1252    .text               c_p.l(_printf_char.o)
    0x000109a0   0x00000028   Code   RO         1254    .text               c_p.l(_printf_char_file.o)
    0x000109c8   0x0000001e   Code   RO         1257    .text               c_p.l(_chval.o)
    0x000109e6   0x00000002   PAD
    0x000109e8   0x00000030   Code   RO         1259    .text               c_p.l(scanf_char.o)
    0x00010a18   0x00000044   Code   RO         1261    .text               c_p.l(_sgetc.o)
    0x00010a5c   0x00000070   Code   RO         1263    .text               c_p.l(strtol.o)
    0x00010acc   0x00000048   Code   RO         1268    .text               c_p.l(strtok_int.o)
    0x00010b14   0x00000028   Code   RO         1270    .text               c_p.l(rtudiv10.o)
    0x00010b3c   0x00000008   Code   RO         1316    .text               c_p.l(libspace.o)
    0x00010b44   0x00000012   Code   RO         1336    .text               c_p.l(isspace.o)
    0x00010b56   0x00000002   PAD
    0x00010b58   0x0000038c   Code   RO         1340    .text               c_p.l(_scanf.o)
    0x00010ee4   0x000000a6   Code   RO         1342    .text               c_p.l(_strtoul.o)
    0x00010f8a   0x00000022   Code   RO         1344    .text               c_p.l(strcspn.o)
    0x00010fac   0x00000020   Code   RO         1346    .text               c_p.l(strspn.o)
    0x00010fcc   0x0000003e   Code   RO         1352    .text               c_p.l(sys_stackheap_outer.o)
    0x0001100a   0x0000000c   Code   RO         1355    .text               c_p.l(exit.o)
    0x00011016   0x00000056   Code   RO         1438    .text               c_p.l(__dczerorl2.o)
    0x0001106c   0x0000001a   Code   RO          367    i.__ARM_common_switch8  socket.o
    0x00011086   0x0000000e   Code   RO         1138    i._is_digit         c_p.l(__printf_wp.o)
    0x00011094   0x0000002c   Code   RO         1266    locale$$code        c_p.l(lc_ctype_c.o)
    0x000110c0   0x0000008c   Code   RO         1216    x$fpl$fadd          fz_ps.l(faddsub.o)
    0x0001114c   0x00000018   Code   RO         1217    x$fpl$frsb          fz_ps.l(faddsub.o)
    0x00011164   0x000000d0   Code   RO         1218    x$fpl$fsub          fz_ps.l(faddsub.o)
    0x00011234   0x00000000   Code   RO         1315    x$fpl$usenofp       fz_ps.l(usenofp.o)
    0x00011234   0x00000038   Data   RO          622    .constdata          main.o
    0x0001126c   0x00000004   Data   RO          683    .constdata          w7500x_board.o
    0x00011270   0x00000038   Data   RO          928    .constdata          uarthandler.o
    0x000112a8   0x00000008   Data   RO         1001    .constdata          gpiohandler.o
    0x000112b0   0x00000028   Data   RO         1111    .constdata          c_p.l(_printf_hex_int.o)
    0x000112d8   0x00000011   Data   RO         1146    .constdata          c_p.l(__printf_flags_ss_wp.o)
    0x000112e9   0x00000040   Data   RO         1223    .constdata          fz_ps.l(fdiv.o)
    0x00011329   0x00000003   PAD
    0x0001132c   0x0000003c   Data   RO          713    .conststring        seg.o
    0x00011368   0x000000d9   Data   RO          714    .conststring        seg.o
    0x00011441   0x00000003   PAD
    0x00011444   0x000001a3   Data   RO          796    .conststring        segcp.o
    0x000115e7   0x00000001   PAD
    0x000115e8   0x0000000e   Data   RO          929    .conststring        uarthandler.o
    0x000115f6   0x00000002   PAD
    0x000115f8   0x0000001c   Data   RO          930    .conststring        uarthandler.o
    0x00011614   0x00000017   Data   RO          931    .conststring        uarthandler.o
    0x0001162b   0x00000001   PAD
    0x0001162c   0x00000066   Data   RO          970    .conststring        devicehandler.o
    0x00011692   0x00000002   PAD
    0x00011694   0x00000010   Data   RO         1003    .conststring        gpiohandler.o
    0x000116a4   0x0000000f   Data   RO         1004    .conststring        gpiohandler.o
    0x000116b3   0x00000001   PAD
    0x000116b4   0x00000020   Data   RO         1436    Region$$Table       anon$$obj.o
    0x000116d4   0x00000110   Data   RO         1265    locale$$data        c_p.l(lc_ctype_c.o)


    Execution Region RW_IRAM1 (Base: 0x20000000, Size: 0x00003560, Max: 0x00004000, ABSOLUTE, COMPRESSED[0x00000198])

    Base Addr    Size         Type   Attr      Idx    E Section Name        Object

    0x20000000   0x00000008   Data   RW           13    .data               system_w7500x.o
    0x20000008   0x0000000e   Data   RW          351    .data               socket.o
    0x20000016   0x00000002   PAD
    0x20000018   0x00000028   Data   RW          382    .data               wizchip_conf.o
    0x20000040   0x00000008   Data   RW          416    .data               w7500x_miim.o
    0x20000048   0x0000004a   Data   RW          443    .data               dhcp.o
    0x20000092   0x00000002   PAD
    0x20000094   0x0000000c   Data   RW          470    .data               dns.o
    0x200000a0   0x00000004   Data   RW          587    .data               retarget.o
    0x200000a4   0x00000004   Data   RW          623    .data               main.o
    0x200000a8   0x00000010   Data   RW          684    .data               w7500x_board.o
    0x200000b8   0x00000002   Data   RW          685    .data               w7500x_board.o
    0x200000ba   0x00000001   Data   RW          686    .data               w7500x_board.o
    0x200000bb   0x00000001   Data   RW          715    .data               seg.o
    0x200000bc   0x00000048   Data   RW          716    .data               seg.o
    0x20000104   0x00000010   Data   RW          717    .data               seg.o
    0x20000114   0x00000001   Data   RW          718    .data               seg.o
    0x20000115   0x00000003   PAD
    0x20000118   0x00000164   Data   RW          797    .data               segcp.o
    0x2000027c   0x00000010   Data   RW          898    .data               timerhandler.o
    0x2000028c   0x00000010   Data   RW          932    .data               uarthandler.o
    0x2000029c   0x00000003   Data   RW          933    .data               uarthandler.o
    0x2000029f   0x00000001   PAD
    0x200002a0   0x0000000c   Data   RW          934    .data               uarthandler.o
    0x200002ac   0x00000002   Data   RW          935    .data               uarthandler.o
    0x200002ae   0x00000002   PAD
    0x200002b0   0x0000000c   Data   RW          936    .data               uarthandler.o
    0x200002bc   0x00000008   Data   RW          937    .data               uarthandler.o
    0x200002c4   0x00000018   Data   RW          971    .data               devicehandler.o
    0x200002dc   0x00000018   Data   RW         1006    .data               gpiohandler.o
    0x200002f4   0x00000004   Data   RW         1007    .data               gpiohandler.o
    0x200002f8   0x00000008   Data   RW         1010    .data               gpiohandler.o
    0x20000300   0x00000008   Data   RW         1011    .data               gpiohandler.o
    0x20000308   0x00000004   Data   RW         1170    .data               c_p.l(strtok.o)
    0x2000030c   0x00000010   Zero   RW          350    .bss                socket.o
    0x2000031c   0x00001000   Zero   RW          621    .bss                main.o
    0x2000131c   0x000000f9   Zero   RW          762    .bss                configdata.o
    0x20001415   0x00000400   Zero   RW          795    .bss                segcp.o
    0x20001815   0x00001000   Zero   RW          927    .bss                uarthandler.o
    0x20002815   0x00000003   PAD
    0x20002818   0x000000e4   Zero   RW         1166    .bss                c_p.l(rand.o)
    0x200028fc   0x00000060   Zero   RW         1317    .bss                c_p.l(libspace.o)
    0x2000295c   0x00000004   PAD
    0x20002960   0x00000400   Zero   RW            2    HEAP                startup_w7500x.o
    0x20002d60   0x00000800   Zero   RW            1    STACK               startup_w7500x.o


==============================================================================

Image component sizes


      Code (inc. data)   RO Data    RW Data    ZI Data      Debug   Object Name

      1480        370          0          0        249       6508   configdata.o
      2104        644        102         24          0      11548   devicehandler.o
      2988         84          0         74          0       9343   dhcp.o
       138          0          0          0          0       3498   dhcp_cb.o
       944         32          0         12          0       5388   dns.o
       324        106          0          0          0       2123   flashhandler.o
      1340         20         39         44          0       7289   gpiohandler.o
      1252        290          0          0          0       2679   loopback.o
      3112       1682         56          4       4096      12677   main.o
        40          0          0          4          0       2982   retarget.o
      5304        706        277         90          0      15353   seg.o
      4584        722        419        356       1024       7577   segcp.o
      2766        102          0         14         16      11441   socket.o
        56         26        168          0       3072        820   startup_w7500x.o
       216         10          0          0          0       1823   storagehandler.o
       244         24          0          8          0      23485   system_w7500x.o
       288         20          0         16          0       2934   timerhandler.o
      1700        204        121         53       4096      14588   uarthandler.o
       600          6          0          0          0       3483   util.o
       106          0          0          0          0       2752   w7500x_adc.o
       404         18          4         19          0       6437   w7500x_board.o
       264          8          0          0          0       5111   w7500x_dualtimer.o
         0          0          0          0          0       2684   w7500x_exti.o
       792         16          0          0          0      10839   w7500x_gpio.o
        96          8          0          0          0       3258   w7500x_it.o
       612         38          0          8          0       3982   w7500x_miim.o
       628         24          0          0          0      12412   w7500x_uart.o
       180         12          0          0          0       2314   w7500x_wztoe.o
      1484         82          0         40          0       9706   wizchip_conf.o

    ----------------------------------------------------------------------
     34050       5254       1228        776      12556     205034   Object Totals
         0          0         32          0          0          0   (incl. Generated)
         4          0         10         10          3          0   (incl. Padding)

    ----------------------------------------------------------------------

      Code (inc. data)   RO Data    RW Data    ZI Data      Debug   Library Member Name

        64         10          0          0          0         84   __0sscanf.o
        28          6          0          0          0         84   __2printf.o
        44          4          0          0          0         84   __2sprintf.o
        86          0          0          0          0          0   __dczerorl2.o
         8          0          0          0          0         68   __main.o
       392          6         17          0          0         76   __printf_flags_ss_wp.o
        14          0          0          0          0         60   __printf_wp.o
        60          8          0          0          0          0   __scatter.o
        28          0          0          0          0          0   __scatter_zi.o
        30          0          0          0          0         60   _chval.o
        10          0          0          0          0          0   _printf_c.o
        46          0          0          0          0        100   _printf_char.o
        48          6          0          0          0         88   _printf_char_common.o
        40          6          0          0          0         72   _printf_char_file.o
        10          0          0          0          0          0   _printf_d.o
       108         18          0          0          0         76   _printf_dec.o
        88          4         40          0          0         72   _printf_hex_int.o
       176          0          0          0          0         84   _printf_intcommon.o
        78          0          0          0          0        100   _printf_pad.o
         2          0          0          0          0          0   _printf_percent.o
         4          0          0          0          0          0   _printf_percent_end.o
        10          0          0          0          0          0   _printf_s.o
        82          0          0          0          0         72   _printf_str.o
        10          0          0          0          0          0   _printf_u.o
        10          0          0          0          0          0   _printf_x.o
       908         16          0          0          0         84   _scanf.o
       330          0          0          0          0         84   _scanf_int.o
       228          0          0          0          0         84   _scanf_str.o
        68          0          0          0          0         76   _sgetc.o
        10          0          0          0          0         60   _sputc.o
       166          0          0          0          0         84   _strtoul.o
       346          0          0          0          0         92   aeabi_sdiv.o
        26          0          0          0          0         72   atoi.o
        26          0          0          0          0         72   atol.o
        12          0          0          0          0         64   exit.o
         6          0          0          0          0        136   heapauxi.o
        18          0          0          0          0         68   isspace.o
        44         10        272          0          0         76   lc_ctype_c.o
         2          0          0          0          0          0   libinit.o
        28          0          0          0          0          0   libinit2.o
         2          0          0          0          0          0   libshutdown.o
         2          0          0          0          0          0   libshutdown2.o
         8          4          0          0         96         68   libspace.o
        90          0          0          0          0         68   memcmp.o
       116         16          0          0        228        156   rand.o
        16          4          0          0          0         76   rt_ctype_table.o
         8          4          0          0          0         68   rt_errno_addr_intlibspace.o
         8          4          0          0          0         68   rt_locale_intlibspace.o
        64          0          0          0          0        108   rt_memclr.o
       186          0          0          0          0        144   rt_memcpy.o
         0          0          0          0          0          0   rtentry.o
        12          0          0          0          0          0   rtentry2.o
         6          0          0          0          0          0   rtentry4.o
         2          0          0          0          0          0   rtexit.o
        10          0          0          0          0          0   rtexit2.o
        40          0          0          0          0         60   rtudiv10.o
        48          8          0          0          0         84   scanf_char.o
        24          0          0          0          0         60   strcat.o
        20          0          0          0          0         60   strchr.o
       136          4          0          0          0         72   strcmp.o
        76          6          0          0          0         72   strcpy.o
        34          0          0          0          0         72   strcspn.o
        68          6          0          0          0         72   strlen.o
       160          6          0          0          0         76   strncmp.o
       108          4          0          0          0         76   strncpy.o
        32          0          0          0          0         72   strspn.o
        40          0          0          0          0         72   strstr.o
        16          6          0          4          0         68   strtok.o
        72          6          0          0          0         76   strtok_int.o
       112          4          0          0          0         76   strtol.o
        62          0          0          0          0         80   sys_stackheap_outer.o
        30          0          0          0          0         68   toupper.o
        34          0          0          0          0         60   uread4.o
         2          0          0          0          0         68   use_no_semi.o
        16          0          0          0          0         60   uwrite4.o
       848         20          0          0          0        228   daddsub.o
        68          4          0          0          0         68   dfixui.o
        84          4          0          0          0         60   f2d.o
       372          8          0          0          0        240   faddsub.o
       352          8         64          0          0         88   fdiv.o
        48          0          0          0          0         60   ffixui.o
        94          0          0          0          0         92   fflti.o
        68          4          0          0          0         68   fscalbn.o
         0          0          0          0          0          0   usenofp.o

    ----------------------------------------------------------------------
      7306        224        396          4        328       5296   Library Totals
        18          0          3          0          4          0   (incl. Padding)

    ----------------------------------------------------------------------

      Code (inc. data)   RO Data    RW Data    ZI Data      Debug   Library Name

      5354        176        329          4        324       4392   c_p.l
      1934         48         64          0          0        904   fz_ps.l

    ----------------------------------------------------------------------
      7306        224        396          4        328       5296   Library Totals

    ----------------------------------------------------------------------

==============================================================================


      Code (inc. data)   RO Data    RW Data    ZI Data      Debug   

     41356       5478       1624        780      12884     204310   Grand Totals
     41356       5478       1624        408      12884     204310   ELF Image Totals (compressed)
     41356       5478       1624        408          0          0   ROM Totals

==============================================================================

    Total RO  Size (Code + RO Data)                42980 (  41.97kB)
    Total RW  Size (RW Data + ZI Data)             13664 (  13.34kB)
    Total ROM Size (Code + RO Data + RW Data)      43388 (  42.37kB)

==============================================================================

